Archive member included to satisfy reference by file (symbol)

/usr/lib/gcc/arm-none-eabi/10.3.1/thumb/v6-m/nofp/libgcc.a(_dvmd_tls.o)
                              CMakeFiles/msthora.dir/home/igor/pico/pico-sdk/src/rp2_common/pico_divider/divider.S.obj (__aeabi_idiv0)
/usr/lib/gcc/arm-none-eabi/10.3.1/../../../arm-none-eabi/lib/thumb/v6-m/nofp/libc.a(lib_a-atexit.o)
                              /usr/lib/gcc/arm-none-eabi/10.3.1/../../../arm-none-eabi/lib/thumb/v6-m/nofp/crt0.o (atexit)
/usr/lib/gcc/arm-none-eabi/10.3.1/../../../arm-none-eabi/lib/thumb/v6-m/nofp/libc.a(lib_a-calloc.o)
                              CMakeFiles/msthora.dir/home/igor/pico/pico-sdk/src/rp2_common/pico_malloc/pico_malloc.c.obj (calloc)
/usr/lib/gcc/arm-none-eabi/10.3.1/../../../arm-none-eabi/lib/thumb/v6-m/nofp/libc.a(lib_a-callocr.o)
                              /usr/lib/gcc/arm-none-eabi/10.3.1/../../../arm-none-eabi/lib/thumb/v6-m/nofp/libc.a(lib_a-calloc.o) (_calloc_r)
/usr/lib/gcc/arm-none-eabi/10.3.1/../../../arm-none-eabi/lib/thumb/v6-m/nofp/libc.a(lib_a-fini.o)
                              /usr/lib/gcc/arm-none-eabi/10.3.1/../../../arm-none-eabi/lib/thumb/v6-m/nofp/crt0.o (__libc_fini_array)
/usr/lib/gcc/arm-none-eabi/10.3.1/../../../arm-none-eabi/lib/thumb/v6-m/nofp/libc.a(lib_a-impure.o)
                              /usr/lib/gcc/arm-none-eabi/10.3.1/../../../arm-none-eabi/lib/thumb/v6-m/nofp/libc.a(lib_a-calloc.o) (_impure_ptr)
/usr/lib/gcc/arm-none-eabi/10.3.1/../../../arm-none-eabi/lib/thumb/v6-m/nofp/libc.a(lib_a-init.o)
                              /usr/lib/gcc/arm-none-eabi/10.3.1/../../../arm-none-eabi/lib/thumb/v6-m/nofp/crt0.o (__libc_init_array)
/usr/lib/gcc/arm-none-eabi/10.3.1/../../../arm-none-eabi/lib/thumb/v6-m/nofp/libc.a(lib_a-malloc.o)
                              CMakeFiles/msthora.dir/home/igor/pico/pico-sdk/src/rp2_common/pico_malloc/pico_malloc.c.obj (malloc)
/usr/lib/gcc/arm-none-eabi/10.3.1/../../../arm-none-eabi/lib/thumb/v6-m/nofp/libc.a(lib_a-mallocr.o)
                              /usr/lib/gcc/arm-none-eabi/10.3.1/../../../arm-none-eabi/lib/thumb/v6-m/nofp/libc.a(lib_a-callocr.o) (_malloc_r)
/usr/lib/gcc/arm-none-eabi/10.3.1/../../../arm-none-eabi/lib/thumb/v6-m/nofp/libc.a(lib_a-memcmp.o)
                              CMakeFiles/msthora.dir/datetime_utils.c.obj (memcmp)
/usr/lib/gcc/arm-none-eabi/10.3.1/../../../arm-none-eabi/lib/thumb/v6-m/nofp/libc.a(lib_a-mlock.o)
                              /usr/lib/gcc/arm-none-eabi/10.3.1/../../../arm-none-eabi/lib/thumb/v6-m/nofp/libc.a(lib_a-mallocr.o) (__malloc_lock)
/usr/lib/gcc/arm-none-eabi/10.3.1/../../../arm-none-eabi/lib/thumb/v6-m/nofp/libc.a(lib_a-realloc.o)
                              CMakeFiles/msthora.dir/home/igor/pico/pico-sdk/src/rp2_common/pico_malloc/pico_malloc.c.obj (realloc)
/usr/lib/gcc/arm-none-eabi/10.3.1/../../../arm-none-eabi/lib/thumb/v6-m/nofp/libc.a(lib_a-reallocr.o)
                              /usr/lib/gcc/arm-none-eabi/10.3.1/../../../arm-none-eabi/lib/thumb/v6-m/nofp/libc.a(lib_a-realloc.o) (_realloc_r)
/usr/lib/gcc/arm-none-eabi/10.3.1/../../../arm-none-eabi/lib/thumb/v6-m/nofp/libc.a(lib_a-sbrkr.o)
                              /usr/lib/gcc/arm-none-eabi/10.3.1/../../../arm-none-eabi/lib/thumb/v6-m/nofp/libc.a(lib_a-mallocr.o) (_sbrk_r)
/usr/lib/gcc/arm-none-eabi/10.3.1/../../../arm-none-eabi/lib/thumb/v6-m/nofp/libc.a(lib_a-strcmp.o)
                              CMakeFiles/msthora.dir/cli_func.c.obj (strcmp)
/usr/lib/gcc/arm-none-eabi/10.3.1/../../../arm-none-eabi/lib/thumb/v6-m/nofp/libc.a(lib_a-strlen-stub.o)
                              CMakeFiles/msthora.dir/uart_drv.c.obj (strlen)
/usr/lib/gcc/arm-none-eabi/10.3.1/../../../arm-none-eabi/lib/thumb/v6-m/nofp/libc.a(lib_a-strncmp.o)
                              CMakeFiles/msthora.dir/cli.c.obj (strncmp)
/usr/lib/gcc/arm-none-eabi/10.3.1/../../../arm-none-eabi/lib/thumb/v6-m/nofp/libc.a(lib_a-__atexit.o)
                              /usr/lib/gcc/arm-none-eabi/10.3.1/../../../arm-none-eabi/lib/thumb/v6-m/nofp/libc.a(lib_a-atexit.o) (__register_exitproc)
/usr/lib/gcc/arm-none-eabi/10.3.1/../../../arm-none-eabi/lib/thumb/v6-m/nofp/libc.a(lib_a-freer.o)
                              /usr/lib/gcc/arm-none-eabi/10.3.1/../../../arm-none-eabi/lib/thumb/v6-m/nofp/libc.a(lib_a-malloc.o) (_free_r)
/usr/lib/gcc/arm-none-eabi/10.3.1/../../../arm-none-eabi/lib/thumb/v6-m/nofp/libc.a(lib_a-memmove.o)
                              /usr/lib/gcc/arm-none-eabi/10.3.1/../../../arm-none-eabi/lib/thumb/v6-m/nofp/libc.a(lib_a-reallocr.o) (memmove)
/usr/lib/gcc/arm-none-eabi/10.3.1/../../../arm-none-eabi/lib/thumb/v6-m/nofp/libc.a(lib_a-reent.o)
                              /usr/lib/gcc/arm-none-eabi/10.3.1/../../../arm-none-eabi/lib/thumb/v6-m/nofp/libc.a(lib_a-sbrkr.o) (errno)

Discarded input sections

 .text          0x0000000000000000        0x0 /usr/lib/gcc/arm-none-eabi/10.3.1/thumb/v6-m/nofp/crti.o
[...]
Memory Configuration

Name             Origin             Length             Attributes
FLASH            0x0000000010000000 0x0000000000200000 xr
RAM              0x0000000020000000 0x0000000000040000 xrw
SCRATCH_X        0x0000000020040000 0x0000000000001000 xrw
SCRATCH_Y        0x0000000020041000 0x0000000000001000 xrw
*default*        0x0000000000000000 0xffffffffffffffff

Linker script and memory map

LOAD /usr/lib/gcc/arm-none-eabi/10.3.1/thumb/v6-m/nofp/crti.o
LOAD /usr/lib/gcc/arm-none-eabi/10.3.1/thumb/v6-m/nofp/crtbegin.o
LOAD /usr/lib/gcc/arm-none-eabi/10.3.1/../../../arm-none-eabi/lib/thumb/v6-m/nofp/crt0.o

.flash_begin    0x0000000010000000        0x0
                0x0000000010000000                __flash_binary_start = .

.boot2          0x0000000010000000      0x100
                0x0000000010000000                __boot2_start__ = .
 *(.boot2)
 .boot2         0x0000000010000000      0x100 /tmp/ccYgcynW.o
                0x0000000010000100                __boot2_end__ = .
                0x0000000000000001                ASSERT (((__boot2_end__ - __boot2_start__) == 0x100), ERROR: Pico second stage bootloader must be 256 bytes in size)

.text           0x0000000010000100     0x8630
                0x0000000010000100                __logical_binary_start = .
 *(.vectors)
 .vectors       0x0000000010000100       0xd4 CMakeFiles/msthora.dir/home/igor/pico/pico-sdk/src/rp2_common/pico_standard_link/crt0.S.obj
                0x0000000010000100                __vectors
                0x0000000010000100                __VECTOR_TABLE
                0x00000000100001c0                isr_invalid
                0x00000000100001c0                __default_isrs_start
                0x00000000100001c2                isr_nmi
                0x00000000100001c4                isr_hardfault
                0x00000000100001c6                isr_svcall
                0x00000000100001c8                isr_pendsv
                0x00000000100001ca                isr_systick
                0x00000000100001cc                isr_irq30
                0x00000000100001cc                __unhandled_user_irq
                0x00000000100001cc                isr_irq13
                0x00000000100001cc                isr_irq27
                0x00000000100001cc                isr_irq31
                0x00000000100001cc                isr_irq5
                0x00000000100001cc                isr_irq11
                0x00000000100001cc                isr_irq23
                0x00000000100001cc                isr_irq18
                0x00000000100001cc                isr_irq28
                0x00000000100001cc                isr_irq19
                0x00000000100001cc                isr_irq0
                0x00000000100001cc                isr_irq6
                0x00000000100001cc                isr_irq22
                0x00000000100001cc                isr_irq17
                0x00000000100001cc                isr_irq14
                0x00000000100001cc                isr_irq2
                0x00000000100001cc                isr_irq10
                0x00000000100001cc                isr_irq8
                0x00000000100001cc                isr_irq24
                0x00000000100001cc                isr_irq1
                0x00000000100001cc                isr_irq7
                0x00000000100001cc                isr_irq21
                0x00000000100001cc                isr_irq20
                0x00000000100001cc                isr_irq15
                0x00000000100001cc                isr_irq25
                0x00000000100001cc                isr_irq4
                0x00000000100001cc                isr_irq16
                0x00000000100001cc                isr_irq29
                0x00000000100001cc                isr_irq26
                0x00000000100001cc                __default_isrs_end
                0x00000000100001cc                isr_irq3
                0x00000000100001cc                isr_irq12
                0x00000000100001cc                isr_irq9
                0x00000000100001d2                unhandled_user_irq_num_in_r0
 *(.binary_info_header)
 .binary_info_header
                0x00000000100001d4       0x14 CMakeFiles/msthora.dir/home/igor/pico/pico-sdk/src/rp2_common/pico_standard_link/crt0.S.obj
                0x00000000100001e8                __binary_info_header_end = .
 *(.reset)
 .reset         0x00000000100001e8       0xa0 CMakeFiles/msthora.dir/home/igor/pico/pico-sdk/src/rp2_common/pico_standard_link/crt0.S.obj
                0x00000000100001e8                _entry_point
 .reset         0x0000000010000288       0x30 CMakeFiles/msthora.dir/home/igor/pico/pico-sdk/src/rp2_common/pico_standard_link/binary_info.c.obj
 *(.init)
 .init          0x00000000100002b8        0x4 /usr/lib/gcc/arm-none-eabi/10.3.1/thumb/v6-m/nofp/crti.o
                0x00000000100002b8                _init
 *(EXCLUDE_FILE(*libm.a: *libc.a:*lib_a-mem*.o *libgcc.a:) .text*)
 .text          0x00000000100002bc       0x98 /usr/lib/gcc/arm-none-eabi/10.3.1/thumb/v6-m/nofp/crtbegin.o
 .text.get_diff_ustime
                0x0000000010000354        0xc CMakeFiles/msthora.dir/ustime.c.obj
                0x0000000010000354                get_diff_ustime
 .text.get_diff_s_time
                0x0000000010000360        0xc CMakeFiles/msthora.dir/ustime.c.obj
                0x0000000010000360                get_diff_s_time
 .text.utils_extract_int
                0x000000001000036c       0x74 CMakeFiles/msthora.dir/utils.c.obj
                0x000000001000036c                utils_extract_int
 .text.utils_get_int
                0x00000000100003e0      0x130 CMakeFiles/msthora.dir/utils.c.obj
                0x00000000100003e0                utils_get_int
 .text.utils_get_long
                0x0000000010000510      0x130 CMakeFiles/msthora.dir/utils.c.obj
                0x0000000010000510                utils_get_long
 .text.bcd_to_int8
                0x0000000010000640       0x24 CMakeFiles/msthora.dir/utils.c.obj
                0x0000000010000640                bcd_to_int8
 .text.int8_to_bcd
                0x0000000010000664       0x1c CMakeFiles/msthora.dir/utils.c.obj
                0x0000000010000664                int8_to_bcd
 .text.m_filter_int_init
                0x0000000010000680        0xc CMakeFiles/msthora.dir/utils.c.obj
                0x0000000010000680                m_filter_int_init
 .text.m_filter_int_add_val
                0x000000001000068c       0x64 CMakeFiles/msthora.dir/utils.c.obj
                0x000000001000068c                m_filter_int_add_val
 .text.gpio_drv_init
                0x00000000100006f0       0xa4 CMakeFiles/msthora.dir/gpio_drv.c.obj
                0x00000000100006f0                gpio_drv_init
 .text.uart_drv_irq
                0x0000000010000794      0x14c CMakeFiles/msthora.dir/uart_drv.c.obj
                0x0000000010000794                uart_drv_irq
 .text.uart_drv_init
                0x00000000100008e0       0xb0 CMakeFiles/msthora.dir/uart_drv.c.obj
                0x00000000100008e0                uart_drv_init
 .text.uart_drv_puts
                0x0000000010000990      0x108 CMakeFiles/msthora.dir/uart_drv.c.obj
                0x0000000010000990                uart_drv_puts
 .text.uart_drv_getRx
                0x0000000010000a98       0x34 CMakeFiles/msthora.dir/uart_drv.c.obj
                0x0000000010000a98                uart_drv_getRx
 .text.io_printf.constprop.0
                0x0000000010000acc       0x28 CMakeFiles/msthora.dir/in_out.c.obj
 .text.io_printf.constprop.1
                0x0000000010000af4       0x28 CMakeFiles/msthora.dir/in_out.c.obj
 .text.io_init  0x0000000010000b1c        0x8 CMakeFiles/msthora.dir/in_out.c.obj
                0x0000000010000b1c                io_init
 .text.io_gets  0x0000000010000b24        0x8 CMakeFiles/msthora.dir/in_out.c.obj
                0x0000000010000b24                io_gets
 .text.io_puts  0x0000000010000b2c        0x8 CMakeFiles/msthora.dir/in_out.c.obj
                0x0000000010000b2c                io_puts
 .text.io_printf
                0x0000000010000b34       0x28 CMakeFiles/msthora.dir/in_out.c.obj
                0x0000000010000b34                io_printf
 .text.io_dump  0x0000000010000b5c       0x90 CMakeFiles/msthora.dir/in_out.c.obj
                0x0000000010000b5c                io_dump
 .text.cli_init
                0x0000000010000bec       0x40 CMakeFiles/msthora.dir/cli.c.obj
                0x0000000010000bec                cli_init
 .text.cli_poll
                0x0000000010000c2c      0x15c CMakeFiles/msthora.dir/cli.c.obj
                0x0000000010000c2c                cli_poll
 .text.cli_add_func
                0x0000000010000d88       0x30 CMakeFiles/msthora.dir/cli.c.obj
                0x0000000010000d88                cli_add_func
 .text.cli_func_list
                0x0000000010000db8       0x38 CMakeFiles/msthora.dir/cli.c.obj
                0x0000000010000db8                cli_func_list
 .text.cli_func_help
                0x0000000010000df0        0xc CMakeFiles/msthora.dir/cli_func.c.obj
                0x0000000010000df0                cli_func_help
 .text.cli_func_dummy
                0x0000000010000dfc       0x5c CMakeFiles/msthora.dir/cli_func.c.obj
                0x0000000010000dfc                cli_func_dummy
 .text.cli_func_systime
                0x0000000010000e58       0x10 CMakeFiles/msthora.dir/cli_func.c.obj
                0x0000000010000e58                cli_func_systime
 .text.cli_func_test_mem_callback
                0x0000000010000e68       0x20 CMakeFiles/msthora.dir/cli_func.c.obj
                0x0000000010000e68                cli_func_test_mem_callback
 .text.cli_func_bh1750_init_callback
                0x0000000010000e88       0x20 CMakeFiles/msthora.dir/cli_func.c.obj
                0x0000000010000e88                cli_func_bh1750_init_callback
 .text.cli_func_rtc_read
                0x0000000010000ea8       0x18 CMakeFiles/msthora.dir/cli_func.c.obj
                0x0000000010000ea8                cli_func_rtc_read
 .text.cli_func_rtcint_read
                0x0000000010000ec0       0x64 CMakeFiles/msthora.dir/cli_func.c.obj
                0x0000000010000ec0                cli_func_rtcint_read
 .text.cli_func_test_mem
                0x0000000010000f24       0xec CMakeFiles/msthora.dir/cli_func.c.obj
                0x0000000010000f24                cli_func_test_mem
 .text.cli_func_bh1750_init
                0x0000000010001010       0x18 CMakeFiles/msthora.dir/cli_func.c.obj
                0x0000000010001010                cli_func_bh1750_init
 .text.cli_func_bh1750_read
                0x0000000010001028       0x18 CMakeFiles/msthora.dir/cli_func.c.obj
                0x0000000010001028                cli_func_bh1750_read
 .text.cli_func_dcf77
                0x0000000010001040       0x18 CMakeFiles/msthora.dir/cli_func.c.obj
                0x0000000010001040                cli_func_dcf77
 .text.cli_func_test
                0x0000000010001058       0x3c CMakeFiles/msthora.dir/cli_func.c.obj
                0x0000000010001058                cli_func_test
 .text.cli_func_display
                0x0000000010001094       0x40 CMakeFiles/msthora.dir/cli_func.c.obj
                0x0000000010001094                cli_func_display
 .text.cli_func_memdump
                0x00000000100010d4       0x4c CMakeFiles/msthora.dir/cli_func.c.obj
                0x00000000100010d4                cli_func_memdump
 .text.cli_func_rtc_set_callback
                0x0000000010001120       0x24 CMakeFiles/msthora.dir/cli_func.c.obj
                0x0000000010001120                cli_func_rtc_set_callback
 .text.cli_func_rtc_read_callback
                0x0000000010001144       0x7c CMakeFiles/msthora.dir/cli_func.c.obj
                0x0000000010001144                cli_func_rtc_read_callback
 .text.cli_func_rtc_set
                0x00000000100011c0       0xbc CMakeFiles/msthora.dir/cli_func.c.obj
                0x00000000100011c0                cli_func_rtc_set
 .text.cli_func_rtcint_set
                0x000000001000127c       0xd4 CMakeFiles/msthora.dir/cli_func.c.obj
                0x000000001000127c                cli_func_rtcint_set
 .text.cli_func_bh1750_read_callback
                0x0000000010001350       0x28 CMakeFiles/msthora.dir/cli_func.c.obj
                0x0000000010001350                cli_func_bh1750_read_callback
 .text.cli_func_intens
                0x0000000010001378       0x44 CMakeFiles/msthora.dir/cli_func.c.obj
                0x0000000010001378                cli_func_intens
 .text.cli_func_regdump
                0x00000000100013bc       0x30 CMakeFiles/msthora.dir/cli_func.c.obj
                0x00000000100013bc                cli_func_regdump
 .text.cli_func_init
                0x00000000100013ec      0x18c CMakeFiles/msthora.dir/cli_func.c.obj
                0x00000000100013ec                cli_func_init
 .text.spi_drv_irq
                0x0000000010001578       0xb8 CMakeFiles/msthora.dir/spi_drv.c.obj
                0x0000000010001578                spi_drv_irq
 .text.spi_drv_init
                0x0000000010001630       0x58 CMakeFiles/msthora.dir/spi_drv.c.obj
                0x0000000010001630                spi_drv_init
 .text.spi_drv_send
                0x0000000010001688       0x80 CMakeFiles/msthora.dir/spi_drv.c.obj
                0x0000000010001688                spi_drv_send
 .text.spi_drv_is_busy
                0x0000000010001708        0xc CMakeFiles/msthora.dir/spi_drv.c.obj
                0x0000000010001708                spi_drv_is_busy
 .text.i2c_drv_irq
                0x0000000010001714      0x144 CMakeFiles/msthora.dir/i2c_drv.c.obj
                0x0000000010001714                i2c_drv_irq
 .text.i2c_drv_init
                0x0000000010001858       0x68 CMakeFiles/msthora.dir/i2c_drv.c.obj
                0x0000000010001858                i2c_drv_init
 .text.i2c_drv_set_utime_func
                0x00000000100018c0        0xc CMakeFiles/msthora.dir/i2c_drv.c.obj
                0x00000000100018c0                i2c_drv_set_utime_func
 .text.i2c_drv_transfer_start
                0x00000000100018cc       0xf0 CMakeFiles/msthora.dir/i2c_drv.c.obj
                0x00000000100018cc                i2c_drv_transfer_start
 .text.i2c_drv_poll_state
                0x00000000100019bc       0x50 CMakeFiles/msthora.dir/i2c_drv.c.obj
                0x00000000100019bc                i2c_drv_poll_state
 .text.i2c_drv_get_rx_data
                0x0000000010001a0c       0x4c CMakeFiles/msthora.dir/i2c_drv.c.obj
                0x0000000010001a0c                i2c_drv_get_rx_data
 .text.i2c_drv_get_abort_source
                0x0000000010001a58       0x10 CMakeFiles/msthora.dir/i2c_drv.c.obj
                0x0000000010001a58                i2c_drv_get_abort_source
 .text.i2c_mem_read_start
                0x0000000010001a68       0x7c CMakeFiles/msthora.dir/i2c_mem.c.obj
                0x0000000010001a68                i2c_mem_read_start
 .text.i2c_mem_read_poll
                0x0000000010001ae4      0x118 CMakeFiles/msthora.dir/i2c_mem.c.obj
                0x0000000010001ae4                i2c_mem_read_poll
 .text.i2c_mem_write_start
                0x0000000010001bfc       0x88 CMakeFiles/msthora.dir/i2c_mem.c.obj
                0x0000000010001bfc                i2c_mem_write_start
 .text.i2c_mem_write_poll
                0x0000000010001c84      0x120 CMakeFiles/msthora.dir/i2c_mem.c.obj
                0x0000000010001c84                i2c_mem_write_poll
 .text.data_pattern.constprop.0
                0x0000000010001da4       0xc0 CMakeFiles/msthora.dir/test_mem.c.obj
 .text.test_mem_init
                0x0000000010001e64        0x4 CMakeFiles/msthora.dir/test_mem.c.obj
                0x0000000010001e64                test_mem_init
 .text.test_mem_poll
                0x0000000010001e68      0x498 CMakeFiles/msthora.dir/test_mem.c.obj
                0x0000000010001e68                test_mem_poll
 .text.test_mem_is_error
                0x0000000010002300       0x10 CMakeFiles/msthora.dir/test_mem.c.obj
                0x0000000010002300                test_mem_is_error
 .text.test_mem_req
                0x0000000010002310       0x14 CMakeFiles/msthora.dir/test_mem.c.obj
                0x0000000010002310                test_mem_req
 .text.datetime_time_from_text
                0x0000000010002324       0xa4 CMakeFiles/msthora.dir/datetime_utils.c.obj
                0x0000000010002324                datetime_time_from_text
 .text.datetime_date_from_text
                0x00000000100023c8       0xb0 CMakeFiles/msthora.dir/datetime_utils.c.obj
                0x00000000100023c8                datetime_date_from_text
 .text.datetime_is_valid_time
                0x0000000010002478       0x28 CMakeFiles/msthora.dir/datetime_utils.c.obj
                0x0000000010002478                datetime_is_valid_time
 .text.datetime_is_valid_date
                0x00000000100024a0       0x30 CMakeFiles/msthora.dir/datetime_utils.c.obj
                0x00000000100024a0                datetime_is_valid_date
 .text.datetime_is_valid
                0x00000000100024d0       0x44 CMakeFiles/msthora.dir/datetime_utils.c.obj
                0x00000000100024d0                datetime_is_valid
 .text.datetime_copy_time
                0x0000000010002514       0x20 CMakeFiles/msthora.dir/datetime_utils.c.obj
                0x0000000010002514                datetime_copy_time
 .text.datetime_copy_date
                0x0000000010002534       0x1c CMakeFiles/msthora.dir/datetime_utils.c.obj
                0x0000000010002534                datetime_copy_date
 .text.datetime_clear
                0x0000000010002550       0x18 CMakeFiles/msthora.dir/datetime_utils.c.obj
                0x0000000010002550                datetime_clear
 .text.datetime_copy
                0x0000000010002568       0x14 CMakeFiles/msthora.dir/datetime_utils.c.obj
                0x0000000010002568                datetime_copy
 .text.datetime_date_compare
                0x000000001000257c       0x40 CMakeFiles/msthora.dir/datetime_utils.c.obj
                0x000000001000257c                datetime_date_compare
 .text.datetime_time_diff
                0x00000000100025bc       0x48 CMakeFiles/msthora.dir/datetime_utils.c.obj
                0x00000000100025bc                datetime_time_diff
 .text.i2c_rtc_init
                0x0000000010002604        0x4 CMakeFiles/msthora.dir/i2c_rtc.c.obj
                0x0000000010002604                i2c_rtc_init
 .text.i2c_rtc_read_start
                0x0000000010002608       0x20 CMakeFiles/msthora.dir/i2c_rtc.c.obj
                0x0000000010002608                i2c_rtc_read_start
 .text.i2c_rtc_read_poll
                0x0000000010002628       0xbc CMakeFiles/msthora.dir/i2c_rtc.c.obj
                0x0000000010002628                i2c_rtc_read_poll
 .text.i2c_rtc_write_start
                0x00000000100026e4       0x84 CMakeFiles/msthora.dir/i2c_rtc.c.obj
                0x00000000100026e4                i2c_rtc_write_start
 .text.i2c_rtc_write_poll
                0x0000000010002768       0x18 CMakeFiles/msthora.dir/i2c_rtc.c.obj
                0x0000000010002768                i2c_rtc_write_poll
 .text.i2c_rtc_get_datetime
                0x0000000010002780        0x8 CMakeFiles/msthora.dir/i2c_rtc.c.obj
                0x0000000010002780                i2c_rtc_get_datetime
 .text.i2c_bh1750_init
                0x0000000010002788        0x4 CMakeFiles/msthora.dir/i2c_bh1750.c.obj
                0x0000000010002788                i2c_bh1750_init
 .text.i2c_bh1750_cmd_start
                0x000000001000278c       0x20 CMakeFiles/msthora.dir/i2c_bh1750.c.obj
                0x000000001000278c                i2c_bh1750_cmd_start
 .text.i2c_bh1750_cmd_poll
                0x00000000100027ac       0x18 CMakeFiles/msthora.dir/i2c_bh1750.c.obj
                0x00000000100027ac                i2c_bh1750_cmd_poll
 .text.i2c_bh1750_read_start
                0x00000000100027c4       0x18 CMakeFiles/msthora.dir/i2c_bh1750.c.obj
                0x00000000100027c4                i2c_bh1750_read_start
 .text.i2c_bh1750_read_poll
                0x00000000100027dc       0x50 CMakeFiles/msthora.dir/i2c_bh1750.c.obj
                0x00000000100027dc                i2c_bh1750_read_poll
 .text.i2c_bh1750_get_val
                0x000000001000282c        0xc CMakeFiles/msthora.dir/i2c_bh1750.c.obj
                0x000000001000282c                i2c_bh1750_get_val
 .text.i2c_man_bh1750_init_callback
                0x0000000010002838       0x10 CMakeFiles/msthora.dir/i2c_manager.c.obj
                0x0000000010002838                i2c_man_bh1750_init_callback
 .text.i2c_man_init
                0x0000000010002848       0x14 CMakeFiles/msthora.dir/i2c_manager.c.obj
                0x0000000010002848                i2c_man_init
 .text.i2c_man_poll
                0x000000001000285c      0x240 CMakeFiles/msthora.dir/i2c_manager.c.obj
                0x000000001000285c                i2c_man_poll
 .text.i2c_man_req_rtc_read
                0x0000000010002a9c       0x14 CMakeFiles/msthora.dir/i2c_manager.c.obj
                0x0000000010002a9c                i2c_man_req_rtc_read
 .text.i2c_man_req_rtc_set
                0x0000000010002ab0       0x24 CMakeFiles/msthora.dir/i2c_manager.c.obj
                0x0000000010002ab0                i2c_man_req_rtc_set
 .text.i2c_man_req_mem_test
                0x0000000010002ad4       0x1c CMakeFiles/msthora.dir/i2c_manager.c.obj
                0x0000000010002ad4                i2c_man_req_mem_test
 .text.i2c_man_req_bh1750_init
                0x0000000010002af0       0x14 CMakeFiles/msthora.dir/i2c_manager.c.obj
                0x0000000010002af0                i2c_man_req_bh1750_init
 .text.i2c_man_req_bh1750_read
                0x0000000010002b04       0x14 CMakeFiles/msthora.dir/i2c_manager.c.obj
                0x0000000010002b04                i2c_man_req_bh1750_read
 .text.dcf_init
                0x0000000010002b18       0x5c CMakeFiles/msthora.dir/dcf77.c.obj
                0x0000000010002b18                dcf_init
 .text.dcf_sig_quality
                0x0000000010002b74       0x78 CMakeFiles/msthora.dir/dcf77.c.obj
                0x0000000010002b74                dcf_sig_quality
 .text.dcf_poll
                0x0000000010002bec      0x8ac CMakeFiles/msthora.dir/dcf77.c.obj
                0x0000000010002bec                dcf_poll
 .text.dcf_get_quality
                0x0000000010003498        0xc CMakeFiles/msthora.dir/dcf77.c.obj
                0x0000000010003498                dcf_get_quality
 .text.dcf_get_datetime
                0x00000000100034a4       0x18 CMakeFiles/msthora.dir/dcf77.c.obj
                0x00000000100034a4                dcf_get_datetime
 .text.rtc_int_init
                0x00000000100034bc       0x20 CMakeFiles/msthora.dir/rtc_intern.c.obj
                0x00000000100034bc                rtc_int_init
 .text.rtc_int_poll
                0x00000000100034dc       0x5c CMakeFiles/msthora.dir/rtc_intern.c.obj
                0x00000000100034dc                rtc_int_poll
 .text.rtc_int_set
                0x0000000010003538       0x20 CMakeFiles/msthora.dir/rtc_intern.c.obj
                0x0000000010003538                rtc_int_set
 .text.rtc_int_get_datetime
                0x0000000010003558        0x8 CMakeFiles/msthora.dir/rtc_intern.c.obj
                0x0000000010003558                rtc_int_get_datetime
 .text.get_sys_ustime
                0x0000000010003560        0xc CMakeFiles/msthora.dir/main.c.obj
                0x0000000010003560                get_sys_ustime
 .text.callback_i2c_rtc_set
                0x000000001000356c       0x14 CMakeFiles/msthora.dir/main.c.obj
                0x000000001000356c                callback_i2c_rtc_set
 .text.display  0x0000000010003580      0x118 CMakeFiles/msthora.dir/main.c.obj
                0x0000000010003580                display
 .text.dt_poll  0x0000000010003698      0x1f0 CMakeFiles/msthora.dir/main.c.obj
                0x0000000010003698                dt_poll
 .text.dt_s_tout
                0x0000000010003888       0xec CMakeFiles/msthora.dir/main.c.obj
                0x0000000010003888                dt_s_tout
 .text.startup.main
                0x0000000010003974      0x2d4 CMakeFiles/msthora.dir/main.c.obj
                0x0000000010003974                main
 .text.prepare_digit_tx
                0x0000000010003c48       0xd8 CMakeFiles/msthora.dir/disp_max.c.obj
                0x0000000010003c48                prepare_digit_tx
 .text.dispmax_clear
                0x0000000010003d20       0x1c CMakeFiles/msthora.dir/disp_max.c.obj
                0x0000000010003d20                dispmax_clear
 .text.dispmax_init
                0x0000000010003d3c       0x60 CMakeFiles/msthora.dir/disp_max.c.obj
                0x0000000010003d3c                dispmax_init
 .text.dispmax_int
                0x0000000010003d9c      0x19c CMakeFiles/msthora.dir/disp_max.c.obj
                0x0000000010003d9c                dispmax_int
 .text.dispmax_hex
                0x0000000010003f38      0x114 CMakeFiles/msthora.dir/disp_max.c.obj
                0x0000000010003f38                dispmax_hex
 .text.dispmax_puts
                0x000000001000404c       0x6c CMakeFiles/msthora.dir/disp_max.c.obj
                0x000000001000404c                dispmax_puts
 .text.dispmax_putch
                0x00000000100040b8       0x84 CMakeFiles/msthora.dir/disp_max.c.obj
                0x00000000100040b8                dispmax_putch
 .text.dispmax_dot
                0x000000001000413c       0x14 CMakeFiles/msthora.dir/disp_max.c.obj
                0x000000001000413c                dispmax_dot
 .text.dispmax_time
                0x0000000010004150      0x228 CMakeFiles/msthora.dir/disp_max.c.obj
                0x0000000010004150                dispmax_time
 .text.dispmax_intensity
                0x0000000010004378       0x68 CMakeFiles/msthora.dir/disp_max.c.obj
                0x0000000010004378                dispmax_intensity
 .text.dispmax_poll
                0x00000000100043e0       0xb8 CMakeFiles/msthora.dir/disp_max.c.obj
                0x00000000100043e0                dispmax_poll
 .text.gpio_set_function
                0x0000000010004498       0x30 CMakeFiles/msthora.dir/home/igor/pico/pico-sdk/src/rp2_common/hardware_gpio/gpio.c.obj
                0x0000000010004498                gpio_set_function
 .text.gpio_set_pulls
                0x00000000100044c8       0x30 CMakeFiles/msthora.dir/home/igor/pico/pico-sdk/src/rp2_common/hardware_gpio/gpio.c.obj
                0x00000000100044c8                gpio_set_pulls
 .text.gpio_init
                0x00000000100044f8       0x3c CMakeFiles/msthora.dir/home/igor/pico/pico-sdk/src/rp2_common/hardware_gpio/gpio.c.obj
                0x00000000100044f8                gpio_init
 .text.running_on_fpga
                0x0000000010004534       0x10 CMakeFiles/msthora.dir/home/igor/pico/pico-sdk/src/rp2_common/pico_platform/platform.c.obj
                0x0000000010004534                running_on_fpga
 .text.hw_claim_or_assert
                0x0000000010004544       0x44 CMakeFiles/msthora.dir/home/igor/pico/pico-sdk/src/rp2_common/hardware_claim/claim.c.obj
                0x0000000010004544                hw_claim_or_assert
 .text.spin_locks_reset
                0x0000000010004588       0x1c CMakeFiles/msthora.dir/home/igor/pico/pico-sdk/src/rp2_common/hardware_sync/sync.c.obj
                0x0000000010004588                spin_locks_reset
 .text.next_striped_spin_lock_num
                0x00000000100045a4       0x18 CMakeFiles/msthora.dir/home/igor/pico/pico-sdk/src/rp2_common/hardware_sync/sync.c.obj
                0x00000000100045a4                next_striped_spin_lock_num
 .text.irq_set_enabled
                0x00000000100045bc       0x24 CMakeFiles/msthora.dir/home/igor/pico/pico-sdk/src/rp2_common/hardware_irq/irq.c.obj
                0x00000000100045bc                irq_set_enabled
 .text.irq_get_vtable_handler
                0x00000000100045e0       0x10 CMakeFiles/msthora.dir/home/igor/pico/pico-sdk/src/rp2_common/hardware_irq/irq.c.obj
                0x00000000100045e0                irq_get_vtable_handler
 .text.irq_set_exclusive_handler
                0x00000000100045f0       0x54 CMakeFiles/msthora.dir/home/igor/pico/pico-sdk/src/rp2_common/hardware_irq/irq.c.obj
                0x00000000100045f0                irq_set_exclusive_handler
 .text.irq_remove_handler
                0x0000000010004644      0x1b0 CMakeFiles/msthora.dir/home/igor/pico/pico-sdk/src/rp2_common/hardware_irq/irq.c.obj
                0x0000000010004644                irq_remove_handler
 .text.irq_set_priority
                0x00000000100047f4       0x28 CMakeFiles/msthora.dir/home/igor/pico/pico-sdk/src/rp2_common/hardware_irq/irq.c.obj
                0x00000000100047f4                irq_set_priority
 .text.irq_add_tail_to_free_list
                0x000000001000481c       0xb4 CMakeFiles/msthora.dir/home/igor/pico/pico-sdk/src/rp2_common/hardware_irq/irq.c.obj
                0x000000001000481c                irq_add_tail_to_free_list
 .text.irq_init_priorities
                0x00000000100048d0       0x24 CMakeFiles/msthora.dir/home/igor/pico/pico-sdk/src/rp2_common/hardware_irq/irq.c.obj
                0x00000000100048d0                irq_init_priorities
 .text.lock_init
                0x00000000100048f4       0x10 CMakeFiles/msthora.dir/home/igor/pico/pico-sdk/src/common/pico_sync/lock_core.c.obj
                0x00000000100048f4                lock_init
 .text.mutex_init
                0x0000000010004904       0x1c CMakeFiles/msthora.dir/home/igor/pico/pico-sdk/src/common/pico_sync/mutex.c.obj
                0x0000000010004904                mutex_init
 .text.recursive_mutex_init
                0x0000000010004920       0x1c CMakeFiles/msthora.dir/home/igor/pico/pico-sdk/src/common/pico_sync/mutex.c.obj
                0x0000000010004920                recursive_mutex_init
 .text.timer_pool_entry_comparator
                0x000000001000493c       0x34 CMakeFiles/msthora.dir/home/igor/pico/pico-sdk/src/common/pico_time/time.c.obj
                0x000000001000493c                timer_pool_entry_comparator
 .text.sleep_until_callback
                0x0000000010004970       0x30 CMakeFiles/msthora.dir/home/igor/pico/pico-sdk/src/common/pico_time/time.c.obj
 .text.add_alarm_under_lock.isra.0
                0x00000000100049a0      0x100 CMakeFiles/msthora.dir/home/igor/pico/pico-sdk/src/common/pico_time/time.c.obj
 .text.alarm_pool_alarm_callback
                0x0000000010004aa0      0x1b8 CMakeFiles/msthora.dir/home/igor/pico/pico-sdk/src/common/pico_time/time.c.obj
 .text.alarm_pool_init_default
                0x0000000010004c58       0x6c CMakeFiles/msthora.dir/home/igor/pico/pico-sdk/src/common/pico_time/time.c.obj
                0x0000000010004c58                alarm_pool_init_default
 .text.alarm_pool_add_alarm_at
                0x0000000010004cc4      0x17c CMakeFiles/msthora.dir/home/igor/pico/pico-sdk/src/common/pico_time/time.c.obj
                0x0000000010004cc4                alarm_pool_add_alarm_at
 .text.alarm_pool_cancel_alarm
                0x0000000010004e40       0x74 CMakeFiles/msthora.dir/home/igor/pico/pico-sdk/src/common/pico_time/time.c.obj
                0x0000000010004e40                alarm_pool_cancel_alarm
 .text.best_effort_wfe_or_timeout
                0x0000000010004eb4       0x78 CMakeFiles/msthora.dir/home/igor/pico/pico-sdk/src/common/pico_time/time.c.obj
                0x0000000010004eb4                best_effort_wfe_or_timeout
 .text.hardware_alarm_irq_handler
                0x0000000010004f2c       0xbc CMakeFiles/msthora.dir/home/igor/pico/pico-sdk/src/rp2_common/hardware_timer/timer.c.obj
 .text.hardware_alarm_claim
                0x0000000010004fe8       0x18 CMakeFiles/msthora.dir/home/igor/pico/pico-sdk/src/rp2_common/hardware_timer/timer.c.obj
                0x0000000010004fe8                hardware_alarm_claim
 .text.time_us_64
                0x0000000010005000       0x14 CMakeFiles/msthora.dir/home/igor/pico/pico-sdk/src/rp2_common/hardware_timer/timer.c.obj
                0x0000000010005000                time_us_64
 .text.hardware_alarm_set_callback
                0x0000000010005014       0x8c CMakeFiles/msthora.dir/home/igor/pico/pico-sdk/src/rp2_common/hardware_timer/timer.c.obj
                0x0000000010005014                hardware_alarm_set_callback
 .text.hardware_alarm_set_target
                0x00000000100050a0       0xe0 CMakeFiles/msthora.dir/home/igor/pico/pico-sdk/src/rp2_common/hardware_timer/timer.c.obj
                0x00000000100050a0                hardware_alarm_set_target
 .text.hardware_alarm_cancel
                0x0000000010005180       0x3c CMakeFiles/msthora.dir/home/igor/pico/pico-sdk/src/rp2_common/hardware_timer/timer.c.obj
                0x0000000010005180                hardware_alarm_cancel
 .text.ph_merge_nodes
                0x00000000100051bc       0x68 CMakeFiles/msthora.dir/home/igor/pico/pico-sdk/src/common/pico_util/pheap.c.obj
 .text.ph_post_alloc_init
                0x0000000010005224       0x3c CMakeFiles/msthora.dir/home/igor/pico/pico-sdk/src/common/pico_util/pheap.c.obj
                0x0000000010005224                ph_post_alloc_init
 .text.ph_merge_two_pass
                0x0000000010005260       0x90 CMakeFiles/msthora.dir/home/igor/pico/pico-sdk/src/common/pico_util/pheap.c.obj
                0x0000000010005260                ph_merge_two_pass
 .text.ph_remove_any_head
                0x00000000100052f0      0x100 CMakeFiles/msthora.dir/home/igor/pico/pico-sdk/src/common/pico_util/pheap.c.obj
 .text.ph_remove_head
                0x00000000100053f0      0x104 CMakeFiles/msthora.dir/home/igor/pico/pico-sdk/src/common/pico_util/pheap.c.obj
                0x00000000100053f0                ph_remove_head
 .text.ph_remove_and_free_node
                0x00000000100054f4       0x7c CMakeFiles/msthora.dir/home/igor/pico/pico-sdk/src/common/pico_util/pheap.c.obj
                0x00000000100054f4                ph_remove_and_free_node
 .text.uart_init
                0x0000000010005570       0xe0 CMakeFiles/msthora.dir/home/igor/pico/pico-sdk/src/rp2_common/hardware_uart/uart.c.obj
                0x0000000010005570                uart_init
 .text.uart_set_baudrate
                0x0000000010005650       0x68 CMakeFiles/msthora.dir/home/igor/pico/pico-sdk/src/rp2_common/hardware_uart/uart.c.obj
                0x0000000010005650                uart_set_baudrate
 .text.clocks_init
                0x00000000100056b8      0x2bc CMakeFiles/msthora.dir/home/igor/pico/pico-sdk/src/rp2_common/hardware_clocks/clocks.c.obj
                0x00000000100056b8                clocks_init
 .text.clock_get_hz
                0x0000000010005974        0xc CMakeFiles/msthora.dir/home/igor/pico/pico-sdk/src/rp2_common/hardware_clocks/clocks.c.obj
                0x0000000010005974                clock_get_hz
 .text.pll_init
                0x0000000010005980       0xb0 CMakeFiles/msthora.dir/home/igor/pico/pico-sdk/src/rp2_common/hardware_pll/pll.c.obj
                0x0000000010005980                pll_init
 .text.watchdog_start_tick
                0x0000000010005a30       0x10 CMakeFiles/msthora.dir/home/igor/pico/pico-sdk/src/rp2_common/hardware_watchdog/watchdog.c.obj
                0x0000000010005a30                watchdog_start_tick
 .text.watchdog_update
                0x0000000010005a40       0x14 CMakeFiles/msthora.dir/home/igor/pico/pico-sdk/src/rp2_common/hardware_watchdog/watchdog.c.obj
                0x0000000010005a40                watchdog_update
 .text.watchdog_enable
                0x0000000010005a54       0x84 CMakeFiles/msthora.dir/home/igor/pico/pico-sdk/src/rp2_common/hardware_watchdog/watchdog.c.obj
                0x0000000010005a54                watchdog_enable
 .text.watchdog_caused_reboot
                0x0000000010005ad8       0x10 CMakeFiles/msthora.dir/home/igor/pico/pico-sdk/src/rp2_common/hardware_watchdog/watchdog.c.obj
                0x0000000010005ad8                watchdog_caused_reboot
 .text.xosc_init
                0x0000000010005ae8       0x28 CMakeFiles/msthora.dir/home/igor/pico/pico-sdk/src/rp2_common/hardware_xosc/xosc.c.obj
                0x0000000010005ae8                xosc_init
 .text.runtime_init
                0x0000000010005b10       0xf0 CMakeFiles/msthora.dir/home/igor/pico/pico-sdk/src/rp2_common/pico_runtime/runtime.c.obj
                0x0000000010005b10                runtime_init
 .text._exit    0x0000000010005c00        0x4 CMakeFiles/msthora.dir/home/igor/pico/pico-sdk/src/rp2_common/pico_runtime/runtime.c.obj
                0x0000000010005c00                _exit
 .text.exit     0x0000000010005c04        0x8 CMakeFiles/msthora.dir/home/igor/pico/pico-sdk/src/rp2_common/pico_runtime/runtime.c.obj
                0x0000000010005c04                exit
 .text.panic    0x0000000010005c0c       0x30 CMakeFiles/msthora.dir/home/igor/pico/pico-sdk/src/rp2_common/pico_runtime/runtime.c.obj
                0x0000000010005c0c                panic
 .text.hard_assertion_failure
                0x0000000010005c3c        0xc CMakeFiles/msthora.dir/home/igor/pico/pico-sdk/src/rp2_common/pico_runtime/runtime.c.obj
                0x0000000010005c3c                hard_assertion_failure
 .text._out_buffer
                0x0000000010005c48        0x8 CMakeFiles/msthora.dir/home/igor/pico/pico-sdk/src/rp2_common/pico_printf/printf.c.obj
 .text._out_null
                0x0000000010005c50        0x4 CMakeFiles/msthora.dir/home/igor/pico/pico-sdk/src/rp2_common/pico_printf/printf.c.obj
 .text._out_rev
                0x0000000010005c54       0x9c CMakeFiles/msthora.dir/home/igor/pico/pico-sdk/src/rp2_common/pico_printf/printf.c.obj
 .text._ntoa_format
                0x0000000010005cf0      0x1cc CMakeFiles/msthora.dir/home/igor/pico/pico-sdk/src/rp2_common/pico_printf/printf.c.obj
 .text._out_char
                0x0000000010005ebc       0x10 CMakeFiles/msthora.dir/home/igor/pico/pico-sdk/src/rp2_common/pico_printf/printf.c.obj
 .text._etoa    0x0000000010005ecc      0x44c CMakeFiles/msthora.dir/home/igor/pico/pico-sdk/src/rp2_common/pico_printf/printf.c.obj
 .text._ftoa    0x0000000010006318      0x398 CMakeFiles/msthora.dir/home/igor/pico/pico-sdk/src/rp2_common/pico_printf/printf.c.obj
 .text._vsnprintf
                0x00000000100066b0      0xb04 CMakeFiles/msthora.dir/home/igor/pico/pico-sdk/src/rp2_common/pico_printf/printf.c.obj
 .text.__wrap_vsnprintf
                0x00000000100071b4       0x1c CMakeFiles/msthora.dir/home/igor/pico/pico-sdk/src/rp2_common/pico_printf/printf.c.obj
                0x00000000100071b4                __wrap_vsnprintf
 .text.weak_raw_vprintf
                0x00000000100071d0       0x30 CMakeFiles/msthora.dir/home/igor/pico/pico-sdk/src/rp2_common/pico_printf/printf.c.obj
                0x00000000100071d0                weak_raw_vprintf
 .text          0x0000000010007200       0x10 CMakeFiles/msthora.dir/home/igor/pico/pico-sdk/src/rp2_common/pico_bit_ops/bit_ops_aeabi.S.obj
 .text.rom_func_lookup
                0x0000000010007210       0x10 CMakeFiles/msthora.dir/home/igor/pico/pico-sdk/src/rp2_common/pico_bootrom/bootrom.c.obj
                0x0000000010007210                rom_func_lookup
 .text.rom_data_lookup
                0x0000000010007220       0x10 CMakeFiles/msthora.dir/home/igor/pico/pico-sdk/src/rp2_common/pico_bootrom/bootrom.c.obj
                0x0000000010007220                rom_data_lookup
 .text.rom_funcs_lookup
                0x0000000010007230       0x44 CMakeFiles/msthora.dir/home/igor/pico/pico-sdk/src/rp2_common/pico_bootrom/bootrom.c.obj
                0x0000000010007230                rom_funcs_lookup
 .text.__wrap___aeabi_idiv
                0x0000000010007274       0x50 CMakeFiles/msthora.dir/home/igor/pico/pico-sdk/src/rp2_common/pico_divider/divider.S.obj
                0x0000000010007274                __wrap___aeabi_idivmod
                0x0000000010007274                divmod_s32s32
                0x0000000010007274                div_s32s32
                0x0000000010007274                __wrap___aeabi_idiv
                0x000000001000727c                divmod_s32s32_unsafe
                0x00000000100072a8                divmod_s32s32_savestate
 .text.__wrap___aeabi_uidiv
                0x00000000100072c4       0x4c CMakeFiles/msthora.dir/home/igor/pico/pico-sdk/src/rp2_common/pico_divider/divider.S.obj
                0x00000000100072c4                __wrap___aeabi_uidiv
                0x00000000100072c4                __wrap___aeabi_uidivmod
                0x00000000100072c4                div_u32u32
                0x00000000100072c4                divmod_u32u32
                0x00000000100072cc                divmod_u32u32_unsafe
                0x00000000100072f4                divmod_u32u32_savestate
 .text.__wrap___aeabi_ldiv
                0x0000000010007310      0x424 CMakeFiles/msthora.dir/home/igor/pico/pico-sdk/src/rp2_common/pico_divider/divider.S.obj
                0x0000000010007310                div_s64s64
                0x0000000010007310                divmod_s64s64
                0x0000000010007310                __wrap___aeabi_ldivmod
                0x0000000010007340                div_u64u64
                0x0000000010007340                divmod_u64u64
                0x0000000010007340                __wrap___aeabi_uldivmod
                0x0000000010007350                divmod_u64u64_savestate
                0x0000000010007370                divmod_s64s64_unsafe
                0x00000000100073f8                divmod_u64u64_unsafe
 .text.__wrap___aeabi_darithmetic
                0x0000000010007734       0x80 CMakeFiles/msthora.dir/home/igor/pico/pico-sdk/src/rp2_common/pico_double/double_aeabi.S.obj
                0x0000000010007734                __wrap___aeabi_drsub
                0x000000001000773a                __wrap___aeabi_dsub
                0x000000001000774c                __wrap___aeabi_dadd
                0x000000001000775e                __wrap___aeabi_ddiv
                0x000000001000779a                __wrap___aeabi_dmul
 .text.__wrap___aeabi_cdcmple
                0x00000000100077b4       0x6c CMakeFiles/msthora.dir/home/igor/pico/pico-sdk/src/rp2_common/pico_double/double_aeabi.S.obj
                0x00000000100077b4                __wrap___aeabi_cdrcmple
                0x00000000100077c4                __wrap___aeabi_cdcmple
                0x00000000100077c4                __wrap___aeabi_cdcmpeq
 .text.__wrap___aeabi_dcmplt
                0x0000000010007820        0xc CMakeFiles/msthora.dir/home/igor/pico/pico-sdk/src/rp2_common/pico_double/double_aeabi.S.obj
                0x0000000010007820                __wrap___aeabi_dcmplt
 .text.__wrap___aeabi_dcmple
                0x000000001000782c       0x10 CMakeFiles/msthora.dir/home/igor/pico/pico-sdk/src/rp2_common/pico_double/double_aeabi.S.obj
                0x000000001000782c                __wrap___aeabi_dcmple
 .text.__wrap___aeabi_dcmpge
                0x000000001000783c       0x10 CMakeFiles/msthora.dir/home/igor/pico/pico-sdk/src/rp2_common/pico_double/double_aeabi.S.obj
                0x000000001000783c                __wrap___aeabi_dcmpge
 .text.__wrap___aeabi_dcmpgt
                0x000000001000784c        0xa CMakeFiles/msthora.dir/home/igor/pico/pico-sdk/src/rp2_common/pico_double/double_aeabi.S.obj
                0x000000001000784c                __wrap___aeabi_dcmpgt
 .text.__wrap___aeabi_dcmpun
                0x0000000010007856       0x1c CMakeFiles/msthora.dir/home/igor/pico/pico-sdk/src/rp2_common/pico_double/double_aeabi.S.obj
                0x0000000010007856                __wrap___aeabi_dcmpun
 *fill*         0x0000000010007872        0x2 
 .text.__wrap___aeabi_i2d
                0x0000000010007874       0x38 CMakeFiles/msthora.dir/home/igor/pico/pico-sdk/src/rp2_common/pico_double/double_aeabi.S.obj
                0x0000000010007874                __wrap___aeabi_ui2d
                0x000000001000787c                __wrap___aeabi_i2d
 .text.__wrap___aeabi_d2iz
                0x00000000100078ac       0x48 CMakeFiles/msthora.dir/home/igor/pico/pico-sdk/src/rp2_common/pico_double/double_aeabi.S.obj
                0x00000000100078ac                __wrap___aeabi_d2iz
                0x00000000100078ac                double2int_z
 .text.__wrap___aeabi_d2uiz
                0x00000000100078f4       0x18 CMakeFiles/msthora.dir/home/igor/pico/pico-sdk/src/rp2_common/pico_double/double_aeabi.S.obj
                0x00000000100078f4                double2uint
                0x00000000100078f4                __wrap___aeabi_d2uiz
 .text.__aeabi_double_init
                0x000000001000790c       0x94 CMakeFiles/msthora.dir/home/igor/pico/pico-sdk/src/rp2_common/pico_double/double_init_rom.c.obj
                0x000000001000790c                __aeabi_double_init
 .text.double_table_shim_on_use_helper
                0x00000000100079a0       0x2c CMakeFiles/msthora.dir/home/igor/pico/pico-sdk/src/rp2_common/pico_double/double_v1_rom_shim.S.obj
                0x00000000100079a0                double_table_shim_on_use_helper
 .text.__wrap___aeabi_dsub
                0x00000000100079cc       0x10 CMakeFiles/msthora.dir/home/igor/pico/pico-sdk/src/rp2_common/pico_double/double_v1_rom_shim.S.obj
                0x00000000100079cc                drsub_shim
                0x00000000100079d2                dsub_shim
 .text.dadd_shim
                0x00000000100079dc      0x15c CMakeFiles/msthora.dir/home/igor/pico/pico-sdk/src/rp2_common/pico_double/double_v1_rom_shim.S.obj
                0x00000000100079dc                dadd_shim
 .text.dmul_shim
                0x0000000010007b38      0x15c CMakeFiles/msthora.dir/home/igor/pico/pico-sdk/src/rp2_common/pico_double/double_v1_rom_shim.S.obj
                0x0000000010007b38                dmul_shim
 .text.ddiv_shim
                0x0000000010007c94      0x1b0 CMakeFiles/msthora.dir/home/igor/pico/pico-sdk/src/rp2_common/pico_double/double_v1_rom_shim.S.obj
                0x0000000010007c94                ddiv_shim
 .text.double2uint_shim
                0x0000000010007e44        0xe CMakeFiles/msthora.dir/home/igor/pico/pico-sdk/src/rp2_common/pico_double/double_v1_rom_shim.S.obj
                0x0000000010007e44                double2uint_shim
                0x0000000010007e46                double2ufix_shim
 *fill*         0x0000000010007e52        0x2 
 .text.double2uint64_shim
                0x0000000010007e54       0x70 CMakeFiles/msthora.dir/home/igor/pico/pico-sdk/src/rp2_common/pico_double/double_v1_rom_shim.S.obj
                0x0000000010007e54                double2uint64_shim
                0x0000000010007e56                double2ufix64_shim
                0x0000000010007e76                d2fix_a
 .text.dunpacks
                0x0000000010007ec4       0x3c CMakeFiles/msthora.dir/home/igor/pico/pico-sdk/src/rp2_common/pico_double/double_v1_rom_shim.S.obj
                0x0000000010007ec4                dunpacks
 .text.__aeabi_float_init
                0x0000000010007f00       0x64 CMakeFiles/msthora.dir/home/igor/pico/pico-sdk/src/rp2_common/pico_float/float_init_rom.c.obj
                0x0000000010007f00                __aeabi_float_init
 .text.float_table_shim_on_use_helper
                0x0000000010007f64       0x2c CMakeFiles/msthora.dir/home/igor/pico/pico-sdk/src/rp2_common/pico_float/float_v1_rom_shim.S.obj
                0x0000000010007f64                float_table_shim_on_use_helper
 .text          0x0000000010007f90       0x10 CMakeFiles/msthora.dir/home/igor/pico/pico-sdk/src/rp2_common/pico_mem_ops/mem_ops_aeabi.S.obj
                0x0000000010007f90                __aeabi_mem_init
 .text.memset   0x0000000010007fa0        0xc CMakeFiles/msthora.dir/home/igor/pico/pico-sdk/src/rp2_common/pico_mem_ops/mem_ops_aeabi.S.obj
                0x0000000010007fa0                __wrap_memset
 .text.memcpy   0x0000000010007fac        0xc CMakeFiles/msthora.dir/home/igor/pico/pico-sdk/src/rp2_common/pico_mem_ops/mem_ops_aeabi.S.obj
                0x0000000010007fac                __wrap___aeabi_memcpy
                0x0000000010007fac                __wrap_memcpy
 .text.stdio_out_chars_no_crlf
                0x0000000010007fb8       0x10 CMakeFiles/msthora.dir/home/igor/pico/pico-sdk/src/rp2_common/pico_stdio/stdio.c.obj
 .text.stdio_out_chars_crlf
                0x0000000010007fc8       0xb4 CMakeFiles/msthora.dir/home/igor/pico/pico-sdk/src/rp2_common/pico_stdio/stdio.c.obj
 .text.stdio_put_string.isra.0
                0x000000001000807c       0xfc CMakeFiles/msthora.dir/home/igor/pico/pico-sdk/src/rp2_common/pico_stdio/stdio.c.obj
 .text.__wrap_putchar
                0x0000000010008178       0x98 CMakeFiles/msthora.dir/home/igor/pico/pico-sdk/src/rp2_common/pico_stdio/stdio.c.obj
                0x0000000010008178                __wrap_putchar
 .text.__wrap_puts
                0x0000000010008210       0x3c CMakeFiles/msthora.dir/home/igor/pico/pico-sdk/src/rp2_common/pico_stdio/stdio.c.obj
                0x0000000010008210                __wrap_puts
 .text.spi_init
                0x000000001000824c       0xf8 CMakeFiles/msthora.dir/home/igor/pico/pico-sdk/src/rp2_common/hardware_spi/spi.c.obj
                0x000000001000824c                spi_init
 .text.i2c_set_baudrate
                0x0000000010008344       0xc4 CMakeFiles/msthora.dir/home/igor/pico/pico-sdk/src/rp2_common/hardware_i2c/i2c.c.obj
                0x0000000010008344                i2c_set_baudrate
 .text.i2c_init
                0x0000000010008408       0x54 CMakeFiles/msthora.dir/home/igor/pico/pico-sdk/src/rp2_common/hardware_i2c/i2c.c.obj
                0x0000000010008408                i2c_init
 .text.rtc_running
                0x000000001000845c       0x10 CMakeFiles/msthora.dir/home/igor/pico/pico-sdk/src/rp2_common/hardware_rtc/rtc.c.obj
                0x000000001000845c                rtc_running
 .text.rtc_init
                0x000000001000846c       0x38 CMakeFiles/msthora.dir/home/igor/pico/pico-sdk/src/rp2_common/hardware_rtc/rtc.c.obj
                0x000000001000846c                rtc_init
 .text.rtc_set_datetime
                0x00000000100084a4       0xac CMakeFiles/msthora.dir/home/igor/pico/pico-sdk/src/rp2_common/hardware_rtc/rtc.c.obj
                0x00000000100084a4                rtc_set_datetime
 .text.rtc_get_datetime
                0x0000000010008550       0x44 CMakeFiles/msthora.dir/home/igor/pico/pico-sdk/src/rp2_common/hardware_rtc/rtc.c.obj
                0x0000000010008550                rtc_get_datetime
 .text          0x0000000010008594       0x88 /usr/lib/gcc/arm-none-eabi/10.3.1/../../../arm-none-eabi/lib/thumb/v6-m/nofp/libc.a(lib_a-strcmp.o)
                0x0000000010008594                strcmp
 .text          0x000000001000861c       0x5c /usr/lib/gcc/arm-none-eabi/10.3.1/../../../arm-none-eabi/lib/thumb/v6-m/nofp/libc.a(lib_a-strlen-stub.o)
                0x000000001000861c                strlen
 .text          0x0000000010008678       0x74 /usr/lib/gcc/arm-none-eabi/10.3.1/../../../arm-none-eabi/lib/thumb/v6-m/nofp/libc.a(lib_a-strncmp.o)
                0x0000000010008678                strncmp
 *(.fini)
 .fini          0x00000000100086ec        0x4 /usr/lib/gcc/arm-none-eabi/10.3.1/thumb/v6-m/nofp/crti.o
                0x00000000100086ec                _fini
 .fini.__stub   0x00000000100086f0       0x40 linker stubs
 *crtbegin.o(.ctors)
 *crtbegin?.o(.ctors)
 *(EXCLUDE_FILE(*crtend.o *crtend?.o) .ctors)
 *(SORT_BY_NAME(.ctors.*))
 *(.ctors)
 *crtbegin.o(.dtors)
 *crtbegin?.o(.dtors)
 *(EXCLUDE_FILE(*crtend.o *crtend?.o) .dtors)
 *(SORT_BY_NAME(.dtors.*))
 *(.dtors)
 *(.eh_frame*)
 .eh_frame      0x0000000010008730        0x0 /usr/lib/gcc/arm-none-eabi/10.3.1/thumb/v6-m/nofp/crtbegin.o
                0x0000000010008730                . = ALIGN (0x4)

.glue_7         0x0000000010008730        0x0
 .glue_7        0x0000000010008730        0x0 linker stubs

.glue_7t        0x0000000010008730        0x0
 .glue_7t       0x0000000010008730        0x0 linker stubs

.vfp11_veneer   0x0000000010008730        0x0
 .vfp11_veneer  0x0000000010008730        0x0 linker stubs

.v4_bx          0x0000000010008730        0x0
 .v4_bx         0x0000000010008730        0x0 linker stubs

.iplt           0x0000000010008730        0x0
 .iplt          0x0000000010008730        0x0 /usr/lib/gcc/arm-none-eabi/10.3.1/thumb/v6-m/nofp/crtbegin.o

.rodata         0x0000000010008730      0xe9c
 *(EXCLUDE_FILE(*libm.a: *libc.a:*lib_a-mem*.o *libgcc.a:) .rodata*)
 .rodata.io_printf.constprop.0.str1.4
                0x0000000010008730        0x8 CMakeFiles/msthora.dir/in_out.c.obj
 .rodata.io_printf.constprop.1.str1.4
                0x0000000010008738        0x8 CMakeFiles/msthora.dir/in_out.c.obj
 .rodata.io_dump.str1.4
                0x0000000010008740        0x4 CMakeFiles/msthora.dir/in_out.c.obj
                                          0x7 (size before relaxing)
 .rodata.cli_poll.str1.4
                0x0000000010008744       0x41 CMakeFiles/msthora.dir/cli.c.obj
                                         0x45 (size before relaxing)
 *fill*         0x0000000010008785        0x3 
 .rodata.cli_func_dummy.str1.4
                0x0000000010008788       0x48 CMakeFiles/msthora.dir/cli_func.c.obj
 .rodata.cli_func_systime.str1.4
                0x00000000100087d0       0x1e CMakeFiles/msthora.dir/cli_func.c.obj
 *fill*         0x00000000100087ee        0x2 
 .rodata.cli_func_test_mem_callback.str1.4
                0x00000000100087f0       0x2c CMakeFiles/msthora.dir/cli_func.c.obj
 .rodata.cli_func_bh1750_init_callback.str1.4
                0x000000001000881c       0x2c CMakeFiles/msthora.dir/cli_func.c.obj
 .rodata.cli_func_rtc_read.str1.4
                0x0000000010008848       0x14 CMakeFiles/msthora.dir/cli_func.c.obj
 .rodata.cli_func_rtcint_read.str1.4
                0x000000001000885c       0x5e CMakeFiles/msthora.dir/cli_func.c.obj
 *fill*         0x00000000100088ba        0x2 
 .rodata.cli_func_test_mem.str1.4
                0x00000000100088bc       0x37 CMakeFiles/msthora.dir/cli_func.c.obj
                                         0x3f (size before relaxing)
 *fill*         0x00000000100088f3        0x1 
 .rodata.cli_func_bh1750_init.str1.4
                0x00000000100088f4       0x17 CMakeFiles/msthora.dir/cli_func.c.obj
 *fill*         0x000000001000890b        0x1 
 .rodata.cli_func_bh1750_read.str1.4
                0x000000001000890c       0x17 CMakeFiles/msthora.dir/cli_func.c.obj
 *fill*         0x0000000010008923        0x1 
 .rodata.cli_func_dcf77.str1.4
                0x0000000010008924       0x14 CMakeFiles/msthora.dir/cli_func.c.obj
 .rodata.cli_func_display.str1.4
                0x0000000010008938       0x2d CMakeFiles/msthora.dir/cli_func.c.obj
 *fill*         0x0000000010008965        0x3 
 .rodata.cli_func_memdump.str1.4
                0x0000000010008968       0x12 CMakeFiles/msthora.dir/cli_func.c.obj
 *fill*         0x000000001000897a        0x2 
 .rodata.cli_func_rtc_set_callback.str1.4
                0x000000001000897c       0x14 CMakeFiles/msthora.dir/cli_func.c.obj
 .rodata.cli_func_rtc_read_callback.str1.4
                0x0000000010008990       0x1d CMakeFiles/msthora.dir/cli_func.c.obj
 *fill*         0x00000000100089ad        0x3 
 .rodata.cli_func_rtc_set.str1.4
                0x00000000100089b0       0x88 CMakeFiles/msthora.dir/cli_func.c.obj
 .rodata.cli_func_rtcint_set.str1.4
                0x0000000010008a38        0x8 CMakeFiles/msthora.dir/cli_func.c.obj
 .rodata.cli_func_bh1750_read_callback.str1.4
                0x0000000010008a40       0x24 CMakeFiles/msthora.dir/cli_func.c.obj
 .rodata.cli_func_intens.str1.4
                0x0000000010008a64       0x2f CMakeFiles/msthora.dir/cli_func.c.obj
 *fill*         0x0000000010008a93        0x1 
 .rodata.cli_func_regdump.str1.4
                0x0000000010008a94       0x2c CMakeFiles/msthora.dir/cli_func.c.obj
 .rodata.cli_func_init.str1.4
                0x0000000010008ac0      0x153 CMakeFiles/msthora.dir/cli_func.c.obj
 *fill*         0x0000000010008c13        0x1 
 .rodata.test_mem_poll.str1.4
                0x0000000010008c14      0x173 CMakeFiles/msthora.dir/test_mem.c.obj
 *fill*         0x0000000010008d87        0x1 
 .rodata.test_mem_poll
                0x0000000010008d88       0x18 CMakeFiles/msthora.dir/test_mem.c.obj
 .rodata.auto_req_list
                0x0000000010008da0       0xa0 CMakeFiles/msthora.dir/test_mem.c.obj
 .rodata.CSWTCH.17
                0x0000000010008e40        0x5 CMakeFiles/msthora.dir/i2c_rtc.c.obj
 *fill*         0x0000000010008e45        0x3 
 .rodata.CSWTCH.6
                0x0000000010008e48        0x5 CMakeFiles/msthora.dir/i2c_bh1750.c.obj
 *fill*         0x0000000010008e4d        0x3 
 .rodata.i2c_man_poll
                0x0000000010008e50       0x18 CMakeFiles/msthora.dir/i2c_manager.c.obj
 .rodata.dcf_poll.str1.4
                0x0000000010008e68      0x283 CMakeFiles/msthora.dir/dcf77.c.obj
                                        0x2bb (size before relaxing)
 *fill*         0x00000000100090eb        0x1 
 .rodata.display.str1.4
                0x00000000100090ec        0xc CMakeFiles/msthora.dir/main.c.obj
 .rodata.display
                0x00000000100090f8       0x34 CMakeFiles/msthora.dir/main.c.obj
 .rodata.dt_poll.str1.4
                0x000000001000912c       0x6c CMakeFiles/msthora.dir/main.c.obj
                                         0x88 (size before relaxing)
 .rodata.dt_s_tout.str1.4
                0x0000000010009198       0x6f CMakeFiles/msthora.dir/main.c.obj
 *fill*         0x0000000010009207        0x1 
 .rodata.main.str1.4
                0x0000000010009208       0x52 CMakeFiles/msthora.dir/main.c.obj
 *fill*         0x000000001000925a        0x2 
 .rodata.dispmax_time.str1.4
                0x000000001000925c        0x4 CMakeFiles/msthora.dir/disp_max.c.obj
 .rodata.seg_tab
                0x0000000010009260       0x80 CMakeFiles/msthora.dir/disp_max.c.obj
 .rodata.hardware_alarm_claim.str1.4
                0x00000000100092e0       0x22 CMakeFiles/msthora.dir/home/igor/pico/pico-sdk/src/rp2_common/hardware_timer/timer.c.obj
 *fill*         0x0000000010009302        0x2 
 .rodata.panic.str1.4
                0x0000000010009304       0x10 CMakeFiles/msthora.dir/home/igor/pico/pico-sdk/src/rp2_common/pico_runtime/runtime.c.obj
                                         0x12 (size before relaxing)
 .rodata.hard_assertion_failure.str1.4
                0x0000000010009314        0xc CMakeFiles/msthora.dir/home/igor/pico/pico-sdk/src/rp2_common/pico_runtime/runtime.c.obj
 .rodata._ftoa.str1.4
                0x0000000010009320       0x15 CMakeFiles/msthora.dir/home/igor/pico/pico-sdk/src/rp2_common/pico_printf/printf.c.obj
 *fill*         0x0000000010009335        0x3 
 .rodata._vsnprintf
                0x0000000010009338      0x1e0 CMakeFiles/msthora.dir/home/igor/pico/pico-sdk/src/rp2_common/pico_printf/printf.c.obj
 .rodata.pow10.0
                0x0000000010009518       0x50 CMakeFiles/msthora.dir/home/igor/pico/pico-sdk/src/rp2_common/pico_printf/printf.c.obj
 .rodata.str1.4
                0x0000000010009568       0x3c CMakeFiles/msthora.dir/home/igor/pico/pico-sdk/src/rp2_common/pico_standard_link/binary_info.c.obj
 .rodata.__bi_44
                0x00000000100095a4        0xc CMakeFiles/msthora.dir/home/igor/pico/pico-sdk/src/rp2_common/pico_standard_link/binary_info.c.obj
 .rodata.__bi_75
                0x00000000100095b0        0xc CMakeFiles/msthora.dir/home/igor/pico/pico-sdk/src/rp2_common/pico_standard_link/binary_info.c.obj
 .rodata.__bi_81
                0x00000000100095bc        0xc CMakeFiles/msthora.dir/home/igor/pico/pico-sdk/src/rp2_common/pico_standard_link/binary_info.c.obj
 .rodata.crlf_str.0
                0x00000000100095c8        0x2 CMakeFiles/msthora.dir/home/igor/pico/pico-sdk/src/rp2_common/pico_stdio/stdio.c.obj
                0x00000000100095cc                . = ALIGN (0x4)
 *fill*         0x00000000100095ca        0x2 
 *(SORT_BY_ALIGNMENT(SORT_BY_NAME(.flashdata*)))
                0x00000000100095cc                . = ALIGN (0x4)

.rel.dyn        0x00000000100095cc        0x0
 .rel.iplt      0x00000000100095cc        0x0 /usr/lib/gcc/arm-none-eabi/10.3.1/thumb/v6-m/nofp/crtbegin.o

.ARM.extab
 *(.ARM.extab* .gnu.linkonce.armextab.*)
                0x00000000100095cc                __exidx_start = .

.ARM.exidx
 *(.ARM.exidx* .gnu.linkonce.armexidx.*)
                0x00000000100095cc                __exidx_end = .
                0x00000000100095cc                . = ALIGN (0x4)
                0x00000000100095cc                __binary_info_start = .

.binary_info    0x00000000100095cc       0x1c
 *(.binary_info.keep.*)
 .binary_info.keep.__bi_ptr22
                0x00000000100095cc        0x4 CMakeFiles/msthora.dir/home/igor/pico/pico-sdk/src/rp2_common/pico_standard_link/binary_info.c.obj
 .binary_info.keep.__bi_ptr30
                0x00000000100095d0        0x4 CMakeFiles/msthora.dir/home/igor/pico/pico-sdk/src/rp2_common/pico_standard_link/binary_info.c.obj
 .binary_info.keep.__bi_ptr38
                0x00000000100095d4        0x4 CMakeFiles/msthora.dir/home/igor/pico/pico-sdk/src/rp2_common/pico_standard_link/binary_info.c.obj
 .binary_info.keep.__bi_ptr44
                0x00000000100095d8        0x4 CMakeFiles/msthora.dir/home/igor/pico/pico-sdk/src/rp2_common/pico_standard_link/binary_info.c.obj
 .binary_info.keep.__bi_ptr50
                0x00000000100095dc        0x4 CMakeFiles/msthora.dir/home/igor/pico/pico-sdk/src/rp2_common/pico_standard_link/binary_info.c.obj
 .binary_info.keep.__bi_ptr75
                0x00000000100095e0        0x4 CMakeFiles/msthora.dir/home/igor/pico/pico-sdk/src/rp2_common/pico_standard_link/binary_info.c.obj
 .binary_info.keep.__bi_ptr81
                0x00000000100095e4        0x4 CMakeFiles/msthora.dir/home/igor/pico/pico-sdk/src/rp2_common/pico_standard_link/binary_info.c.obj
 *(.binary_info.*)
                0x00000000100095e8                __binary_info_end = .
                0x00000000100095e8                . = ALIGN (0x4)
                0x00000000100095e8                __etext = .

.ram_vector_table
                0x0000000020000000       0xc0
 *(.ram_vector_table)
 .ram_vector_table
                0x0000000020000000       0xc0 CMakeFiles/msthora.dir/home/igor/pico/pico-sdk/src/rp2_common/pico_runtime/runtime.c.obj
                0x0000000020000000                ram_vector_table

.data           0x00000000200000c0      0x1ac load address 0x00000000100095e8
                0x00000000200000c0                __data_start__ = .
 *(vtable)
 *(.time_critical*)
 .time_critical.mutex_try_enter_block_until
                0x00000000200000c0       0x9c CMakeFiles/msthora.dir/home/igor/pico/pico-sdk/src/common/pico_sync/mutex.c.obj
                0x00000000200000c0                mutex_try_enter_block_until
 .time_critical.mutex_exit
                0x000000002000015c       0x28 CMakeFiles/msthora.dir/home/igor/pico/pico-sdk/src/common/pico_sync/mutex.c.obj
                0x000000002000015c                mutex_exit
 *(.text*)
 .text          0x0000000020000184        0x4 /usr/lib/gcc/arm-none-eabi/10.3.1/thumb/v6-m/nofp/libgcc.a(_dvmd_tls.o)
                0x0000000020000184                __aeabi_ldiv0
                0x0000000020000184                __aeabi_idiv0
 .text.__stub   0x0000000020000188       0x10 linker stubs
                0x0000000020000198                . = ALIGN (0x4)
 *(.rodata*)
                0x0000000020000198                . = ALIGN (0x4)
 *(.data*)
 .data.cli_intens
                0x0000000020000198        0x4 CMakeFiles/msthora.dir/cli_func.c.obj
                0x0000000020000198                cli_intens
 .data.auto_req_idx
                0x000000002000019c        0x4 CMakeFiles/msthora.dir/test_mem.c.obj
 .data.display_intensity
                0x00000000200001a0        0x4 CMakeFiles/msthora.dir/main.c.obj
                0x00000000200001a0                display_intensity
 .data.intensity_h
                0x00000000200001a4        0x1 CMakeFiles/msthora.dir/disp_max.c.obj
 .data.striped_spin_lock_num
                0x00000000200001a5        0x1 CMakeFiles/msthora.dir/home/igor/pico/pico-sdk/src/rp2_common/hardware_sync/sync.c.obj
 *fill*         0x00000000200001a6        0x2 
 .data          0x00000000200001a8       0x48 CMakeFiles/msthora.dir/home/igor/pico/pico-sdk/src/rp2_common/hardware_irq/irq_handler_chain.S.obj
                0x00000000200001a8                irq_handler_chain_slots
                0x00000000200001d8                irq_handler_chain_first_slot
                0x00000000200001e2                irq_handler_chain_remove_tail
 .data.default_alarm_pool
                0x00000000200001f0       0x18 CMakeFiles/msthora.dir/home/igor/pico/pico-sdk/src/common/pico_time/time.c.obj
 .data.default_alarm_pool_heap
                0x0000000020000208       0x10 CMakeFiles/msthora.dir/home/igor/pico/pico-sdk/src/common/pico_time/time.c.obj
 *fill*         0x0000000020000218        0x8 
 .data.aeabi_bits_funcs
                0x0000000020000220       0x10 CMakeFiles/msthora.dir/home/igor/pico/pico-sdk/src/rp2_common/pico_bit_ops/bit_ops_aeabi.S.obj
                0x0000000020000220                aeabi_bits_funcs
                0x0000000020000230                aeabi_bits_funcs_end
 .data.aeabi_mem_funcs
                0x0000000020000230       0x10 CMakeFiles/msthora.dir/home/igor/pico/pico-sdk/src/rp2_common/pico_mem_ops/mem_ops_aeabi.S.obj
                0x0000000020000230                aeabi_mem_funcs
                0x0000000020000240                aeabi_mem_funcs_end
 .data.i2c0_inst
                0x0000000020000240        0x8 CMakeFiles/msthora.dir/home/igor/pico/pico-sdk/src/rp2_common/hardware_i2c/i2c.c.obj
                0x0000000020000240                i2c0_inst
 .data.i2c1_inst
                0x0000000020000248        0x8 CMakeFiles/msthora.dir/home/igor/pico/pico-sdk/src/rp2_common/hardware_i2c/i2c.c.obj
                0x0000000020000248                i2c1_inst
                0x0000000020000250                . = ALIGN (0x4)
 *(.after_data.*)
                0x0000000020000250                . = ALIGN (0x4)
                0x0000000020000250                PROVIDE (__mutex_array_start = .)
 *(SORT_BY_NAME(.mutex_array.*))
 *(.mutex_array)
 .mutex_array   0x0000000020000250        0x8 CMakeFiles/msthora.dir/home/igor/pico/pico-sdk/src/rp2_common/pico_stdio/stdio.c.obj
                0x0000000020000258                PROVIDE (__mutex_array_end = .)
                0x0000000020000258                . = ALIGN (0x4)
                0x0000000020000258                PROVIDE (__preinit_array_start = .)
 *(SORT_BY_NAME(.preinit_array.*))
 .preinit_array.00001
                0x0000000020000258        0x4 CMakeFiles/msthora.dir/home/igor/pico/pico-sdk/src/rp2_common/pico_mem_ops/mem_ops_aeabi.S.obj
 .preinit_array.00010
                0x000000002000025c        0x4 CMakeFiles/msthora.dir/home/igor/pico/pico-sdk/src/rp2_common/pico_bit_ops/bit_ops_aeabi.S.obj
 .preinit_array.00020
                0x0000000020000260        0x4 CMakeFiles/msthora.dir/home/igor/pico/pico-sdk/src/rp2_common/pico_double/double_aeabi.S.obj
 .preinit_array.00020
                0x0000000020000264        0x4 CMakeFiles/msthora.dir/home/igor/pico/pico-sdk/src/rp2_common/pico_float/float_aeabi.S.obj
 *(.preinit_array)
                0x0000000020000268                PROVIDE (__preinit_array_end = .)
                0x0000000020000268                . = ALIGN (0x4)
                0x0000000020000268                PROVIDE (__init_array_start = .)
 *(SORT_BY_NAME(.init_array.*))
 *(.init_array)
 .init_array    0x0000000020000268        0x4 /usr/lib/gcc/arm-none-eabi/10.3.1/thumb/v6-m/nofp/crtbegin.o
                0x000000002000026c                PROVIDE (__init_array_end = .)
                0x000000002000026c                . = ALIGN (0x4)
                0x000000002000026c                PROVIDE (__fini_array_start = .)
 *(SORT_BY_NAME(.fini_array.*))
 *(.fini_array)
                0x000000002000026c                PROVIDE (__fini_array_end = .)
 *(.jcr)
                0x000000002000026c                . = ALIGN (0x4)
                0x000000002000026c                __data_end__ = .

.tm_clone_table
                0x000000002000026c        0x0 load address 0x0000000010009794
 .tm_clone_table
                0x000000002000026c        0x0 /usr/lib/gcc/arm-none-eabi/10.3.1/thumb/v6-m/nofp/crtbegin.o
 .tm_clone_table
                0x000000002000026c        0x0 /usr/lib/gcc/arm-none-eabi/10.3.1/thumb/v6-m/nofp/crtend.o

.igot.plt       0x000000002000026c        0x0 load address 0x0000000010009794
 .igot.plt      0x000000002000026c        0x0 /usr/lib/gcc/arm-none-eabi/10.3.1/thumb/v6-m/nofp/crtbegin.o

.uninitialized_data
                0x000000002000026c        0x0 load address 0x0000000010009794
                0x000000002000026c                . = ALIGN (0x4)
 *(.uninitialized_data*)

.scratch_x      0x0000000020040000        0x0 load address 0x0000000010009794
                0x0000000020040000                __scratch_x_start__ = .
 *(.scratch_x.*)
                0x0000000020040000                . = ALIGN (0x4)
                0x0000000020040000                __scratch_x_end__ = .
                0x0000000010009794                __scratch_x_source__ = LOADADDR (.scratch_x)

.scratch_y      0x0000000020041000        0x0 load address 0x0000000010009794
                0x0000000020041000                __scratch_y_start__ = .
 *(.scratch_y.*)
                0x0000000020041000                . = ALIGN (0x4)
                0x0000000020041000                __scratch_y_end__ = .
                0x0000000010009794                __scratch_y_source__ = LOADADDR (.scratch_y)

.bss            0x0000000020000270    0x1100c
                0x0000000020000270                . = ALIGN (0x4)
                0x0000000020000270                __bss_start__ = .
 *(SORT_BY_ALIGNMENT(SORT_BY_NAME(.bss*)))
 .bss.default_alarm_pool_entries
                0x0000000020000270      0x100 CMakeFiles/msthora.dir/home/igor/pico/pico-sdk/src/common/pico_time/time.c.obj
 .bss.sd_table  0x0000000020000370      0x100 CMakeFiles/msthora.dir/home/igor/pico/pico-sdk/src/rp2_common/pico_double/double_init_rom.c.obj
                0x0000000020000370                sd_table
 .bss.sf_table  0x0000000020000470      0x100 CMakeFiles/msthora.dir/home/igor/pico/pico-sdk/src/rp2_common/pico_float/float_init_rom.c.obj
                0x0000000020000470                sf_table
 .bss           0x0000000020000570       0x1c /usr/lib/gcc/arm-none-eabi/10.3.1/thumb/v6-m/nofp/crtbegin.o
 .bss.abort_retry_idx
                0x000000002000058c        0x4 CMakeFiles/msthora.dir/i2c_mem.c.obj
 .bss.act_datetime
                0x0000000020000590        0x8 CMakeFiles/msthora.dir/i2c_rtc.c.obj
 .bss.act_datetime
                0x0000000020000598        0x8 CMakeFiles/msthora.dir/rtc_intern.c.obj
 .bss.alarm_callbacks
                0x00000000200005a0       0x10 CMakeFiles/msthora.dir/home/igor/pico/pico-sdk/src/rp2_common/hardware_timer/timer.c.obj
 .bss.bh1750_init_tout
                0x00000000200005b0        0x4 CMakeFiles/msthora.dir/i2c_manager.c.obj
 .bss.bh1750_read_tout
                0x00000000200005b4        0x4 CMakeFiles/msthora.dir/i2c_manager.c.obj
 .bss.bh1750_rx_raw
                0x00000000200005b8        0x2 CMakeFiles/msthora.dir/i2c_bh1750.c.obj
 *fill*         0x00000000200005ba        0x2 
 .bss.bit_c     0x00000000200005bc       0x10 CMakeFiles/msthora.dir/dcf77.c.obj
 .bss.bit_s     0x00000000200005cc       0x10 CMakeFiles/msthora.dir/dcf77.c.obj
 .bss.ck_buff   0x00000000200005dc      0x100 CMakeFiles/msthora.dir/test_mem.c.obj
 .bss.cli_display
                0x00000000200006dc        0x4 CMakeFiles/msthora.dir/cli_func.c.obj
                0x00000000200006dc                cli_display
 .bss.cli_func_arr
                0x00000000200006e0      0x140 CMakeFiles/msthora.dir/cli.c.obj
                0x00000000200006e0                cli_func_arr
 .bss.cli_test_val1
                0x0000000020000820        0x4 CMakeFiles/msthora.dir/cli_func.c.obj
                0x0000000020000820                cli_test_val1
 .bss.cli_test_val2
                0x0000000020000824        0x4 CMakeFiles/msthora.dir/cli_func.c.obj
                0x0000000020000824                cli_test_val2
 .bss.cnt_dt_valid
                0x0000000020000828        0x4 CMakeFiles/msthora.dir/dcf77.c.obj
 .bss.configured_freq
                0x000000002000082c       0x28 CMakeFiles/msthora.dir/home/igor/pico/pico-sdk/src/rp2_common/hardware_clocks/clocks.c.obj
 .bss.dcf_dt    0x0000000020000854       0x18 CMakeFiles/msthora.dir/main.c.obj
                0x0000000020000854                dcf_dt
 .bss.default_alarm_pool_entry_ids_high
                0x000000002000086c       0x10 CMakeFiles/msthora.dir/home/igor/pico/pico-sdk/src/common/pico_time/time.c.obj
 .bss.default_alarm_pool_heap_nodes
                0x000000002000087c       0x30 CMakeFiles/msthora.dir/home/igor/pico/pico-sdk/src/common/pico_time/time.c.obj
 .bss.display_ustime
                0x00000000200008ac        0x4 CMakeFiles/msthora.dir/main.c.obj
                0x00000000200008ac                display_ustime
 .bss.dot_buffer
                0x00000000200008b0        0x4 CMakeFiles/msthora.dir/disp_max.c.obj
 .bss.drivers   0x00000000200008b4        0x4 CMakeFiles/msthora.dir/home/igor/pico/pico-sdk/src/rp2_common/pico_stdio/stdio.c.obj
 .bss.dt_last   0x00000000200008b8        0x8 CMakeFiles/msthora.dir/dcf77.c.obj
 .bss.filter    0x00000000200008c0        0x4 CMakeFiles/msthora.dir/home/igor/pico/pico-sdk/src/rp2_common/pico_stdio/stdio.c.obj
 .bss.fin_dt    0x00000000200008c4       0x18 CMakeFiles/msthora.dir/main.c.obj
                0x00000000200008c4                fin_dt
 .bss.frame_buffer
                0x00000000200008dc        0x8 CMakeFiles/msthora.dir/disp_max.c.obj
 .bss.int_datetime
                0x00000000200008e4        0x8 CMakeFiles/msthora.dir/rtc_intern.c.obj
 .bss.int_dt    0x00000000200008ec       0x18 CMakeFiles/msthora.dir/main.c.obj
                0x00000000200008ec                int_dt
 .bss.lazy_vsnprintf
                0x0000000020000904        0x4 CMakeFiles/msthora.dir/home/igor/pico/pico-sdk/src/rp2_common/pico_printf/printf.c.obj
 .bss.load_value
                0x0000000020000908        0x4 CMakeFiles/msthora.dir/home/igor/pico/pico-sdk/src/rp2_common/hardware_watchdog/watchdog.c.obj
 .bss.ms1_ustime
                0x000000002000090c        0x4 CMakeFiles/msthora.dir/i2c_manager.c.obj
 .bss.page_sw_ustime
                0x0000000020000910        0x4 CMakeFiles/msthora.dir/disp_max.c.obj
 .bss.pools     0x0000000020000914       0x10 CMakeFiles/msthora.dir/home/igor/pico/pico-sdk/src/common/pico_time/time.c.obj
 .bss.pulse     0x0000000020000924       0x10 CMakeFiles/msthora.dir/dcf77.c.obj
 .bss.q_bad_cnt
                0x0000000020000934        0x4 CMakeFiles/msthora.dir/dcf77.c.obj
 .bss.q_filter  0x0000000020000938       0x10 CMakeFiles/msthora.dir/dcf77.c.obj
 .bss.q_filter_buff
                0x0000000020000948       0x28 CMakeFiles/msthora.dir/dcf77.c.obj
 .bss.q_good_cnt
                0x0000000020000970        0x4 CMakeFiles/msthora.dir/dcf77.c.obj
 .bss.q_quality
                0x0000000020000974        0x4 CMakeFiles/msthora.dir/dcf77.c.obj
 .bss.q_time    0x0000000020000978        0x4 CMakeFiles/msthora.dir/dcf77.c.obj
 .bss.rd_buff   0x000000002000097c      0x100 CMakeFiles/msthora.dir/i2c_drv.c.obj
 .bss.rd_buff   0x0000000020000a7c      0x100 CMakeFiles/msthora.dir/test_mem.c.obj
 .bss.rd_cnt    0x0000000020000b7c        0x4 CMakeFiles/msthora.dir/i2c_drv.c.obj
 .bss.rd_dst_ptr
                0x0000000020000b80        0x4 CMakeFiles/msthora.dir/i2c_mem.c.obj
 .bss.rd_idx    0x0000000020000b84        0x4 CMakeFiles/msthora.dir/i2c_drv.c.obj
 .bss.rd_len    0x0000000020000b88        0x4 CMakeFiles/msthora.dir/i2c_mem.c.obj
 .bss.rd_req_len
                0x0000000020000b8c        0x4 CMakeFiles/msthora.dir/i2c_mem.c.obj
 .bss.refresh_ustime
                0x0000000020000b90        0x4 CMakeFiles/msthora.dir/rtc_intern.c.obj
 .bss.req       0x0000000020000b94       0x10 CMakeFiles/msthora.dir/test_mem.c.obj
 .bss.req_exe   0x0000000020000ba4        0xc CMakeFiles/msthora.dir/i2c_manager.c.obj
 .bss.req_new   0x0000000020000bb0        0xc CMakeFiles/msthora.dir/i2c_manager.c.obj
 .bss.rtc_dt    0x0000000020000bbc        0x8 CMakeFiles/msthora.dir/i2c_manager.c.obj
 .bss.rtc_dt    0x0000000020000bc4       0x18 CMakeFiles/msthora.dir/main.c.obj
                0x0000000020000bc4                rtc_dt
 .bss.rtc_poll_tout
                0x0000000020000bdc        0x4 CMakeFiles/msthora.dir/i2c_manager.c.obj
 .bss.rtc_rx_raw
                0x0000000020000be0       0x11 CMakeFiles/msthora.dir/i2c_rtc.c.obj
 *fill*         0x0000000020000bf1        0x3 
 .bss.rtc_tx_raw
                0x0000000020000bf4       0x12 CMakeFiles/msthora.dir/i2c_rtc.c.obj
 *fill*         0x0000000020000c06        0x2 
 .bss.rw        0x0000000020000c08       0x18 CMakeFiles/msthora.dir/test_mem.c.obj
 .bss.rx_args   0x0000000020000c20       0x18 CMakeFiles/msthora.dir/cli.c.obj
 .bss.rx_bits_len
                0x0000000020000c38       0xf0 CMakeFiles/msthora.dir/dcf77.c.obj
 .bss.rx_bits_val
                0x0000000020000d28       0x3c CMakeFiles/msthora.dir/dcf77.c.obj
 .bss.rx_buff   0x0000000020000d64       0x80 CMakeFiles/msthora.dir/cli.c.obj
 .bss.rx_buff_0
                0x0000000020000de4       0x80 CMakeFiles/msthora.dir/uart_drv.c.obj
 .bss.rx_buffer
                0x0000000020000e64       0x80 CMakeFiles/msthora.dir/uart_drv.c.obj
 .bss.rx_idx    0x0000000020000ee4        0x4 CMakeFiles/msthora.dir/uart_drv.c.obj
 .bss.rx_len    0x0000000020000ee8        0x4 CMakeFiles/msthora.dir/uart_drv.c.obj
 .bss.rx_words  0x0000000020000eec       0xc0 CMakeFiles/msthora.dir/cli.c.obj
 .bss.sf_clz_func
                0x0000000020000fac        0x4 CMakeFiles/msthora.dir/home/igor/pico/pico-sdk/src/rp2_common/pico_double/double_init_rom.c.obj
                0x0000000020000fac                sf_clz_func
 .bss.sleep_notifier
                0x0000000020000fb0        0x4 CMakeFiles/msthora.dir/home/igor/pico/pico-sdk/src/common/pico_time/time.c.obj
 .bss.spi_drv_rx_len
                0x0000000020000fb4        0x4 CMakeFiles/msthora.dir/spi_drv.c.obj
                0x0000000020000fb4                spi_drv_rx_len
 .bss.spi_drv_tx_buf
                0x0000000020000fb8       0x10 CMakeFiles/msthora.dir/spi_drv.c.obj
                0x0000000020000fb8                spi_drv_tx_buf
 .bss.spi_drv_tx_idx
                0x0000000020000fc8        0x4 CMakeFiles/msthora.dir/spi_drv.c.obj
                0x0000000020000fc8                spi_drv_tx_idx
 .bss.spi_drv_tx_len
                0x0000000020000fcc        0x4 CMakeFiles/msthora.dir/spi_drv.c.obj
                0x0000000020000fcc                spi_drv_tx_len
 .bss.sync_time
                0x0000000020000fd0        0x4 CMakeFiles/msthora.dir/dcf77.c.obj
 .bss.sys_s_time
                0x0000000020000fd4        0x4 CMakeFiles/msthora.dir/main.c.obj
                0x0000000020000fd4                sys_s_time
 .bss.sys_ustime
                0x0000000020000fd8        0x4 CMakeFiles/msthora.dir/main.c.obj
                0x0000000020000fd8                sys_ustime
 .bss.sys_ustime_old
                0x0000000020000fdc        0x4 CMakeFiles/msthora.dir/disp_max.c.obj
 .bss.target_hi
                0x0000000020000fe0       0x10 CMakeFiles/msthora.dir/home/igor/pico/pico-sdk/src/rp2_common/hardware_timer/timer.c.obj
 .bss.tx_abort_src
                0x0000000020000ff0        0x4 CMakeFiles/msthora.dir/i2c_drv.c.obj
 .bss.tx_all    0x0000000020000ff4        0x4 CMakeFiles/msthora.dir/i2c_drv.c.obj
 .bss.tx_buffer
                0x0000000020000ff8    0x10000 CMakeFiles/msthora.dir/uart_drv.c.obj
 .bss.tx_cnt    0x0000000020010ff8        0x4 CMakeFiles/msthora.dir/disp_max.c.obj
 .bss.tx_data   0x0000000020010ffc       0x10 CMakeFiles/msthora.dir/disp_max.c.obj
 .bss.tx_idx    0x000000002001100c        0x4 CMakeFiles/msthora.dir/i2c_drv.c.obj
 .bss.tx_idx    0x0000000020011010        0x4 CMakeFiles/msthora.dir/disp_max.c.obj
 .bss.tx_rd_idx
                0x0000000020011014        0x4 CMakeFiles/msthora.dir/uart_drv.c.obj
 .bss.tx_wr_idx
                0x0000000020011018        0x4 CMakeFiles/msthora.dir/uart_drv.c.obj
 .bss.uart_char_to_line_feed
                0x000000002001101c        0x4 CMakeFiles/msthora.dir/home/igor/pico/pico-sdk/src/rp2_common/hardware_uart/uart.c.obj
                0x000000002001101c                uart_char_to_line_feed
 .bss.us_s_time_diff
                0x0000000020011020        0x4 CMakeFiles/msthora.dir/main.c.obj
                0x0000000020011020                us_s_time_diff
 .bss.utime_func
                0x0000000020011024        0x4 CMakeFiles/msthora.dir/i2c_drv.c.obj
 .bss.utime_start
                0x0000000020011028        0x4 CMakeFiles/msthora.dir/i2c_drv.c.obj
 .bss.utime_txall
                0x000000002001102c        0x4 CMakeFiles/msthora.dir/i2c_drv.c.obj
 .bss.wr_buff   0x0000000020011030      0x100 CMakeFiles/msthora.dir/i2c_drv.c.obj
 .bss.wr_buff   0x0000000020011130      0x100 CMakeFiles/msthora.dir/test_mem.c.obj
 .bss.wr_cnt    0x0000000020011230        0x4 CMakeFiles/msthora.dir/i2c_drv.c.obj
 .bss.wr_len    0x0000000020011234        0x4 CMakeFiles/msthora.dir/i2c_mem.c.obj
 .bss.wr_page   0x0000000020011238       0x22 CMakeFiles/msthora.dir/i2c_mem.c.obj
 *fill*         0x000000002001125a        0x2 
 .bss.wr_req_len
                0x000000002001125c        0x4 CMakeFiles/msthora.dir/i2c_mem.c.obj
 .bss.wr_src_ptr
                0x0000000020011260        0x4 CMakeFiles/msthora.dir/i2c_mem.c.obj
 .bss.bh1750_rx_val
                0x0000000020011264        0x2 CMakeFiles/msthora.dir/i2c_bh1750.c.obj
 .bss.rd_src_addr
                0x0000000020011266        0x2 CMakeFiles/msthora.dir/i2c_mem.c.obj
 .bss.wr_dst_addr
                0x0000000020011268        0x2 CMakeFiles/msthora.dir/i2c_mem.c.obj
 .bss.bh1750_init_flag
                0x000000002001126a        0x1 CMakeFiles/msthora.dir/i2c_manager.c.obj
 .bss.claimed   0x000000002001126b        0x1 CMakeFiles/msthora.dir/home/igor/pico/pico-sdk/src/rp2_common/hardware_timer/timer.c.obj
 .bss.dt_last_valid
                0x000000002001126c        0x1 CMakeFiles/msthora.dir/dcf77.c.obj
 .bss.i2c_err   0x000000002001126d        0x1 CMakeFiles/msthora.dir/test_mem.c.obj
 .bss.irq_hander_chain_free_slot_head
                0x000000002001126e        0x1 CMakeFiles/msthora.dir/home/igor/pico/pico-sdk/src/rp2_common/hardware_irq/irq.c.obj
 .bss.page_disp_2nd
                0x000000002001126f        0x1 CMakeFiles/msthora.dir/disp_max.c.obj
 .bss.pin_old   0x0000000020011270        0x1 CMakeFiles/msthora.dir/dcf77.c.obj
 .bss.send_semaphore
                0x0000000020011271        0x1 CMakeFiles/msthora.dir/uart_drv.c.obj
 .bss.spi_drv_busy_flag
                0x0000000020011272        0x1 CMakeFiles/msthora.dir/spi_drv.c.obj
                0x0000000020011272                spi_drv_busy_flag
 .bss.state     0x0000000020011273        0x1 CMakeFiles/msthora.dir/i2c_drv.c.obj
 .bss.state     0x0000000020011274        0x1 CMakeFiles/msthora.dir/test_mem.c.obj
 .bss.state_int
                0x0000000020011275        0x1 CMakeFiles/msthora.dir/i2c_drv.c.obj
 .bss.sync_detected
                0x0000000020011276        0x1 CMakeFiles/msthora.dir/dcf77.c.obj
 .bss.sync_valid
                0x0000000020011277        0x1 CMakeFiles/msthora.dir/dcf77.c.obj
 .bss.timer_callbacks_pending
                0x0000000020011278        0x1 CMakeFiles/msthora.dir/home/igor/pico/pico-sdk/src/rp2_common/hardware_timer/timer.c.obj
 .bss.updated_val
                0x0000000020011279        0x1 CMakeFiles/msthora.dir/i2c_manager.c.obj
 *(COMMON)
                0x000000002001127c                . = ALIGN (0x4)
 *fill*         0x000000002001127a        0x2 
                0x000000002001127c                __bss_end__ = .

.heap           0x000000002001127c      0x800
                0x000000002001127c                __end__ = .
                0x000000002001127c                end = __end__
 *(.heap*)
 .heap          0x000000002001127c      0x800 CMakeFiles/msthora.dir/home/igor/pico/pico-sdk/src/rp2_common/pico_standard_link/crt0.S.obj
                0x0000000020011a7c                __HeapLimit = .

.stack1_dummy   0x0000000020040000        0x0
 *(.stack1*)

.stack_dummy    0x0000000020041000      0x800
 *(.stack*)
 .stack         0x0000000020041000      0x800 CMakeFiles/msthora.dir/home/igor/pico/pico-sdk/src/rp2_common/pico_standard_link/crt0.S.obj

.flash_end      0x0000000010009794        0x0
                0x0000000010009794                __flash_binary_end = .
                0x0000000020040000                __StackLimit = (ORIGIN (RAM) + LENGTH (RAM))
                0x0000000020041000                __StackOneTop = (ORIGIN (SCRATCH_X) + LENGTH (SCRATCH_X))
                0x0000000020042000                __StackTop = (ORIGIN (SCRATCH_Y) + LENGTH (SCRATCH_Y))
                0x0000000020041000                __StackOneBottom = (__StackOneTop - SIZEOF (.stack1_dummy))
                0x0000000020041800                __StackBottom = (__StackTop - SIZEOF (.stack_dummy))
                0x0000000020042000                PROVIDE (__stack = __StackTop)
                0x0000000000000001                ASSERT ((__StackLimit >= __HeapLimit), region RAM overflowed)
                0x0000000000000001                ASSERT (((__binary_info_header_end - __logical_binary_start) <= 0x100), Binary info must be in first 256 bytes of the binary)
LOAD CMakeFiles/msthora.dir/ustime.c.obj
LOAD CMakeFiles/msthora.dir/utils.c.obj
LOAD CMakeFiles/msthora.dir/gpio_drv.c.obj
LOAD CMakeFiles/msthora.dir/uart_drv.c.obj
LOAD CMakeFiles/msthora.dir/in_out.c.obj
LOAD CMakeFiles/msthora.dir/cli.c.obj
LOAD CMakeFiles/msthora.dir/cli_func.c.obj
LOAD CMakeFiles/msthora.dir/spi_drv.c.obj
LOAD CMakeFiles/msthora.dir/i2c_drv.c.obj
LOAD CMakeFiles/msthora.dir/i2c_mem.c.obj
LOAD CMakeFiles/msthora.dir/test_mem.c.obj
LOAD CMakeFiles/msthora.dir/datetime_utils.c.obj
LOAD CMakeFiles/msthora.dir/i2c_rtc.c.obj
LOAD CMakeFiles/msthora.dir/i2c_bh1750.c.obj
LOAD CMakeFiles/msthora.dir/i2c_manager.c.obj
LOAD CMakeFiles/msthora.dir/dcf77.c.obj
LOAD CMakeFiles/msthora.dir/rtc_intern.c.obj
LOAD CMakeFiles/msthora.dir/main.c.obj
LOAD CMakeFiles/msthora.dir/disp_max.c.obj
LOAD CMakeFiles/msthora.dir/home/igor/pico/pico-sdk/src/rp2_common/pico_stdlib/stdlib.c.obj
LOAD CMakeFiles/msthora.dir/home/igor/pico/pico-sdk/src/rp2_common/hardware_gpio/gpio.c.obj
LOAD CMakeFiles/msthora.dir/home/igor/pico/pico-sdk/src/rp2_common/pico_platform/platform.c.obj
LOAD CMakeFiles/msthora.dir/home/igor/pico/pico-sdk/src/rp2_common/hardware_claim/claim.c.obj
LOAD CMakeFiles/msthora.dir/home/igor/pico/pico-sdk/src/rp2_common/hardware_sync/sync.c.obj
LOAD CMakeFiles/msthora.dir/home/igor/pico/pico-sdk/src/rp2_common/hardware_irq/irq.c.obj
LOAD CMakeFiles/msthora.dir/home/igor/pico/pico-sdk/src/rp2_common/hardware_irq/irq_handler_chain.S.obj
LOAD CMakeFiles/msthora.dir/home/igor/pico/pico-sdk/src/common/pico_sync/sem.c.obj
LOAD CMakeFiles/msthora.dir/home/igor/pico/pico-sdk/src/common/pico_sync/lock_core.c.obj
LOAD CMakeFiles/msthora.dir/home/igor/pico/pico-sdk/src/common/pico_sync/mutex.c.obj
LOAD CMakeFiles/msthora.dir/home/igor/pico/pico-sdk/src/common/pico_sync/critical_section.c.obj
LOAD CMakeFiles/msthora.dir/home/igor/pico/pico-sdk/src/common/pico_time/time.c.obj
LOAD CMakeFiles/msthora.dir/home/igor/pico/pico-sdk/src/common/pico_time/timeout_helper.c.obj
LOAD CMakeFiles/msthora.dir/home/igor/pico/pico-sdk/src/rp2_common/hardware_timer/timer.c.obj
LOAD CMakeFiles/msthora.dir/home/igor/pico/pico-sdk/src/common/pico_util/datetime.c.obj
LOAD CMakeFiles/msthora.dir/home/igor/pico/pico-sdk/src/common/pico_util/pheap.c.obj
LOAD CMakeFiles/msthora.dir/home/igor/pico/pico-sdk/src/common/pico_util/queue.c.obj
LOAD CMakeFiles/msthora.dir/home/igor/pico/pico-sdk/src/rp2_common/hardware_uart/uart.c.obj
LOAD CMakeFiles/msthora.dir/home/igor/pico/pico-sdk/src/rp2_common/hardware_clocks/clocks.c.obj
LOAD CMakeFiles/msthora.dir/home/igor/pico/pico-sdk/src/rp2_common/hardware_pll/pll.c.obj
LOAD CMakeFiles/msthora.dir/home/igor/pico/pico-sdk/src/rp2_common/hardware_vreg/vreg.c.obj
LOAD CMakeFiles/msthora.dir/home/igor/pico/pico-sdk/src/rp2_common/hardware_watchdog/watchdog.c.obj
LOAD CMakeFiles/msthora.dir/home/igor/pico/pico-sdk/src/rp2_common/hardware_xosc/xosc.c.obj
LOAD CMakeFiles/msthora.dir/home/igor/pico/pico-sdk/src/rp2_common/hardware_divider/divider.S.obj
LOAD CMakeFiles/msthora.dir/home/igor/pico/pico-sdk/src/rp2_common/pico_runtime/runtime.c.obj
LOAD CMakeFiles/msthora.dir/home/igor/pico/pico-sdk/src/rp2_common/pico_printf/printf.c.obj
LOAD CMakeFiles/msthora.dir/home/igor/pico/pico-sdk/src/rp2_common/pico_bit_ops/bit_ops_aeabi.S.obj
LOAD CMakeFiles/msthora.dir/home/igor/pico/pico-sdk/src/rp2_common/pico_bootrom/bootrom.c.obj
LOAD CMakeFiles/msthora.dir/home/igor/pico/pico-sdk/src/rp2_common/pico_divider/divider.S.obj
LOAD CMakeFiles/msthora.dir/home/igor/pico/pico-sdk/src/rp2_common/pico_double/double_aeabi.S.obj
LOAD CMakeFiles/msthora.dir/home/igor/pico/pico-sdk/src/rp2_common/pico_double/double_init_rom.c.obj
LOAD CMakeFiles/msthora.dir/home/igor/pico/pico-sdk/src/rp2_common/pico_double/double_math.c.obj
LOAD CMakeFiles/msthora.dir/home/igor/pico/pico-sdk/src/rp2_common/pico_double/double_v1_rom_shim.S.obj
LOAD CMakeFiles/msthora.dir/home/igor/pico/pico-sdk/src/rp2_common/pico_int64_ops/pico_int64_ops_aeabi.S.obj
LOAD CMakeFiles/msthora.dir/home/igor/pico/pico-sdk/src/rp2_common/pico_float/float_aeabi.S.obj
LOAD CMakeFiles/msthora.dir/home/igor/pico/pico-sdk/src/rp2_common/pico_float/float_init_rom.c.obj
LOAD CMakeFiles/msthora.dir/home/igor/pico/pico-sdk/src/rp2_common/pico_float/float_math.c.obj
LOAD CMakeFiles/msthora.dir/home/igor/pico/pico-sdk/src/rp2_common/pico_float/float_v1_rom_shim.S.obj
LOAD CMakeFiles/msthora.dir/home/igor/pico/pico-sdk/src/rp2_common/pico_malloc/pico_malloc.c.obj
LOAD CMakeFiles/msthora.dir/home/igor/pico/pico-sdk/src/rp2_common/pico_mem_ops/mem_ops_aeabi.S.obj
LOAD CMakeFiles/msthora.dir/home/igor/pico/pico-sdk/src/rp2_common/pico_standard_link/crt0.S.obj
LOAD CMakeFiles/msthora.dir/home/igor/pico/pico-sdk/src/rp2_common/pico_standard_link/new_delete.cpp.obj
LOAD CMakeFiles/msthora.dir/home/igor/pico/pico-sdk/src/rp2_common/pico_standard_link/binary_info.c.obj
LOAD CMakeFiles/msthora.dir/home/igor/pico/pico-sdk/src/rp2_common/pico_stdio/stdio.c.obj
LOAD CMakeFiles/msthora.dir/home/igor/pico/pico-sdk/src/rp2_common/pico_stdio_uart/stdio_uart.c.obj
LOAD CMakeFiles/msthora.dir/home/igor/pico/pico-sdk/src/rp2_common/hardware_spi/spi.c.obj
LOAD CMakeFiles/msthora.dir/home/igor/pico/pico-sdk/src/rp2_common/hardware_i2c/i2c.c.obj
LOAD CMakeFiles/msthora.dir/home/igor/pico/pico-sdk/src/rp2_common/hardware_rtc/rtc.c.obj
LOAD /tmp/ccYgcynW.o
LOAD /usr/lib/gcc/arm-none-eabi/10.3.1/../../../arm-none-eabi/lib/thumb/v6-m/nofp/libstdc++.a
LOAD /usr/lib/gcc/arm-none-eabi/10.3.1/../../../arm-none-eabi/lib/thumb/v6-m/nofp/libm.a
START GROUP
LOAD /usr/lib/gcc/arm-none-eabi/10.3.1/thumb/v6-m/nofp/libgcc.a
LOAD /usr/lib/gcc/arm-none-eabi/10.3.1/../../../arm-none-eabi/lib/thumb/v6-m/nofp/libc.a
END GROUP
START GROUP
LOAD /usr/lib/gcc/arm-none-eabi/10.3.1/thumb/v6-m/nofp/libgcc.a
LOAD /usr/lib/gcc/arm-none-eabi/10.3.1/../../../arm-none-eabi/lib/thumb/v6-m/nofp/libc.a
LOAD /usr/lib/gcc/arm-none-eabi/10.3.1/../../../arm-none-eabi/lib/thumb/v6-m/nofp/libnosys.a
END GROUP
LOAD /usr/lib/gcc/arm-none-eabi/10.3.1/thumb/v6-m/nofp/crtend.o
LOAD /usr/lib/gcc/arm-none-eabi/10.3.1/thumb/v6-m/nofp/crtn.o
OUTPUT(msthora.elf elf32-littlearm)
LOAD linker stubs

.ARM.attributes
                0x0000000000000000       0x28
 .ARM.attributes
                0x0000000000000000       0x1e /usr/lib/gcc/arm-none-eabi/10.3.1/thumb/v6-m/nofp/crti.o
 .ARM.attributes
                0x000000000000001e       0x2c /usr/lib/gcc/arm-none-eabi/10.3.1/thumb/v6-m/nofp/crtbegin.o
 .ARM.attributes
                0x000000000000004a       0x2c CMakeFiles/msthora.dir/ustime.c.obj
 .ARM.attributes
                0x0000000000000076       0x2c CMakeFiles/msthora.dir/utils.c.obj
 .ARM.attributes
                0x00000000000000a2       0x2c CMakeFiles/msthora.dir/gpio_drv.c.obj
 .ARM.attributes
                0x00000000000000ce       0x2c CMakeFiles/msthora.dir/uart_drv.c.obj
 .ARM.attributes
                0x00000000000000fa       0x2c CMakeFiles/msthora.dir/in_out.c.obj
 .ARM.attributes
                0x0000000000000126       0x2c CMakeFiles/msthora.dir/cli.c.obj
 .ARM.attributes
                0x0000000000000152       0x2c CMakeFiles/msthora.dir/cli_func.c.obj
 .ARM.attributes
                0x000000000000017e       0x2c CMakeFiles/msthora.dir/spi_drv.c.obj
 .ARM.attributes
                0x00000000000001aa       0x2c CMakeFiles/msthora.dir/i2c_drv.c.obj
 .ARM.attributes
                0x00000000000001d6       0x2c CMakeFiles/msthora.dir/i2c_mem.c.obj
 .ARM.attributes
                0x0000000000000202       0x2c CMakeFiles/msthora.dir/test_mem.c.obj
 .ARM.attributes
                0x000000000000022e       0x2c CMakeFiles/msthora.dir/datetime_utils.c.obj
 .ARM.attributes
                0x000000000000025a       0x2c CMakeFiles/msthora.dir/i2c_rtc.c.obj
 .ARM.attributes
                0x0000000000000286       0x2c CMakeFiles/msthora.dir/i2c_bh1750.c.obj
 .ARM.attributes
                0x00000000000002b2       0x2c CMakeFiles/msthora.dir/i2c_manager.c.obj
 .ARM.attributes
                0x00000000000002de       0x2c CMakeFiles/msthora.dir/dcf77.c.obj
 .ARM.attributes
                0x000000000000030a       0x2c CMakeFiles/msthora.dir/rtc_intern.c.obj
 .ARM.attributes
                0x0000000000000336       0x2c CMakeFiles/msthora.dir/main.c.obj
 .ARM.attributes
                0x0000000000000362       0x2c CMakeFiles/msthora.dir/disp_max.c.obj
 .ARM.attributes