Archive member included to satisfy reference by file (symbol)

/usr/lib/gcc/arm-none-eabi/10.3.1/thumb/v6-m/nofp/libgcc.a(_dvmd_tls.o)
                              CMakeFiles/test1.dir/home/igor/pico/pico-sdk/src/rp2_common/pico_divider/divider.S.obj (__aeabi_idiv0)
/usr/lib/gcc/arm-none-eabi/10.3.1/../../../arm-none-eabi/lib/thumb/v6-m/nofp/libc.a(lib_a-atexit.o)
                              /usr/lib/gcc/arm-none-eabi/10.3.1/../../../arm-none-eabi/lib/thumb/v6-m/nofp/crt0.o (atexit)
/usr/lib/gcc/arm-none-eabi/10.3.1/../../../arm-none-eabi/lib/thumb/v6-m/nofp/libc.a(lib_a-calloc.o)
                              CMakeFiles/test1.dir/home/igor/pico/pico-sdk/src/rp2_common/pico_malloc/pico_malloc.c.obj (calloc)
/usr/lib/gcc/arm-none-eabi/10.3.1/../../../arm-none-eabi/lib/thumb/v6-m/nofp/libc.a(lib_a-callocr.o)
                              /usr/lib/gcc/arm-none-eabi/10.3.1/../../../arm-none-eabi/lib/thumb/v6-m/nofp/libc.a(lib_a-calloc.o) (_calloc_r)
/usr/lib/gcc/arm-none-eabi/10.3.1/../../../arm-none-eabi/lib/thumb/v6-m/nofp/libc.a(lib_a-fini.o)
                              /usr/lib/gcc/arm-none-eabi/10.3.1/../../../arm-none-eabi/lib/thumb/v6-m/nofp/crt0.o (__libc_fini_array)
/usr/lib/gcc/arm-none-eabi/10.3.1/../../../arm-none-eabi/lib/thumb/v6-m/nofp/libc.a(lib_a-impure.o)
                              /usr/lib/gcc/arm-none-eabi/10.3.1/../../../arm-none-eabi/lib/thumb/v6-m/nofp/libc.a(lib_a-calloc.o) (_impure_ptr)
/usr/lib/gcc/arm-none-eabi/10.3.1/../../../arm-none-eabi/lib/thumb/v6-m/nofp/libc.a(lib_a-init.o)
                              /usr/lib/gcc/arm-none-eabi/10.3.1/../../../arm-none-eabi/lib/thumb/v6-m/nofp/crt0.o (__libc_init_array)
/usr/lib/gcc/arm-none-eabi/10.3.1/../../../arm-none-eabi/lib/thumb/v6-m/nofp/libc.a(lib_a-malloc.o)
                              CMakeFiles/test1.dir/home/igor/pico/pico-sdk/src/rp2_common/pico_malloc/pico_malloc.c.obj (malloc)
/usr/lib/gcc/arm-none-eabi/10.3.1/../../../arm-none-eabi/lib/thumb/v6-m/nofp/libc.a(lib_a-mallocr.o)
                              /usr/lib/gcc/arm-none-eabi/10.3.1/../../../arm-none-eabi/lib/thumb/v6-m/nofp/libc.a(lib_a-callocr.o) (_malloc_r)
/usr/lib/gcc/arm-none-eabi/10.3.1/../../../arm-none-eabi/lib/thumb/v6-m/nofp/libc.a(lib_a-memcmp.o)
                              CMakeFiles/test1.dir/datetime_utils.c.obj (memcmp)
/usr/lib/gcc/arm-none-eabi/10.3.1/../../../arm-none-eabi/lib/thumb/v6-m/nofp/libc.a(lib_a-mlock.o)
                              /usr/lib/gcc/arm-none-eabi/10.3.1/../../../arm-none-eabi/lib/thumb/v6-m/nofp/libc.a(lib_a-mallocr.o) (__malloc_lock)
/usr/lib/gcc/arm-none-eabi/10.3.1/../../../arm-none-eabi/lib/thumb/v6-m/nofp/libc.a(lib_a-realloc.o)
                              CMakeFiles/test1.dir/home/igor/pico/pico-sdk/src/rp2_common/pico_malloc/pico_malloc.c.obj (realloc)
/usr/lib/gcc/arm-none-eabi/10.3.1/../../../arm-none-eabi/lib/thumb/v6-m/nofp/libc.a(lib_a-reallocr.o)
                              /usr/lib/gcc/arm-none-eabi/10.3.1/../../../arm-none-eabi/lib/thumb/v6-m/nofp/libc.a(lib_a-realloc.o) (_realloc_r)
/usr/lib/gcc/arm-none-eabi/10.3.1/../../../arm-none-eabi/lib/thumb/v6-m/nofp/libc.a(lib_a-sbrkr.o)
                              /usr/lib/gcc/arm-none-eabi/10.3.1/../../../arm-none-eabi/lib/thumb/v6-m/nofp/libc.a(lib_a-mallocr.o) (_sbrk_r)
/usr/lib/gcc/arm-none-eabi/10.3.1/../../../arm-none-eabi/lib/thumb/v6-m/nofp/libc.a(lib_a-strcmp.o)
                              CMakeFiles/test1.dir/cli_func.c.obj (strcmp)
/usr/lib/gcc/arm-none-eabi/10.3.1/../../../arm-none-eabi/lib/thumb/v6-m/nofp/libc.a(lib_a-strlen-stub.o)
                              CMakeFiles/test1.dir/uart_drv.c.obj (strlen)
/usr/lib/gcc/arm-none-eabi/10.3.1/../../../arm-none-eabi/lib/thumb/v6-m/nofp/libc.a(lib_a-strncmp.o)
                              CMakeFiles/test1.dir/cli.c.obj (strncmp)
/usr/lib/gcc/arm-none-eabi/10.3.1/../../../arm-none-eabi/lib/thumb/v6-m/nofp/libc.a(lib_a-__atexit.o)
                              /usr/lib/gcc/arm-none-eabi/10.3.1/../../../arm-none-eabi/lib/thumb/v6-m/nofp/libc.a(lib_a-atexit.o) (__register_exitproc)
/usr/lib/gcc/arm-none-eabi/10.3.1/../../../arm-none-eabi/lib/thumb/v6-m/nofp/libc.a(lib_a-freer.o)
                              /usr/lib/gcc/arm-none-eabi/10.3.1/../../../arm-none-eabi/lib/thumb/v6-m/nofp/libc.a(lib_a-malloc.o) (_free_r)
/usr/lib/gcc/arm-none-eabi/10.3.1/../../../arm-none-eabi/lib/thumb/v6-m/nofp/libc.a(lib_a-memmove.o)
                              /usr/lib/gcc/arm-none-eabi/10.3.1/../../../arm-none-eabi/lib/thumb/v6-m/nofp/libc.a(lib_a-reallocr.o) (memmove)
/usr/lib/gcc/arm-none-eabi/10.3.1/../../../arm-none-eabi/lib/thumb/v6-m/nofp/libc.a(lib_a-reent.o)
                              /usr/lib/gcc/arm-none-eabi/10.3.1/../../../arm-none-eabi/lib/thumb/v6-m/nofp/libc.a(lib_a-sbrkr.o) (errno)

Discarded input sections

 .text          0x0000000000000000        0x0 /usr/lib/gcc/arm-none-eabi/10.3.1/thumb/v6-m/nofp/crti.o
[...]
Memory Configuration

Name             Origin             Length             Attributes
FLASH            0x0000000010000000 0x0000000000200000 xr
RAM              0x0000000020000000 0x0000000000040000 xrw
SCRATCH_X        0x0000000020040000 0x0000000000001000 xrw
SCRATCH_Y        0x0000000020041000 0x0000000000001000 xrw
*default*        0x0000000000000000 0xffffffffffffffff

Linker script and memory map

LOAD /usr/lib/gcc/arm-none-eabi/10.3.1/thumb/v6-m/nofp/crti.o
LOAD /usr/lib/gcc/arm-none-eabi/10.3.1/thumb/v6-m/nofp/crtbegin.o
LOAD /usr/lib/gcc/arm-none-eabi/10.3.1/../../../arm-none-eabi/lib/thumb/v6-m/nofp/crt0.o

.flash_begin    0x0000000010000000        0x0
                0x0000000010000000                __flash_binary_start = .

.boot2          0x0000000010000000      0x100
                0x0000000010000000                __boot2_start__ = .
 *(.boot2)
 .boot2         0x0000000010000000      0x100 /tmp/ccApPCVP.o
                0x0000000010000100                __boot2_end__ = .
                0x0000000000000001                ASSERT (((__boot2_end__ - __boot2_start__) == 0x100), ERROR: Pico second stage bootloader must be 256 bytes in size)

.text           0x0000000010000100     0x8878
                0x0000000010000100                __logical_binary_start = .
 *(.vectors)
 .vectors       0x0000000010000100       0xd4 CMakeFiles/test1.dir/home/igor/pico/pico-sdk/src/rp2_common/pico_standard_link/crt0.S.obj
                0x0000000010000100                __vectors
                0x0000000010000100                __VECTOR_TABLE
                0x00000000100001c0                isr_invalid
                0x00000000100001c0                __default_isrs_start
                0x00000000100001c2                isr_nmi
                0x00000000100001c4                isr_hardfault
                0x00000000100001c6                isr_svcall
                0x00000000100001c8                isr_pendsv
                0x00000000100001ca                isr_systick
                0x00000000100001cc                isr_irq30
                0x00000000100001cc                __unhandled_user_irq
                0x00000000100001cc                isr_irq13
                0x00000000100001cc                isr_irq27
                0x00000000100001cc                isr_irq31
                0x00000000100001cc                isr_irq5
                0x00000000100001cc                isr_irq11
                0x00000000100001cc                isr_irq23
                0x00000000100001cc                isr_irq18
                0x00000000100001cc                isr_irq28
                0x00000000100001cc                isr_irq19
                0x00000000100001cc                isr_irq0
                0x00000000100001cc                isr_irq6
                0x00000000100001cc                isr_irq22
                0x00000000100001cc                isr_irq17
                0x00000000100001cc                isr_irq14
                0x00000000100001cc                isr_irq2
                0x00000000100001cc                isr_irq10
                0x00000000100001cc                isr_irq8
                0x00000000100001cc                isr_irq24
                0x00000000100001cc                isr_irq1
                0x00000000100001cc                isr_irq7
                0x00000000100001cc                isr_irq21
                0x00000000100001cc                isr_irq20
                0x00000000100001cc                isr_irq15
                0x00000000100001cc                isr_irq25
                0x00000000100001cc                isr_irq4
                0x00000000100001cc                isr_irq16
                0x00000000100001cc                isr_irq29
                0x00000000100001cc                isr_irq26
                0x00000000100001cc                __default_isrs_end
                0x00000000100001cc                isr_irq3
                0x00000000100001cc                isr_irq12
                0x00000000100001cc                isr_irq9
                0x00000000100001d2                unhandled_user_irq_num_in_r0
 *(.binary_info_header)
 .binary_info_header
                0x00000000100001d4       0x14 CMakeFiles/test1.dir/home/igor/pico/pico-sdk/src/rp2_common/pico_standard_link/crt0.S.obj
                0x00000000100001e8                __binary_info_header_end = .
 *(.reset)
 .reset         0x00000000100001e8       0xa0 CMakeFiles/test1.dir/home/igor/pico/pico-sdk/src/rp2_common/pico_standard_link/crt0.S.obj
                0x00000000100001e8                _entry_point
 .reset         0x0000000010000288       0x30 CMakeFiles/test1.dir/home/igor/pico/pico-sdk/src/rp2_common/pico_standard_link/binary_info.c.obj
 *(.init)
 .init          0x00000000100002b8        0x4 /usr/lib/gcc/arm-none-eabi/10.3.1/thumb/v6-m/nofp/crti.o
                0x00000000100002b8                _init
 *(EXCLUDE_FILE(*libm.a: *libc.a:*lib_a-mem*.o *libgcc.a:) .text*)
 .text          0x00000000100002bc       0x98 /usr/lib/gcc/arm-none-eabi/10.3.1/thumb/v6-m/nofp/crtbegin.o
 .text.get_diff_ustime
                0x0000000010000354        0xc CMakeFiles/test1.dir/ustime.c.obj
                0x0000000010000354                get_diff_ustime
 .text.get_diff_s_time
                0x0000000010000360        0xc CMakeFiles/test1.dir/ustime.c.obj
                0x0000000010000360                get_diff_s_time
 .text.utils_extract_int
                0x000000001000036c       0x74 CMakeFiles/test1.dir/utils.c.obj
                0x000000001000036c                utils_extract_int
 .text.utils_get_int
                0x00000000100003e0      0x130 CMakeFiles/test1.dir/utils.c.obj
                0x00000000100003e0                utils_get_int
 .text.utils_get_long
                0x0000000010000510      0x130 CMakeFiles/test1.dir/utils.c.obj
                0x0000000010000510                utils_get_long
 .text.bcd_to_int8
                0x0000000010000640       0x24 CMakeFiles/test1.dir/utils.c.obj
                0x0000000010000640                bcd_to_int8
 .text.int8_to_bcd
                0x0000000010000664       0x1c CMakeFiles/test1.dir/utils.c.obj
                0x0000000010000664                int8_to_bcd
 .text.m_filter_int_init
                0x0000000010000680        0xc CMakeFiles/test1.dir/utils.c.obj
                0x0000000010000680                m_filter_int_init
 .text.m_filter_int_add_val
                0x000000001000068c       0x64 CMakeFiles/test1.dir/utils.c.obj
                0x000000001000068c                m_filter_int_add_val
 .text.gpio_drv_init
                0x00000000100006f0       0xa4 CMakeFiles/test1.dir/gpio_drv.c.obj
                0x00000000100006f0                gpio_drv_init
 .text.uart_drv_irq
                0x0000000010000794      0x14c CMakeFiles/test1.dir/uart_drv.c.obj
                0x0000000010000794                uart_drv_irq
 .text.uart_drv_init
                0x00000000100008e0       0xa8 CMakeFiles/test1.dir/uart_drv.c.obj
                0x00000000100008e0                uart_drv_init
 .text.uart_drv_puts
                0x0000000010000988      0x108 CMakeFiles/test1.dir/uart_drv.c.obj
                0x0000000010000988                uart_drv_puts
 .text.uart_drv_getRx
                0x0000000010000a90       0x34 CMakeFiles/test1.dir/uart_drv.c.obj
                0x0000000010000a90                uart_drv_getRx
 .text.io_printf.constprop.0
                0x0000000010000ac4       0x28 CMakeFiles/test1.dir/in_out.c.obj
 .text.io_printf.constprop.1
                0x0000000010000aec       0x28 CMakeFiles/test1.dir/in_out.c.obj
 .text.io_init  0x0000000010000b14        0x8 CMakeFiles/test1.dir/in_out.c.obj
                0x0000000010000b14                io_init
 .text.io_gets  0x0000000010000b1c        0x8 CMakeFiles/test1.dir/in_out.c.obj
                0x0000000010000b1c                io_gets
 .text.io_puts  0x0000000010000b24        0x8 CMakeFiles/test1.dir/in_out.c.obj
                0x0000000010000b24                io_puts
 .text.io_printf
                0x0000000010000b2c       0x28 CMakeFiles/test1.dir/in_out.c.obj
                0x0000000010000b2c                io_printf
 .text.io_dump  0x0000000010000b54       0x90 CMakeFiles/test1.dir/in_out.c.obj
                0x0000000010000b54                io_dump
 .text.cli_init
                0x0000000010000be4       0x40 CMakeFiles/test1.dir/cli.c.obj
                0x0000000010000be4                cli_init
 .text.cli_poll
                0x0000000010000c24      0x15c CMakeFiles/test1.dir/cli.c.obj
                0x0000000010000c24                cli_poll
 .text.cli_add_func
                0x0000000010000d80       0x30 CMakeFiles/test1.dir/cli.c.obj
                0x0000000010000d80                cli_add_func
 .text.cli_func_list
                0x0000000010000db0       0x38 CMakeFiles/test1.dir/cli.c.obj
                0x0000000010000db0                cli_func_list
 .text.cli_func_help
                0x0000000010000de8        0xc CMakeFiles/test1.dir/cli_func.c.obj
                0x0000000010000de8                cli_func_help
 .text.cli_func_dummy
                0x0000000010000df4       0x5c CMakeFiles/test1.dir/cli_func.c.obj
                0x0000000010000df4                cli_func_dummy
 .text.cli_func_systime
                0x0000000010000e50       0x10 CMakeFiles/test1.dir/cli_func.c.obj
                0x0000000010000e50                cli_func_systime
 .text.cli_func_test_mem_callback
                0x0000000010000e60       0x20 CMakeFiles/test1.dir/cli_func.c.obj
                0x0000000010000e60                cli_func_test_mem_callback
 .text.cli_func_bh1750_init_callback
                0x0000000010000e80       0x20 CMakeFiles/test1.dir/cli_func.c.obj
                0x0000000010000e80                cli_func_bh1750_init_callback
 .text.cli_func_rtc_read
                0x0000000010000ea0       0x18 CMakeFiles/test1.dir/cli_func.c.obj
                0x0000000010000ea0                cli_func_rtc_read
 .text.cli_func_rtcint_read
                0x0000000010000eb8       0x64 CMakeFiles/test1.dir/cli_func.c.obj
                0x0000000010000eb8                cli_func_rtcint_read
 .text.cli_func_test_mem
                0x0000000010000f1c       0xec CMakeFiles/test1.dir/cli_func.c.obj
                0x0000000010000f1c                cli_func_test_mem
 .text.cli_func_bh1750_init
                0x0000000010001008       0x18 CMakeFiles/test1.dir/cli_func.c.obj
                0x0000000010001008                cli_func_bh1750_init
 .text.cli_func_bh1750_read
                0x0000000010001020       0x18 CMakeFiles/test1.dir/cli_func.c.obj
                0x0000000010001020                cli_func_bh1750_read
 .text.cli_func_dcf77
                0x0000000010001038       0x18 CMakeFiles/test1.dir/cli_func.c.obj
                0x0000000010001038                cli_func_dcf77
 .text.cli_func_test
                0x0000000010001050       0x3c CMakeFiles/test1.dir/cli_func.c.obj
                0x0000000010001050                cli_func_test
 .text.cli_func_display
                0x000000001000108c       0x40 CMakeFiles/test1.dir/cli_func.c.obj
                0x000000001000108c                cli_func_display
 .text.cli_func_memdump
                0x00000000100010cc       0x4c CMakeFiles/test1.dir/cli_func.c.obj
                0x00000000100010cc                cli_func_memdump
 .text.cli_func_rtc_set_callback
                0x0000000010001118       0x24 CMakeFiles/test1.dir/cli_func.c.obj
                0x0000000010001118                cli_func_rtc_set_callback
 .text.cli_func_rtc_read_callback
                0x000000001000113c       0x7c CMakeFiles/test1.dir/cli_func.c.obj
                0x000000001000113c                cli_func_rtc_read_callback
 .text.cli_func_rtc_set
                0x00000000100011b8       0xbc CMakeFiles/test1.dir/cli_func.c.obj
                0x00000000100011b8                cli_func_rtc_set
 .text.cli_func_rtcint_set
                0x0000000010001274       0xd4 CMakeFiles/test1.dir/cli_func.c.obj
                0x0000000010001274                cli_func_rtcint_set
 .text.cli_func_bh1750_read_callback
                0x0000000010001348       0x28 CMakeFiles/test1.dir/cli_func.c.obj
                0x0000000010001348                cli_func_bh1750_read_callback
 .text.cli_func_intens
                0x0000000010001370       0x44 CMakeFiles/test1.dir/cli_func.c.obj
                0x0000000010001370                cli_func_intens
 .text.cli_func_regdump
                0x00000000100013b4       0x30 CMakeFiles/test1.dir/cli_func.c.obj
                0x00000000100013b4                cli_func_regdump
 .text.cli_func_init
                0x00000000100013e4      0x18c CMakeFiles/test1.dir/cli_func.c.obj
                0x00000000100013e4                cli_func_init
 .text.spi_drv_irq
                0x0000000010001570       0xb8 CMakeFiles/test1.dir/spi_drv.c.obj
                0x0000000010001570                spi_drv_irq
 .text.spi_drv_init
                0x0000000010001628       0x58 CMakeFiles/test1.dir/spi_drv.c.obj
                0x0000000010001628                spi_drv_init
 .text.spi_drv_send
                0x0000000010001680       0x80 CMakeFiles/test1.dir/spi_drv.c.obj
                0x0000000010001680                spi_drv_send
 .text.spi_drv_is_busy
                0x0000000010001700        0xc CMakeFiles/test1.dir/spi_drv.c.obj
                0x0000000010001700                spi_drv_is_busy
 .text.i2c_drv_irq
                0x000000001000170c      0x144 CMakeFiles/test1.dir/i2c_drv.c.obj
                0x000000001000170c                i2c_drv_irq
 .text.i2c_drv_init
                0x0000000010001850       0x68 CMakeFiles/test1.dir/i2c_drv.c.obj
                0x0000000010001850                i2c_drv_init
 .text.i2c_drv_set_utime_func
                0x00000000100018b8        0xc CMakeFiles/test1.dir/i2c_drv.c.obj
                0x00000000100018b8                i2c_drv_set_utime_func
 .text.i2c_drv_transfer_start
                0x00000000100018c4       0xf0 CMakeFiles/test1.dir/i2c_drv.c.obj
                0x00000000100018c4                i2c_drv_transfer_start
 .text.i2c_drv_poll_state
                0x00000000100019b4       0x50 CMakeFiles/test1.dir/i2c_drv.c.obj
                0x00000000100019b4                i2c_drv_poll_state
 .text.i2c_drv_get_rx_data
                0x0000000010001a04       0x4c CMakeFiles/test1.dir/i2c_drv.c.obj
                0x0000000010001a04                i2c_drv_get_rx_data
 .text.i2c_drv_get_abort_source
                0x0000000010001a50       0x10 CMakeFiles/test1.dir/i2c_drv.c.obj
                0x0000000010001a50                i2c_drv_get_abort_source
 .text.i2c_mem_read_start
                0x0000000010001a60       0x7c CMakeFiles/test1.dir/i2c_mem.c.obj
                0x0000000010001a60                i2c_mem_read_start
 .text.i2c_mem_read_poll
                0x0000000010001adc      0x118 CMakeFiles/test1.dir/i2c_mem.c.obj
                0x0000000010001adc                i2c_mem_read_poll
 .text.i2c_mem_write_start
                0x0000000010001bf4       0x88 CMakeFiles/test1.dir/i2c_mem.c.obj
                0x0000000010001bf4                i2c_mem_write_start
 .text.i2c_mem_write_poll
                0x0000000010001c7c      0x120 CMakeFiles/test1.dir/i2c_mem.c.obj
                0x0000000010001c7c                i2c_mem_write_poll
 .text.data_pattern.constprop.0
                0x0000000010001d9c       0xc0 CMakeFiles/test1.dir/test_mem.c.obj
 .text.test_mem_init
                0x0000000010001e5c        0x4 CMakeFiles/test1.dir/test_mem.c.obj
                0x0000000010001e5c                test_mem_init
 .text.test_mem_poll
                0x0000000010001e60      0x498 CMakeFiles/test1.dir/test_mem.c.obj
                0x0000000010001e60                test_mem_poll
 .text.test_mem_is_error
                0x00000000100022f8       0x10 CMakeFiles/test1.dir/test_mem.c.obj
                0x00000000100022f8                test_mem_is_error
 .text.test_mem_req
                0x0000000010002308       0x14 CMakeFiles/test1.dir/test_mem.c.obj
                0x0000000010002308                test_mem_req
 .text.datetime_time_from_text
                0x000000001000231c       0xa4 CMakeFiles/test1.dir/datetime_utils.c.obj
                0x000000001000231c                datetime_time_from_text
 .text.datetime_date_from_text
                0x00000000100023c0       0xb0 CMakeFiles/test1.dir/datetime_utils.c.obj
                0x00000000100023c0                datetime_date_from_text
 .text.datetime_is_valid_time
                0x0000000010002470       0x28 CMakeFiles/test1.dir/datetime_utils.c.obj
                0x0000000010002470                datetime_is_valid_time
 .text.datetime_is_valid_date
                0x0000000010002498       0x30 CMakeFiles/test1.dir/datetime_utils.c.obj
                0x0000000010002498                datetime_is_valid_date
 .text.datetime_is_valid
                0x00000000100024c8       0x44 CMakeFiles/test1.dir/datetime_utils.c.obj
                0x00000000100024c8                datetime_is_valid
 .text.datetime_copy_time
                0x000000001000250c       0x20 CMakeFiles/test1.dir/datetime_utils.c.obj
                0x000000001000250c                datetime_copy_time
 .text.datetime_copy_date
                0x000000001000252c       0x1c CMakeFiles/test1.dir/datetime_utils.c.obj
                0x000000001000252c                datetime_copy_date
 .text.datetime_clear
                0x0000000010002548       0x18 CMakeFiles/test1.dir/datetime_utils.c.obj
                0x0000000010002548                datetime_clear
 .text.datetime_copy
                0x0000000010002560       0x14 CMakeFiles/test1.dir/datetime_utils.c.obj
                0x0000000010002560                datetime_copy
 .text.datetime_date_compare
                0x0000000010002574       0x40 CMakeFiles/test1.dir/datetime_utils.c.obj
                0x0000000010002574                datetime_date_compare
 .text.datetime_time_diff
                0x00000000100025b4       0x48 CMakeFiles/test1.dir/datetime_utils.c.obj
                0x00000000100025b4                datetime_time_diff
 .text.i2c_rtc_init
                0x00000000100025fc        0x4 CMakeFiles/test1.dir/i2c_rtc.c.obj
                0x00000000100025fc                i2c_rtc_init
 .text.i2c_rtc_read_start
                0x0000000010002600       0x20 CMakeFiles/test1.dir/i2c_rtc.c.obj
                0x0000000010002600                i2c_rtc_read_start
 .text.i2c_rtc_read_poll
                0x0000000010002620       0xbc CMakeFiles/test1.dir/i2c_rtc.c.obj
                0x0000000010002620                i2c_rtc_read_poll
 .text.i2c_rtc_write_start
                0x00000000100026dc       0x84 CMakeFiles/test1.dir/i2c_rtc.c.obj
                0x00000000100026dc                i2c_rtc_write_start
 .text.i2c_rtc_write_poll
                0x0000000010002760       0x18 CMakeFiles/test1.dir/i2c_rtc.c.obj
                0x0000000010002760                i2c_rtc_write_poll
 .text.i2c_rtc_get_datetime
                0x0000000010002778        0x8 CMakeFiles/test1.dir/i2c_rtc.c.obj
                0x0000000010002778                i2c_rtc_get_datetime
 .text.i2c_bh1750_init
                0x0000000010002780        0x4 CMakeFiles/test1.dir/i2c_bh1750.c.obj
                0x0000000010002780                i2c_bh1750_init
 .text.i2c_bh1750_cmd_start
                0x0000000010002784       0x20 CMakeFiles/test1.dir/i2c_bh1750.c.obj
                0x0000000010002784                i2c_bh1750_cmd_start
 .text.i2c_bh1750_cmd_poll
                0x00000000100027a4       0x18 CMakeFiles/test1.dir/i2c_bh1750.c.obj
                0x00000000100027a4                i2c_bh1750_cmd_poll
 .text.i2c_bh1750_read_start
                0x00000000100027bc       0x18 CMakeFiles/test1.dir/i2c_bh1750.c.obj
                0x00000000100027bc                i2c_bh1750_read_start
 .text.i2c_bh1750_read_poll
                0x00000000100027d4       0x50 CMakeFiles/test1.dir/i2c_bh1750.c.obj
                0x00000000100027d4                i2c_bh1750_read_poll
 .text.i2c_bh1750_get_val
                0x0000000010002824        0xc CMakeFiles/test1.dir/i2c_bh1750.c.obj
                0x0000000010002824                i2c_bh1750_get_val
 .text.i2c_man_bh1750_init_callback
                0x0000000010002830       0x10 CMakeFiles/test1.dir/i2c_manager.c.obj
                0x0000000010002830                i2c_man_bh1750_init_callback
 .text.i2c_man_init
                0x0000000010002840       0x14 CMakeFiles/test1.dir/i2c_manager.c.obj
                0x0000000010002840                i2c_man_init
 .text.i2c_man_poll
                0x0000000010002854      0x240 CMakeFiles/test1.dir/i2c_manager.c.obj
                0x0000000010002854                i2c_man_poll
 .text.i2c_man_req_rtc_read
                0x0000000010002a94       0x14 CMakeFiles/test1.dir/i2c_manager.c.obj
                0x0000000010002a94                i2c_man_req_rtc_read
 .text.i2c_man_req_rtc_set
                0x0000000010002aa8       0x24 CMakeFiles/test1.dir/i2c_manager.c.obj
                0x0000000010002aa8                i2c_man_req_rtc_set
 .text.i2c_man_req_mem_test
                0x0000000010002acc       0x1c CMakeFiles/test1.dir/i2c_manager.c.obj
                0x0000000010002acc                i2c_man_req_mem_test
 .text.i2c_man_req_bh1750_init
                0x0000000010002ae8       0x14 CMakeFiles/test1.dir/i2c_manager.c.obj
                0x0000000010002ae8                i2c_man_req_bh1750_init
 .text.i2c_man_req_bh1750_read
                0x0000000010002afc       0x14 CMakeFiles/test1.dir/i2c_manager.c.obj
                0x0000000010002afc                i2c_man_req_bh1750_read
 .text.dcf_init
                0x0000000010002b10       0x5c CMakeFiles/test1.dir/dcf77.c.obj
                0x0000000010002b10                dcf_init
 .text.dcf_sig_quality
                0x0000000010002b6c       0x78 CMakeFiles/test1.dir/dcf77.c.obj
                0x0000000010002b6c                dcf_sig_quality
 .text.dcf_poll
                0x0000000010002be4      0x8ac CMakeFiles/test1.dir/dcf77.c.obj
                0x0000000010002be4                dcf_poll
 .text.dcf_get_quality
                0x0000000010003490        0xc CMakeFiles/test1.dir/dcf77.c.obj
                0x0000000010003490                dcf_get_quality
 .text.dcf_get_datetime
                0x000000001000349c       0x18 CMakeFiles/test1.dir/dcf77.c.obj
                0x000000001000349c                dcf_get_datetime
 .text.rtc_int_init
                0x00000000100034b4       0x20 CMakeFiles/test1.dir/rtc_intern.c.obj
                0x00000000100034b4                rtc_int_init
 .text.rtc_int_poll
                0x00000000100034d4       0x5c CMakeFiles/test1.dir/rtc_intern.c.obj
                0x00000000100034d4                rtc_int_poll
 .text.rtc_int_set
                0x0000000010003530       0x20 CMakeFiles/test1.dir/rtc_intern.c.obj
                0x0000000010003530                rtc_int_set
 .text.rtc_int_get_datetime
                0x0000000010003550        0x8 CMakeFiles/test1.dir/rtc_intern.c.obj
                0x0000000010003550                rtc_int_get_datetime
 .text.get_sys_ustime
                0x0000000010003558        0xc CMakeFiles/test1.dir/main.c.obj
                0x0000000010003558                get_sys_ustime
 .text.callback_i2c_rtc_set
                0x0000000010003564       0x14 CMakeFiles/test1.dir/main.c.obj
                0x0000000010003564                callback_i2c_rtc_set
 .text.display  0x0000000010003578      0x118 CMakeFiles/test1.dir/main.c.obj
                0x0000000010003578                display
 .text.dt_poll  0x0000000010003690      0x1f0 CMakeFiles/test1.dir/main.c.obj
                0x0000000010003690                dt_poll
 .text.dt_s_tout
                0x0000000010003880       0xec CMakeFiles/test1.dir/main.c.obj
                0x0000000010003880                dt_s_tout
 .text.startup.main
                0x000000001000396c      0x2d4 CMakeFiles/test1.dir/main.c.obj
                0x000000001000396c                main
 .text.prepare_digit_tx
                0x0000000010003c40       0xd8 CMakeFiles/test1.dir/disp_max.c.obj
                0x0000000010003c40                prepare_digit_tx
 .text.dispmax_clear
                0x0000000010003d18       0x1c CMakeFiles/test1.dir/disp_max.c.obj
                0x0000000010003d18                dispmax_clear
 .text.dispmax_init
                0x0000000010003d34       0x60 CMakeFiles/test1.dir/disp_max.c.obj
                0x0000000010003d34                dispmax_init
 .text.dispmax_int
                0x0000000010003d94      0x19c CMakeFiles/test1.dir/disp_max.c.obj
                0x0000000010003d94                dispmax_int
 .text.dispmax_hex
                0x0000000010003f30      0x114 CMakeFiles/test1.dir/disp_max.c.obj
                0x0000000010003f30                dispmax_hex
 .text.dispmax_puts
                0x0000000010004044       0x6c CMakeFiles/test1.dir/disp_max.c.obj
                0x0000000010004044                dispmax_puts
 .text.dispmax_putch
                0x00000000100040b0       0x84 CMakeFiles/test1.dir/disp_max.c.obj
                0x00000000100040b0                dispmax_putch
 .text.dispmax_dot
                0x0000000010004134       0x14 CMakeFiles/test1.dir/disp_max.c.obj
                0x0000000010004134                dispmax_dot
 .text.dispmax_time
                0x0000000010004148      0x228 CMakeFiles/test1.dir/disp_max.c.obj
                0x0000000010004148                dispmax_time
 .text.dispmax_intensity
                0x0000000010004370       0x68 CMakeFiles/test1.dir/disp_max.c.obj
                0x0000000010004370                dispmax_intensity
 .text.dispmax_poll
                0x00000000100043d8       0xb8 CMakeFiles/test1.dir/disp_max.c.obj
                0x00000000100043d8                dispmax_poll
 .text.gpio_set_function
                0x0000000010004490       0x30 CMakeFiles/test1.dir/home/igor/pico/pico-sdk/src/rp2_common/hardware_gpio/gpio.c.obj
                0x0000000010004490                gpio_set_function
 .text.gpio_set_pulls
                0x00000000100044c0       0x30 CMakeFiles/test1.dir/home/igor/pico/pico-sdk/src/rp2_common/hardware_gpio/gpio.c.obj
                0x00000000100044c0                gpio_set_pulls
 .text.gpio_init
                0x00000000100044f0       0x3c CMakeFiles/test1.dir/home/igor/pico/pico-sdk/src/rp2_common/hardware_gpio/gpio.c.obj
                0x00000000100044f0                gpio_init
 .text.running_on_fpga
                0x000000001000452c       0x10 CMakeFiles/test1.dir/home/igor/pico/pico-sdk/src/rp2_common/pico_platform/platform.c.obj
                0x000000001000452c                running_on_fpga
 .text.hw_claim_or_assert
                0x000000001000453c       0x44 CMakeFiles/test1.dir/home/igor/pico/pico-sdk/src/rp2_common/hardware_claim/claim.c.obj
                0x000000001000453c                hw_claim_or_assert
 .text.spin_locks_reset
                0x0000000010004580       0x1c CMakeFiles/test1.dir/home/igor/pico/pico-sdk/src/rp2_common/hardware_sync/sync.c.obj
                0x0000000010004580                spin_locks_reset
 .text.next_striped_spin_lock_num
                0x000000001000459c       0x18 CMakeFiles/test1.dir/home/igor/pico/pico-sdk/src/rp2_common/hardware_sync/sync.c.obj
                0x000000001000459c                next_striped_spin_lock_num
 .text.irq_set_enabled
                0x00000000100045b4       0x24 CMakeFiles/test1.dir/home/igor/pico/pico-sdk/src/rp2_common/hardware_irq/irq.c.obj
                0x00000000100045b4                irq_set_enabled
 .text.irq_get_vtable_handler
                0x00000000100045d8       0x10 CMakeFiles/test1.dir/home/igor/pico/pico-sdk/src/rp2_common/hardware_irq/irq.c.obj
                0x00000000100045d8                irq_get_vtable_handler
 .text.irq_set_exclusive_handler
                0x00000000100045e8       0x54 CMakeFiles/test1.dir/home/igor/pico/pico-sdk/src/rp2_common/hardware_irq/irq.c.obj
                0x00000000100045e8                irq_set_exclusive_handler
 .text.irq_remove_handler
                0x000000001000463c      0x1b0 CMakeFiles/test1.dir/home/igor/pico/pico-sdk/src/rp2_common/hardware_irq/irq.c.obj
                0x000000001000463c                irq_remove_handler
 .text.irq_set_priority
                0x00000000100047ec       0x28 CMakeFiles/test1.dir/home/igor/pico/pico-sdk/src/rp2_common/hardware_irq/irq.c.obj
                0x00000000100047ec                irq_set_priority
 .text.irq_add_tail_to_free_list
                0x0000000010004814       0xb4 CMakeFiles/test1.dir/home/igor/pico/pico-sdk/src/rp2_common/hardware_irq/irq.c.obj
                0x0000000010004814                irq_add_tail_to_free_list
 .text.irq_init_priorities
                0x00000000100048c8       0x24 CMakeFiles/test1.dir/home/igor/pico/pico-sdk/src/rp2_common/hardware_irq/irq.c.obj
                0x00000000100048c8                irq_init_priorities
 .text.lock_init
                0x00000000100048ec       0x10 CMakeFiles/test1.dir/home/igor/pico/pico-sdk/src/common/pico_sync/lock_core.c.obj
                0x00000000100048ec                lock_init
 .text.mutex_init
                0x00000000100048fc       0x1c CMakeFiles/test1.dir/home/igor/pico/pico-sdk/src/common/pico_sync/mutex.c.obj
                0x00000000100048fc                mutex_init
 .text.recursive_mutex_init
                0x0000000010004918       0x1c CMakeFiles/test1.dir/home/igor/pico/pico-sdk/src/common/pico_sync/mutex.c.obj
                0x0000000010004918                recursive_mutex_init
 .text.timer_pool_entry_comparator
                0x0000000010004934       0x34 CMakeFiles/test1.dir/home/igor/pico/pico-sdk/src/common/pico_time/time.c.obj
                0x0000000010004934                timer_pool_entry_comparator
 .text.sleep_until_callback
                0x0000000010004968       0x30 CMakeFiles/test1.dir/home/igor/pico/pico-sdk/src/common/pico_time/time.c.obj
 .text.add_alarm_under_lock.isra.0
                0x0000000010004998      0x100 CMakeFiles/test1.dir/home/igor/pico/pico-sdk/src/common/pico_time/time.c.obj
 .text.alarm_pool_alarm_callback
                0x0000000010004a98      0x1bc CMakeFiles/test1.dir/home/igor/pico/pico-sdk/src/common/pico_time/time.c.obj
 .text.alarm_pool_init_default
                0x0000000010004c54       0x6c CMakeFiles/test1.dir/home/igor/pico/pico-sdk/src/common/pico_time/time.c.obj
                0x0000000010004c54                alarm_pool_init_default
 .text.alarm_pool_add_alarm_at
                0x0000000010004cc0      0x178 CMakeFiles/test1.dir/home/igor/pico/pico-sdk/src/common/pico_time/time.c.obj
                0x0000000010004cc0                alarm_pool_add_alarm_at
 .text.best_effort_wfe_or_timeout
                0x0000000010004e38       0xd4 CMakeFiles/test1.dir/home/igor/pico/pico-sdk/src/common/pico_time/time.c.obj
                0x0000000010004e38                best_effort_wfe_or_timeout
 .text.hardware_alarm_irq_handler
                0x0000000010004f0c       0xbc CMakeFiles/test1.dir/home/igor/pico/pico-sdk/src/rp2_common/hardware_timer/timer.c.obj
 .text.hardware_alarm_claim
                0x0000000010004fc8       0x18 CMakeFiles/test1.dir/home/igor/pico/pico-sdk/src/rp2_common/hardware_timer/timer.c.obj
                0x0000000010004fc8                hardware_alarm_claim
 .text.time_us_64
                0x0000000010004fe0       0x14 CMakeFiles/test1.dir/home/igor/pico/pico-sdk/src/rp2_common/hardware_timer/timer.c.obj
                0x0000000010004fe0                time_us_64
 .text.busy_wait_us
                0x0000000010004ff4       0x54 CMakeFiles/test1.dir/home/igor/pico/pico-sdk/src/rp2_common/hardware_timer/timer.c.obj
                0x0000000010004ff4                busy_wait_us
 .text.hardware_alarm_set_callback
                0x0000000010005048       0x8c CMakeFiles/test1.dir/home/igor/pico/pico-sdk/src/rp2_common/hardware_timer/timer.c.obj
                0x0000000010005048                hardware_alarm_set_callback
 .text.hardware_alarm_set_target
                0x00000000100050d4       0xd4 CMakeFiles/test1.dir/home/igor/pico/pico-sdk/src/rp2_common/hardware_timer/timer.c.obj
                0x00000000100050d4                hardware_alarm_set_target
 .text.hardware_alarm_cancel
                0x00000000100051a8       0x3c CMakeFiles/test1.dir/home/igor/pico/pico-sdk/src/rp2_common/hardware_timer/timer.c.obj
                0x00000000100051a8                hardware_alarm_cancel
 .text.ph_merge_nodes
                0x00000000100051e4       0x68 CMakeFiles/test1.dir/home/igor/pico/pico-sdk/src/common/pico_util/pheap.c.obj
 .text.ph_post_alloc_init
                0x000000001000524c       0x3c CMakeFiles/test1.dir/home/igor/pico/pico-sdk/src/common/pico_util/pheap.c.obj
                0x000000001000524c                ph_post_alloc_init
 .text.ph_merge_two_pass
                0x0000000010005288       0x90 CMakeFiles/test1.dir/home/igor/pico/pico-sdk/src/common/pico_util/pheap.c.obj
                0x0000000010005288                ph_merge_two_pass
 .text.ph_remove_any_head
                0x0000000010005318      0x100 CMakeFiles/test1.dir/home/igor/pico/pico-sdk/src/common/pico_util/pheap.c.obj
 .text.ph_remove_head
                0x0000000010005418      0x104 CMakeFiles/test1.dir/home/igor/pico/pico-sdk/src/common/pico_util/pheap.c.obj
                0x0000000010005418                ph_remove_head
 .text.ph_remove_and_free_node
                0x000000001000551c       0x7c CMakeFiles/test1.dir/home/igor/pico/pico-sdk/src/common/pico_util/pheap.c.obj
                0x000000001000551c                ph_remove_and_free_node
 .text.uart_init
                0x0000000010005598      0x188 CMakeFiles/test1.dir/home/igor/pico/pico-sdk/src/rp2_common/hardware_uart/uart.c.obj
                0x0000000010005598                uart_init
 .text.uart_set_baudrate
                0x0000000010005720       0xb8 CMakeFiles/test1.dir/home/igor/pico/pico-sdk/src/rp2_common/hardware_uart/uart.c.obj
                0x0000000010005720                uart_set_baudrate
 .text.uart_set_format
                0x00000000100057d8       0x7c CMakeFiles/test1.dir/home/igor/pico/pico-sdk/src/rp2_common/hardware_uart/uart.c.obj
                0x00000000100057d8                uart_set_format
 .text.uart_set_fifo_enabled
                0x0000000010005854       0x64 CMakeFiles/test1.dir/home/igor/pico/pico-sdk/src/rp2_common/hardware_uart/uart.c.obj
                0x0000000010005854                uart_set_fifo_enabled
 .text.clocks_init
                0x00000000100058b8      0x2d0 CMakeFiles/test1.dir/home/igor/pico/pico-sdk/src/rp2_common/hardware_clocks/clocks.c.obj
                0x00000000100058b8                clocks_init
 .text.clock_get_hz
                0x0000000010005b88        0xc CMakeFiles/test1.dir/home/igor/pico/pico-sdk/src/rp2_common/hardware_clocks/clocks.c.obj
                0x0000000010005b88                clock_get_hz
 .text.pll_init
                0x0000000010005b94       0xa0 CMakeFiles/test1.dir/home/igor/pico/pico-sdk/src/rp2_common/hardware_pll/pll.c.obj
                0x0000000010005b94                pll_init
 .text.watchdog_start_tick
                0x0000000010005c34       0x10 CMakeFiles/test1.dir/home/igor/pico/pico-sdk/src/rp2_common/hardware_watchdog/watchdog.c.obj
                0x0000000010005c34                watchdog_start_tick
 .text.watchdog_update
                0x0000000010005c44       0x14 CMakeFiles/test1.dir/home/igor/pico/pico-sdk/src/rp2_common/hardware_watchdog/watchdog.c.obj
                0x0000000010005c44                watchdog_update
 .text.watchdog_enable
                0x0000000010005c58       0x84 CMakeFiles/test1.dir/home/igor/pico/pico-sdk/src/rp2_common/hardware_watchdog/watchdog.c.obj
                0x0000000010005c58                watchdog_enable
 .text.watchdog_caused_reboot
                0x0000000010005cdc       0x10 CMakeFiles/test1.dir/home/igor/pico/pico-sdk/src/rp2_common/hardware_watchdog/watchdog.c.obj
                0x0000000010005cdc                watchdog_caused_reboot
 .text.xosc_init
                0x0000000010005cec       0x28 CMakeFiles/test1.dir/home/igor/pico/pico-sdk/src/rp2_common/hardware_xosc/xosc.c.obj
                0x0000000010005cec                xosc_init
 .text.runtime_init
                0x0000000010005d14       0xf0 CMakeFiles/test1.dir/home/igor/pico/pico-sdk/src/rp2_common/pico_runtime/runtime.c.obj
                0x0000000010005d14                runtime_init
 .text._exit    0x0000000010005e04        0x4 CMakeFiles/test1.dir/home/igor/pico/pico-sdk/src/rp2_common/pico_runtime/runtime.c.obj
                0x0000000010005e04                _exit
 .text.exit     0x0000000010005e08        0x8 CMakeFiles/test1.dir/home/igor/pico/pico-sdk/src/rp2_common/pico_runtime/runtime.c.obj
                0x0000000010005e08                exit
 .text.panic    0x0000000010005e10       0x30 CMakeFiles/test1.dir/home/igor/pico/pico-sdk/src/rp2_common/pico_runtime/runtime.c.obj
                0x0000000010005e10                panic
 .text.hard_assertion_failure
                0x0000000010005e40        0xc CMakeFiles/test1.dir/home/igor/pico/pico-sdk/src/rp2_common/pico_runtime/runtime.c.obj
                0x0000000010005e40                hard_assertion_failure
 .text._out_buffer
                0x0000000010005e4c        0x8 CMakeFiles/test1.dir/home/igor/pico/pico-sdk/src/rp2_common/pico_printf/printf.c.obj
 .text._out_null
                0x0000000010005e54        0x4 CMakeFiles/test1.dir/home/igor/pico/pico-sdk/src/rp2_common/pico_printf/printf.c.obj
 .text._out_rev
                0x0000000010005e58       0x9c CMakeFiles/test1.dir/home/igor/pico/pico-sdk/src/rp2_common/pico_printf/printf.c.obj
 .text._ntoa_format
                0x0000000010005ef4      0x1cc CMakeFiles/test1.dir/home/igor/pico/pico-sdk/src/rp2_common/pico_printf/printf.c.obj
 .text._out_char
                0x00000000100060c0       0x10 CMakeFiles/test1.dir/home/igor/pico/pico-sdk/src/rp2_common/pico_printf/printf.c.obj
 .text._etoa    0x00000000100060d0      0x44c CMakeFiles/test1.dir/home/igor/pico/pico-sdk/src/rp2_common/pico_printf/printf.c.obj
 .text._ftoa    0x000000001000651c      0x398 CMakeFiles/test1.dir/home/igor/pico/pico-sdk/src/rp2_common/pico_printf/printf.c.obj
 .text._vsnprintf
                0x00000000100068b4      0xb04 CMakeFiles/test1.dir/home/igor/pico/pico-sdk/src/rp2_common/pico_printf/printf.c.obj
 .text.__wrap_vsnprintf
                0x00000000100073b8       0x1c CMakeFiles/test1.dir/home/igor/pico/pico-sdk/src/rp2_common/pico_printf/printf.c.obj
                0x00000000100073b8                __wrap_vsnprintf
 .text.weak_raw_vprintf
                0x00000000100073d4       0x30 CMakeFiles/test1.dir/home/igor/pico/pico-sdk/src/rp2_common/pico_printf/printf.c.obj
                0x00000000100073d4                weak_raw_vprintf
 .text          0x0000000010007404       0x10 CMakeFiles/test1.dir/home/igor/pico/pico-sdk/src/rp2_common/pico_bit_ops/bit_ops_aeabi.S.obj
 .text.rom_func_lookup
                0x0000000010007414       0x10 CMakeFiles/test1.dir/home/igor/pico/pico-sdk/src/rp2_common/pico_bootrom/bootrom.c.obj
                0x0000000010007414                rom_func_lookup
 .text.rom_data_lookup
                0x0000000010007424       0x10 CMakeFiles/test1.dir/home/igor/pico/pico-sdk/src/rp2_common/pico_bootrom/bootrom.c.obj
                0x0000000010007424                rom_data_lookup
 .text.rom_funcs_lookup
                0x0000000010007434       0x44 CMakeFiles/test1.dir/home/igor/pico/pico-sdk/src/rp2_common/pico_bootrom/bootrom.c.obj
                0x0000000010007434                rom_funcs_lookup
 .text.__wrap___aeabi_idiv
                0x0000000010007478       0x50 CMakeFiles/test1.dir/home/igor/pico/pico-sdk/src/rp2_common/pico_divider/divider.S.obj
                0x0000000010007478                __wrap___aeabi_idivmod
                0x0000000010007478                divmod_s32s32
                0x0000000010007478                div_s32s32
                0x0000000010007478                __wrap___aeabi_idiv
                0x0000000010007480                divmod_s32s32_unsafe
                0x00000000100074ac                divmod_s32s32_savestate
 .text.__wrap___aeabi_uidiv
                0x00000000100074c8       0x4c CMakeFiles/test1.dir/home/igor/pico/pico-sdk/src/rp2_common/pico_divider/divider.S.obj
                0x00000000100074c8                __wrap___aeabi_uidiv
                0x00000000100074c8                __wrap___aeabi_uidivmod
                0x00000000100074c8                div_u32u32
                0x00000000100074c8                divmod_u32u32
                0x00000000100074d0                divmod_u32u32_unsafe
                0x00000000100074f8                divmod_u32u32_savestate
 .text.__wrap___aeabi_ldiv
                0x0000000010007514      0x424 CMakeFiles/test1.dir/home/igor/pico/pico-sdk/src/rp2_common/pico_divider/divider.S.obj
                0x0000000010007514                div_s64s64
                0x0000000010007514                divmod_s64s64
                0x0000000010007514                __wrap___aeabi_ldivmod
                0x0000000010007544                div_u64u64
                0x0000000010007544                divmod_u64u64
                0x0000000010007544                __wrap___aeabi_uldivmod
                0x0000000010007554                divmod_u64u64_savestate
                0x0000000010007574                divmod_s64s64_unsafe
                0x00000000100075fc                divmod_u64u64_unsafe
 .text.__wrap___aeabi_darithmetic
                0x0000000010007938       0x80 CMakeFiles/test1.dir/home/igor/pico/pico-sdk/src/rp2_common/pico_double/double_aeabi.S.obj
                0x0000000010007938                __wrap___aeabi_drsub
                0x000000001000793e                __wrap___aeabi_dsub
                0x0000000010007950                __wrap___aeabi_dadd
                0x0000000010007962                __wrap___aeabi_ddiv
                0x000000001000799e                __wrap___aeabi_dmul
 .text.__wrap___aeabi_cdcmple
                0x00000000100079b8       0x6c CMakeFiles/test1.dir/home/igor/pico/pico-sdk/src/rp2_common/pico_double/double_aeabi.S.obj
                0x00000000100079b8                __wrap___aeabi_cdrcmple
                0x00000000100079c8                __wrap___aeabi_cdcmple
                0x00000000100079c8                __wrap___aeabi_cdcmpeq
 .text.__wrap___aeabi_dcmplt
                0x0000000010007a24        0xc CMakeFiles/test1.dir/home/igor/pico/pico-sdk/src/rp2_common/pico_double/double_aeabi.S.obj
                0x0000000010007a24                __wrap___aeabi_dcmplt
 .text.__wrap___aeabi_dcmple
                0x0000000010007a30       0x10 CMakeFiles/test1.dir/home/igor/pico/pico-sdk/src/rp2_common/pico_double/double_aeabi.S.obj
                0x0000000010007a30                __wrap___aeabi_dcmple
 .text.__wrap___aeabi_dcmpge
                0x0000000010007a40       0x10 CMakeFiles/test1.dir/home/igor/pico/pico-sdk/src/rp2_common/pico_double/double_aeabi.S.obj
                0x0000000010007a40                __wrap___aeabi_dcmpge
 .text.__wrap___aeabi_dcmpgt
                0x0000000010007a50        0xa CMakeFiles/test1.dir/home/igor/pico/pico-sdk/src/rp2_common/pico_double/double_aeabi.S.obj
                0x0000000010007a50                __wrap___aeabi_dcmpgt
 .text.__wrap___aeabi_dcmpun
                0x0000000010007a5a       0x1c CMakeFiles/test1.dir/home/igor/pico/pico-sdk/src/rp2_common/pico_double/double_aeabi.S.obj
                0x0000000010007a5a                __wrap___aeabi_dcmpun
 *fill*         0x0000000010007a76        0x2 
 .text.__wrap___aeabi_i2d
                0x0000000010007a78       0x38 CMakeFiles/test1.dir/home/igor/pico/pico-sdk/src/rp2_common/pico_double/double_aeabi.S.obj
                0x0000000010007a78                __wrap___aeabi_ui2d
                0x0000000010007a80                __wrap___aeabi_i2d
 .text.__wrap___aeabi_d2iz
                0x0000000010007ab0       0x48 CMakeFiles/test1.dir/home/igor/pico/pico-sdk/src/rp2_common/pico_double/double_aeabi.S.obj
                0x0000000010007ab0                __wrap___aeabi_d2iz
                0x0000000010007ab0                double2int_z
 .text.__wrap___aeabi_d2uiz
                0x0000000010007af8       0x18 CMakeFiles/test1.dir/home/igor/pico/pico-sdk/src/rp2_common/pico_double/double_aeabi.S.obj
                0x0000000010007af8                double2uint
                0x0000000010007af8                __wrap___aeabi_d2uiz
 .text.__aeabi_double_init
                0x0000000010007b10       0x94 CMakeFiles/test1.dir/home/igor/pico/pico-sdk/src/rp2_common/pico_double/double_init_rom.c.obj
                0x0000000010007b10                __aeabi_double_init
 .text.double_table_shim_on_use_helper
                0x0000000010007ba4       0x2c CMakeFiles/test1.dir/home/igor/pico/pico-sdk/src/rp2_common/pico_double/double_v1_rom_shim.S.obj
                0x0000000010007ba4                double_table_shim_on_use_helper
 .text.__wrap___aeabi_dsub
                0x0000000010007bd0       0x10 CMakeFiles/test1.dir/home/igor/pico/pico-sdk/src/rp2_common/pico_double/double_v1_rom_shim.S.obj
                0x0000000010007bd0                drsub_shim
                0x0000000010007bd6                dsub_shim
 .text.dadd_shim
                0x0000000010007be0      0x15c CMakeFiles/test1.dir/home/igor/pico/pico-sdk/src/rp2_common/pico_double/double_v1_rom_shim.S.obj
                0x0000000010007be0                dadd_shim
 .text.dmul_shim
                0x0000000010007d3c      0x15c CMakeFiles/test1.dir/home/igor/pico/pico-sdk/src/rp2_common/pico_double/double_v1_rom_shim.S.obj
                0x0000000010007d3c                dmul_shim
 .text.ddiv_shim
                0x0000000010007e98      0x1b0 CMakeFiles/test1.dir/home/igor/pico/pico-sdk/src/rp2_common/pico_double/double_v1_rom_shim.S.obj
                0x0000000010007e98                ddiv_shim
 .text.double2uint_shim
                0x0000000010008048        0xe CMakeFiles/test1.dir/home/igor/pico/pico-sdk/src/rp2_common/pico_double/double_v1_rom_shim.S.obj
                0x0000000010008048                double2uint_shim
                0x000000001000804a                double2ufix_shim
 *fill*         0x0000000010008056        0x2 
 .text.double2uint64_shim
                0x0000000010008058       0x70 CMakeFiles/test1.dir/home/igor/pico/pico-sdk/src/rp2_common/pico_double/double_v1_rom_shim.S.obj
                0x0000000010008058                double2uint64_shim
                0x000000001000805a                double2ufix64_shim
                0x000000001000807a                d2fix_a
 .text.dunpacks
                0x00000000100080c8       0x3c CMakeFiles/test1.dir/home/igor/pico/pico-sdk/src/rp2_common/pico_double/double_v1_rom_shim.S.obj
                0x00000000100080c8                dunpacks
 .text.__aeabi_float_init
                0x0000000010008104       0x64 CMakeFiles/test1.dir/home/igor/pico/pico-sdk/src/rp2_common/pico_float/float_init_rom.c.obj
                0x0000000010008104                __aeabi_float_init
 .text.float_table_shim_on_use_helper
                0x0000000010008168       0x2c CMakeFiles/test1.dir/home/igor/pico/pico-sdk/src/rp2_common/pico_float/float_v1_rom_shim.S.obj
                0x0000000010008168                float_table_shim_on_use_helper
 .text          0x0000000010008194       0x10 CMakeFiles/test1.dir/home/igor/pico/pico-sdk/src/rp2_common/pico_mem_ops/mem_ops_aeabi.S.obj
                0x0000000010008194                __aeabi_mem_init
 .text.memset   0x00000000100081a4        0xc CMakeFiles/test1.dir/home/igor/pico/pico-sdk/src/rp2_common/pico_mem_ops/mem_ops_aeabi.S.obj
                0x00000000100081a4                __wrap_memset
 .text.memcpy   0x00000000100081b0        0xc CMakeFiles/test1.dir/home/igor/pico/pico-sdk/src/rp2_common/pico_mem_ops/mem_ops_aeabi.S.obj
                0x00000000100081b0                __wrap___aeabi_memcpy
                0x00000000100081b0                __wrap_memcpy
 .text.stdio_out_chars_no_crlf
                0x00000000100081bc       0x10 CMakeFiles/test1.dir/home/igor/pico/pico-sdk/src/rp2_common/pico_stdio/stdio.c.obj
 .text.stdio_out_chars_crlf
                0x00000000100081cc       0xb4 CMakeFiles/test1.dir/home/igor/pico/pico-sdk/src/rp2_common/pico_stdio/stdio.c.obj
 .text.stdio_put_string.isra.0
                0x0000000010008280       0xfc CMakeFiles/test1.dir/home/igor/pico/pico-sdk/src/rp2_common/pico_stdio/stdio.c.obj
 .text.__wrap_putchar
                0x000000001000837c       0x98 CMakeFiles/test1.dir/home/igor/pico/pico-sdk/src/rp2_common/pico_stdio/stdio.c.obj
                0x000000001000837c                __wrap_putchar
 .text.__wrap_puts
                0x0000000010008414       0x3c CMakeFiles/test1.dir/home/igor/pico/pico-sdk/src/rp2_common/pico_stdio/stdio.c.obj
                0x0000000010008414                __wrap_puts
 .text.spi_init
                0x0000000010008450      0x138 CMakeFiles/test1.dir/home/igor/pico/pico-sdk/src/rp2_common/hardware_spi/spi.c.obj
                0x0000000010008450                spi_init
 .text.i2c_set_baudrate
                0x0000000010008588       0xc4 CMakeFiles/test1.dir/home/igor/pico/pico-sdk/src/rp2_common/hardware_i2c/i2c.c.obj
                0x0000000010008588                i2c_set_baudrate
 .text.i2c_init
                0x000000001000864c       0x54 CMakeFiles/test1.dir/home/igor/pico/pico-sdk/src/rp2_common/hardware_i2c/i2c.c.obj
                0x000000001000864c                i2c_init
 .text.rtc_running
                0x00000000100086a0       0x10 CMakeFiles/test1.dir/home/igor/pico/pico-sdk/src/rp2_common/hardware_rtc/rtc.c.obj
                0x00000000100086a0                rtc_running
 .text.rtc_init
                0x00000000100086b0       0x38 CMakeFiles/test1.dir/home/igor/pico/pico-sdk/src/rp2_common/hardware_rtc/rtc.c.obj
                0x00000000100086b0                rtc_init
 .text.rtc_set_datetime
                0x00000000100086e8       0xac CMakeFiles/test1.dir/home/igor/pico/pico-sdk/src/rp2_common/hardware_rtc/rtc.c.obj
                0x00000000100086e8                rtc_set_datetime
 .text.rtc_get_datetime
                0x0000000010008794       0x44 CMakeFiles/test1.dir/home/igor/pico/pico-sdk/src/rp2_common/hardware_rtc/rtc.c.obj
                0x0000000010008794                rtc_get_datetime
 .text          0x00000000100087d8       0x88 /usr/lib/gcc/arm-none-eabi/10.3.1/../../../arm-none-eabi/lib/thumb/v6-m/nofp/libc.a(lib_a-strcmp.o)
                0x00000000100087d8                strcmp
 .text          0x0000000010008860       0x5c /usr/lib/gcc/arm-none-eabi/10.3.1/../../../arm-none-eabi/lib/thumb/v6-m/nofp/libc.a(lib_a-strlen-stub.o)
                0x0000000010008860                strlen
 .text          0x00000000100088bc       0x74 /usr/lib/gcc/arm-none-eabi/10.3.1/../../../arm-none-eabi/lib/thumb/v6-m/nofp/libc.a(lib_a-strncmp.o)
                0x00000000100088bc                strncmp
 *(.fini)
 .fini          0x0000000010008930        0x4 /usr/lib/gcc/arm-none-eabi/10.3.1/thumb/v6-m/nofp/crti.o
                0x0000000010008930                _fini
 *fill*         0x0000000010008934        0x4 
 .fini.__stub   0x0000000010008938       0x40 linker stubs
 *crtbegin.o(.ctors)
 *crtbegin?.o(.ctors)
 *(EXCLUDE_FILE(*crtend.o *crtend?.o) .ctors)
 *(SORT_BY_NAME(.ctors.*))
 *(.ctors)
 *crtbegin.o(.dtors)
 *crtbegin?.o(.dtors)
 *(EXCLUDE_FILE(*crtend.o *crtend?.o) .dtors)
 *(SORT_BY_NAME(.dtors.*))
 *(.dtors)
 *(.eh_frame*)
 .eh_frame      0x0000000010008978        0x0 /usr/lib/gcc/arm-none-eabi/10.3.1/thumb/v6-m/nofp/crtbegin.o
                0x0000000010008978                . = ALIGN (0x4)

.glue_7         0x0000000010008978        0x0
 .glue_7        0x0000000010008978        0x0 linker stubs

.glue_7t        0x0000000010008978        0x0
 .glue_7t       0x0000000010008978        0x0 linker stubs

.vfp11_veneer   0x0000000010008978        0x0
 .vfp11_veneer  0x0000000010008978        0x0 linker stubs

.v4_bx          0x0000000010008978        0x0
 .v4_bx         0x0000000010008978        0x0 linker stubs

.iplt           0x0000000010008978        0x0
 .iplt          0x0000000010008978        0x0 /usr/lib/gcc/arm-none-eabi/10.3.1/thumb/v6-m/nofp/crtbegin.o

.rodata         0x0000000010008978      0xe9c
 *(EXCLUDE_FILE(*libm.a: *libc.a:*lib_a-mem*.o *libgcc.a:) .rodata*)
 .rodata.io_printf.constprop.0.str1.4
                0x0000000010008978        0x8 CMakeFiles/test1.dir/in_out.c.obj
 .rodata.io_printf.constprop.1.str1.4
                0x0000000010008980        0x8 CMakeFiles/test1.dir/in_out.c.obj
 .rodata.io_dump.str1.4
                0x0000000010008988        0x4 CMakeFiles/test1.dir/in_out.c.obj
                                          0x7 (size before relaxing)
 .rodata.cli_poll.str1.4
                0x000000001000898c       0x41 CMakeFiles/test1.dir/cli.c.obj
                                         0x45 (size before relaxing)
 *fill*         0x00000000100089cd        0x3 
 .rodata.cli_func_dummy.str1.4
                0x00000000100089d0       0x48 CMakeFiles/test1.dir/cli_func.c.obj
 .rodata.cli_func_systime.str1.4
                0x0000000010008a18       0x1e CMakeFiles/test1.dir/cli_func.c.obj
 *fill*         0x0000000010008a36        0x2 
 .rodata.cli_func_test_mem_callback.str1.4
                0x0000000010008a38       0x2c CMakeFiles/test1.dir/cli_func.c.obj
 .rodata.cli_func_bh1750_init_callback.str1.4
                0x0000000010008a64       0x2c CMakeFiles/test1.dir/cli_func.c.obj
 .rodata.cli_func_rtc_read.str1.4
                0x0000000010008a90       0x14 CMakeFiles/test1.dir/cli_func.c.obj
 .rodata.cli_func_rtcint_read.str1.4
                0x0000000010008aa4       0x5e CMakeFiles/test1.dir/cli_func.c.obj
 *fill*         0x0000000010008b02        0x2 
 .rodata.cli_func_test_mem.str1.4
                0x0000000010008b04       0x37 CMakeFiles/test1.dir/cli_func.c.obj
                                         0x3f (size before relaxing)
 *fill*         0x0000000010008b3b        0x1 
 .rodata.cli_func_bh1750_init.str1.4
                0x0000000010008b3c       0x17 CMakeFiles/test1.dir/cli_func.c.obj
 *fill*         0x0000000010008b53        0x1 
 .rodata.cli_func_bh1750_read.str1.4
                0x0000000010008b54       0x17 CMakeFiles/test1.dir/cli_func.c.obj
 *fill*         0x0000000010008b6b        0x1 
 .rodata.cli_func_dcf77.str1.4
                0x0000000010008b6c       0x14 CMakeFiles/test1.dir/cli_func.c.obj
 .rodata.cli_func_display.str1.4
                0x0000000010008b80       0x2d CMakeFiles/test1.dir/cli_func.c.obj
 *fill*         0x0000000010008bad        0x3 
 .rodata.cli_func_memdump.str1.4
                0x0000000010008bb0       0x12 CMakeFiles/test1.dir/cli_func.c.obj
 *fill*         0x0000000010008bc2        0x2 
 .rodata.cli_func_rtc_set_callback.str1.4
                0x0000000010008bc4       0x14 CMakeFiles/test1.dir/cli_func.c.obj
 .rodata.cli_func_rtc_read_callback.str1.4
                0x0000000010008bd8       0x1d CMakeFiles/test1.dir/cli_func.c.obj
 *fill*         0x0000000010008bf5        0x3 
 .rodata.cli_func_rtc_set.str1.4
                0x0000000010008bf8       0x88 CMakeFiles/test1.dir/cli_func.c.obj
 .rodata.cli_func_rtcint_set.str1.4
                0x0000000010008c80        0x8 CMakeFiles/test1.dir/cli_func.c.obj
 .rodata.cli_func_bh1750_read_callback.str1.4
                0x0000000010008c88       0x24 CMakeFiles/test1.dir/cli_func.c.obj
 .rodata.cli_func_intens.str1.4
                0x0000000010008cac       0x2f CMakeFiles/test1.dir/cli_func.c.obj
 *fill*         0x0000000010008cdb        0x1 
 .rodata.cli_func_regdump.str1.4
                0x0000000010008cdc       0x2c CMakeFiles/test1.dir/cli_func.c.obj
 .rodata.cli_func_init.str1.4
                0x0000000010008d08      0x153 CMakeFiles/test1.dir/cli_func.c.obj
 *fill*         0x0000000010008e5b        0x1 
 .rodata.test_mem_poll.str1.4
                0x0000000010008e5c      0x173 CMakeFiles/test1.dir/test_mem.c.obj
 *fill*         0x0000000010008fcf        0x1 
 .rodata.test_mem_poll
                0x0000000010008fd0       0x18 CMakeFiles/test1.dir/test_mem.c.obj
 .rodata.auto_req_list
                0x0000000010008fe8       0xa0 CMakeFiles/test1.dir/test_mem.c.obj
 .rodata.CSWTCH.17
                0x0000000010009088        0x5 CMakeFiles/test1.dir/i2c_rtc.c.obj
 *fill*         0x000000001000908d        0x3 
 .rodata.CSWTCH.6
                0x0000000010009090        0x5 CMakeFiles/test1.dir/i2c_bh1750.c.obj
 *fill*         0x0000000010009095        0x3 
 .rodata.i2c_man_poll
                0x0000000010009098       0x18 CMakeFiles/test1.dir/i2c_manager.c.obj
 .rodata.dcf_poll.str1.4
                0x00000000100090b0      0x283 CMakeFiles/test1.dir/dcf77.c.obj
                                        0x2bb (size before relaxing)
 *fill*         0x0000000010009333        0x1 
 .rodata.display.str1.4
                0x0000000010009334        0xc CMakeFiles/test1.dir/main.c.obj
 .rodata.display
                0x0000000010009340       0x34 CMakeFiles/test1.dir/main.c.obj
 .rodata.dt_poll.str1.4
                0x0000000010009374       0x6c CMakeFiles/test1.dir/main.c.obj
                                         0x88 (size before relaxing)
 .rodata.dt_s_tout.str1.4
                0x00000000100093e0       0x6f CMakeFiles/test1.dir/main.c.obj
 *fill*         0x000000001000944f        0x1 
 .rodata.main.str1.4
                0x0000000010009450       0x52 CMakeFiles/test1.dir/main.c.obj
 *fill*         0x00000000100094a2        0x2 
 .rodata.dispmax_time.str1.4
                0x00000000100094a4        0x4 CMakeFiles/test1.dir/disp_max.c.obj
 .rodata.seg_tab
                0x00000000100094a8       0x80 CMakeFiles/test1.dir/disp_max.c.obj
 .rodata.hardware_alarm_claim.str1.4
                0x0000000010009528       0x22 CMakeFiles/test1.dir/home/igor/pico/pico-sdk/src/rp2_common/hardware_timer/timer.c.obj
 *fill*         0x000000001000954a        0x2 
 .rodata.panic.str1.4
                0x000000001000954c       0x10 CMakeFiles/test1.dir/home/igor/pico/pico-sdk/src/rp2_common/pico_runtime/runtime.c.obj
                                         0x12 (size before relaxing)
 .rodata.hard_assertion_failure.str1.4
                0x000000001000955c        0xc CMakeFiles/test1.dir/home/igor/pico/pico-sdk/src/rp2_common/pico_runtime/runtime.c.obj
 .rodata._ftoa.str1.4
                0x0000000010009568       0x15 CMakeFiles/test1.dir/home/igor/pico/pico-sdk/src/rp2_common/pico_printf/printf.c.obj
 *fill*         0x000000001000957d        0x3 
 .rodata._vsnprintf
                0x0000000010009580      0x1e0 CMakeFiles/test1.dir/home/igor/pico/pico-sdk/src/rp2_common/pico_printf/printf.c.obj
 .rodata.pow10.0
                0x0000000010009760       0x50 CMakeFiles/test1.dir/home/igor/pico/pico-sdk/src/rp2_common/pico_printf/printf.c.obj
 .rodata.str1.4
                0x00000000100097b0       0x3c CMakeFiles/test1.dir/home/igor/pico/pico-sdk/src/rp2_common/pico_standard_link/binary_info.c.obj
 .rodata.__bi_44
                0x00000000100097ec        0xc CMakeFiles/test1.dir/home/igor/pico/pico-sdk/src/rp2_common/pico_standard_link/binary_info.c.obj
 .rodata.__bi_75
                0x00000000100097f8        0xc CMakeFiles/test1.dir/home/igor/pico/pico-sdk/src/rp2_common/pico_standard_link/binary_info.c.obj
 .rodata.__bi_81
                0x0000000010009804        0xc CMakeFiles/test1.dir/home/igor/pico/pico-sdk/src/rp2_common/pico_standard_link/binary_info.c.obj
 .rodata.crlf_str.0
                0x0000000010009810        0x2 CMakeFiles/test1.dir/home/igor/pico/pico-sdk/src/rp2_common/pico_stdio/stdio.c.obj
                0x0000000010009814                . = ALIGN (0x4)
 *fill*         0x0000000010009812        0x2 
 *(SORT_BY_ALIGNMENT(SORT_BY_NAME(.flashdata*)))
                0x0000000010009814                . = ALIGN (0x4)

.ARM.extab
 *(.ARM.extab* .gnu.linkonce.armextab.*)
                0x0000000010009814                __exidx_start = .

.ARM.exidx
 *(.ARM.exidx* .gnu.linkonce.armexidx.*)
                0x0000000010009814                __exidx_end = .
                0x0000000010009814                . = ALIGN (0x4)
                0x0000000010009814                __binary_info_start = .

.binary_info    0x0000000010009814       0x1c
 *(.binary_info.keep.*)
 .binary_info.keep.__bi_ptr22
                0x0000000010009814        0x4 CMakeFiles/test1.dir/home/igor/pico/pico-sdk/src/rp2_common/pico_standard_link/binary_info.c.obj
 .binary_info.keep.__bi_ptr30
                0x0000000010009818        0x4 CMakeFiles/test1.dir/home/igor/pico/pico-sdk/src/rp2_common/pico_standard_link/binary_info.c.obj
 .binary_info.keep.__bi_ptr38
                0x000000001000981c        0x4 CMakeFiles/test1.dir/home/igor/pico/pico-sdk/src/rp2_common/pico_standard_link/binary_info.c.obj
 .binary_info.keep.__bi_ptr44
                0x0000000010009820        0x4 CMakeFiles/test1.dir/home/igor/pico/pico-sdk/src/rp2_common/pico_standard_link/binary_info.c.obj
 .binary_info.keep.__bi_ptr50
                0x0000000010009824        0x4 CMakeFiles/test1.dir/home/igor/pico/pico-sdk/src/rp2_common/pico_standard_link/binary_info.c.obj
 .binary_info.keep.__bi_ptr75
                0x0000000010009828        0x4 CMakeFiles/test1.dir/home/igor/pico/pico-sdk/src/rp2_common/pico_standard_link/binary_info.c.obj
 .binary_info.keep.__bi_ptr81
                0x000000001000982c        0x4 CMakeFiles/test1.dir/home/igor/pico/pico-sdk/src/rp2_common/pico_standard_link/binary_info.c.obj
 *(.binary_info.*)
                0x0000000010009830                __binary_info_end = .

.rel.dyn        0x0000000010009830        0x0
 .rel.iplt      0x0000000010009830        0x0 /usr/lib/gcc/arm-none-eabi/10.3.1/thumb/v6-m/nofp/crtbegin.o
                0x0000000010009830                . = ALIGN (0x4)

.ram_vector_table
                0x0000000020000000       0xc0
 *(.ram_vector_table)
 .ram_vector_table
                0x0000000020000000       0xc0 CMakeFiles/test1.dir/home/igor/pico/pico-sdk/src/rp2_common/pico_runtime/runtime.c.obj
                0x0000000020000000                ram_vector_table

.data           0x00000000200000c0      0x1ac load address 0x0000000010009830
                0x00000000200000c0                __data_start__ = .
 *(vtable)
 *(.time_critical*)
 .time_critical.mutex_try_enter_block_until
                0x00000000200000c0       0x9c CMakeFiles/test1.dir/home/igor/pico/pico-sdk/src/common/pico_sync/mutex.c.obj
                0x00000000200000c0                mutex_try_enter_block_until
 .time_critical.mutex_exit
                0x000000002000015c       0x28 CMakeFiles/test1.dir/home/igor/pico/pico-sdk/src/common/pico_sync/mutex.c.obj
                0x000000002000015c                mutex_exit
 *(.text*)
 .text          0x0000000020000184        0x4 /usr/lib/gcc/arm-none-eabi/10.3.1/thumb/v6-m/nofp/libgcc.a(_dvmd_tls.o)
                0x0000000020000184                __aeabi_ldiv0
                0x0000000020000184                __aeabi_idiv0
 .text.__stub   0x0000000020000188       0x10 linker stubs
                0x0000000020000198                . = ALIGN (0x4)
 *(.rodata*)
                0x0000000020000198                . = ALIGN (0x4)
 *(.data*)
 .data.cli_intens
                0x0000000020000198        0x4 CMakeFiles/test1.dir/cli_func.c.obj
                0x0000000020000198                cli_intens
 .data.auto_req_idx
                0x000000002000019c        0x4 CMakeFiles/test1.dir/test_mem.c.obj
 .data.display_intensity
                0x00000000200001a0        0x4 CMakeFiles/test1.dir/main.c.obj
                0x00000000200001a0                display_intensity
 .data.intensity_h
                0x00000000200001a4        0x1 CMakeFiles/test1.dir/disp_max.c.obj
 .data.striped_spin_lock_num
                0x00000000200001a5        0x1 CMakeFiles/test1.dir/home/igor/pico/pico-sdk/src/rp2_common/hardware_sync/sync.c.obj
 *fill*         0x00000000200001a6        0x2 
 .data          0x00000000200001a8       0x48 CMakeFiles/test1.dir/home/igor/pico/pico-sdk/src/rp2_common/hardware_irq/irq_handler_chain.S.obj
                0x00000000200001a8                irq_handler_chain_slots
                0x00000000200001d8                irq_handler_chain_first_slot
                0x00000000200001e2                irq_handler_chain_remove_tail
 .data.default_alarm_pool
                0x00000000200001f0       0x18 CMakeFiles/test1.dir/home/igor/pico/pico-sdk/src/common/pico_time/time.c.obj
 .data.default_alarm_pool_heap
                0x0000000020000208       0x10 CMakeFiles/test1.dir/home/igor/pico/pico-sdk/src/common/pico_time/time.c.obj
 *fill*         0x0000000020000218        0x8 
 .data.aeabi_bits_funcs
                0x0000000020000220       0x10 CMakeFiles/test1.dir/home/igor/pico/pico-sdk/src/rp2_common/pico_bit_ops/bit_ops_aeabi.S.obj
                0x0000000020000220                aeabi_bits_funcs
                0x0000000020000230                aeabi_bits_funcs_end
 .data.aeabi_mem_funcs
                0x0000000020000230       0x10 CMakeFiles/test1.dir/home/igor/pico/pico-sdk/src/rp2_common/pico_mem_ops/mem_ops_aeabi.S.obj
                0x0000000020000230                aeabi_mem_funcs
                0x0000000020000240                aeabi_mem_funcs_end
 .data.i2c0_inst
                0x0000000020000240        0x8 CMakeFiles/test1.dir/home/igor/pico/pico-sdk/src/rp2_common/hardware_i2c/i2c.c.obj
                0x0000000020000240                i2c0_inst
 .data.i2c1_inst
                0x0000000020000248        0x8 CMakeFiles/test1.dir/home/igor/pico/pico-sdk/src/rp2_common/hardware_i2c/i2c.c.obj
                0x0000000020000248                i2c1_inst
                0x0000000020000250                . = ALIGN (0x4)
 *(.after_data.*)
                0x0000000020000250                . = ALIGN (0x4)
                0x0000000020000250                PROVIDE (__mutex_array_start = .)
 *(SORT_BY_NAME(.mutex_array.*))
 *(.mutex_array)
 .mutex_array   0x0000000020000250        0x8 CMakeFiles/test1.dir/home/igor/pico/pico-sdk/src/rp2_common/pico_stdio/stdio.c.obj
                0x0000000020000258                PROVIDE (__mutex_array_end = .)
                0x0000000020000258                . = ALIGN (0x4)
                0x0000000020000258                PROVIDE (__preinit_array_start = .)
 *(SORT_BY_NAME(.preinit_array.*))
 .preinit_array.00001
                0x0000000020000258        0x4 CMakeFiles/test1.dir/home/igor/pico/pico-sdk/src/rp2_common/pico_mem_ops/mem_ops_aeabi.S.obj
 .preinit_array.00010
                0x000000002000025c        0x4 CMakeFiles/test1.dir/home/igor/pico/pico-sdk/src/rp2_common/pico_bit_ops/bit_ops_aeabi.S.obj
 .preinit_array.00020
                0x0000000020000260        0x4 CMakeFiles/test1.dir/home/igor/pico/pico-sdk/src/rp2_common/pico_double/double_aeabi.S.obj
 .preinit_array.00020
                0x0000000020000264        0x4 CMakeFiles/test1.dir/home/igor/pico/pico-sdk/src/rp2_common/pico_float/float_aeabi.S.obj
 *(.preinit_array)
                0x0000000020000268                PROVIDE (__preinit_array_end = .)
                0x0000000020000268                . = ALIGN (0x4)
                0x0000000020000268                PROVIDE (__init_array_start = .)
 *(SORT_BY_NAME(.init_array.*))
 *(.init_array)
 .init_array    0x0000000020000268        0x4 /usr/lib/gcc/arm-none-eabi/10.3.1/thumb/v6-m/nofp/crtbegin.o
                0x000000002000026c                PROVIDE (__init_array_end = .)
                0x000000002000026c                . = ALIGN (0x4)
                0x000000002000026c                PROVIDE (__fini_array_start = .)
 *(SORT_BY_NAME(.fini_array.*))
 *(.fini_array)
                0x000000002000026c                PROVIDE (__fini_array_end = .)
 *(.jcr)
                0x000000002000026c                . = ALIGN (0x4)
                0x000000002000026c                __data_end__ = .
                0x0000000010009830                __etext = LOADADDR (.data)

.tm_clone_table
                0x000000002000026c        0x0 load address 0x00000000100099dc
 .tm_clone_table
                0x000000002000026c        0x0 /usr/lib/gcc/arm-none-eabi/10.3.1/thumb/v6-m/nofp/crtbegin.o
 .tm_clone_table
                0x000000002000026c        0x0 /usr/lib/gcc/arm-none-eabi/10.3.1/thumb/v6-m/nofp/crtend.o

.igot.plt       0x000000002000026c        0x0 load address 0x00000000100099dc
 .igot.plt      0x000000002000026c        0x0 /usr/lib/gcc/arm-none-eabi/10.3.1/thumb/v6-m/nofp/crtbegin.o

.uninitialized_data
                0x000000002000026c        0x0 load address 0x00000000100099dc
                0x000000002000026c                . = ALIGN (0x4)
 *(.uninitialized_data*)

.scratch_x      0x0000000020040000        0x0 load address 0x00000000100099dc
                0x0000000020040000                __scratch_x_start__ = .
 *(.scratch_x.*)
                0x0000000020040000                . = ALIGN (0x4)
                0x0000000020040000                __scratch_x_end__ = .
                0x00000000100099dc                __scratch_x_source__ = LOADADDR (.scratch_x)

.scratch_y      0x0000000020041000        0x0 load address 0x00000000100099dc
                0x0000000020041000                __scratch_y_start__ = .
 *(.scratch_y.*)
                0x0000000020041000                . = ALIGN (0x4)
                0x0000000020041000                __scratch_y_end__ = .
                0x00000000100099dc                __scratch_y_source__ = LOADADDR (.scratch_y)

.bss            0x0000000020000270    0x1100c
                0x0000000020000270                . = ALIGN (0x4)
                0x0000000020000270                __bss_start__ = .
 *(SORT_BY_ALIGNMENT(SORT_BY_NAME(.bss*)))
 .bss.default_alarm_pool_entries
                0x0000000020000270      0x100 CMakeFiles/test1.dir/home/igor/pico/pico-sdk/src/common/pico_time/time.c.obj
 .bss.sd_table  0x0000000020000370      0x100 CMakeFiles/test1.dir/home/igor/pico/pico-sdk/src/rp2_common/pico_double/double_init_rom.c.obj
                0x0000000020000370                sd_table
 .bss.sf_table  0x0000000020000470      0x100 CMakeFiles/test1.dir/home/igor/pico/pico-sdk/src/rp2_common/pico_float/float_init_rom.c.obj
                0x0000000020000470                sf_table
 .bss           0x0000000020000570       0x1c /usr/lib/gcc/arm-none-eabi/10.3.1/thumb/v6-m/nofp/crtbegin.o
 .bss.abort_retry_idx
                0x000000002000058c        0x4 CMakeFiles/test1.dir/i2c_mem.c.obj
 .bss.act_datetime
                0x0000000020000590        0x8 CMakeFiles/test1.dir/i2c_rtc.c.obj
 .bss.act_datetime
                0x0000000020000598        0x8 CMakeFiles/test1.dir/rtc_intern.c.obj
 .bss.alarm_callbacks
                0x00000000200005a0       0x10 CMakeFiles/test1.dir/home/igor/pico/pico-sdk/src/rp2_common/hardware_timer/timer.c.obj
 .bss.bh1750_init_tout
                0x00000000200005b0        0x4 CMakeFiles/test1.dir/i2c_manager.c.obj
 .bss.bh1750_read_tout
                0x00000000200005b4        0x4 CMakeFiles/test1.dir/i2c_manager.c.obj
 .bss.bh1750_rx_raw
                0x00000000200005b8        0x2 CMakeFiles/test1.dir/i2c_bh1750.c.obj
 *fill*         0x00000000200005ba        0x2 
 .bss.bit_c     0x00000000200005bc       0x10 CMakeFiles/test1.dir/dcf77.c.obj
 .bss.bit_s     0x00000000200005cc       0x10 CMakeFiles/test1.dir/dcf77.c.obj
 .bss.ck_buff   0x00000000200005dc      0x100 CMakeFiles/test1.dir/test_mem.c.obj
 .bss.cli_display
                0x00000000200006dc        0x4 CMakeFiles/test1.dir/cli_func.c.obj
                0x00000000200006dc                cli_display
 .bss.cli_func_arr
                0x00000000200006e0      0x140 CMakeFiles/test1.dir/cli.c.obj
                0x00000000200006e0                cli_func_arr
 .bss.cli_test_val1
                0x0000000020000820        0x4 CMakeFiles/test1.dir/cli_func.c.obj
                0x0000000020000820                cli_test_val1
 .bss.cli_test_val2
                0x0000000020000824        0x4 CMakeFiles/test1.dir/cli_func.c.obj
                0x0000000020000824                cli_test_val2
 .bss.cnt_dt_valid
                0x0000000020000828        0x4 CMakeFiles/test1.dir/dcf77.c.obj
 .bss.configured_freq
                0x000000002000082c       0x28 CMakeFiles/test1.dir/home/igor/pico/pico-sdk/src/rp2_common/hardware_clocks/clocks.c.obj
 .bss.dcf_dt    0x0000000020000854       0x18 CMakeFiles/test1.dir/main.c.obj
                0x0000000020000854                dcf_dt
 .bss.default_alarm_pool_entry_ids_high
                0x000000002000086c       0x10 CMakeFiles/test1.dir/home/igor/pico/pico-sdk/src/common/pico_time/time.c.obj
 .bss.default_alarm_pool_heap_nodes
                0x000000002000087c       0x30 CMakeFiles/test1.dir/home/igor/pico/pico-sdk/src/common/pico_time/time.c.obj
 .bss.display_ustime
                0x00000000200008ac        0x4 CMakeFiles/test1.dir/main.c.obj
                0x00000000200008ac                display_ustime
 .bss.dot_buffer
                0x00000000200008b0        0x4 CMakeFiles/test1.dir/disp_max.c.obj
 .bss.drivers   0x00000000200008b4        0x4 CMakeFiles/test1.dir/home/igor/pico/pico-sdk/src/rp2_common/pico_stdio/stdio.c.obj
 .bss.dt_last   0x00000000200008b8        0x8 CMakeFiles/test1.dir/dcf77.c.obj
 .bss.filter    0x00000000200008c0        0x4 CMakeFiles/test1.dir/home/igor/pico/pico-sdk/src/rp2_common/pico_stdio/stdio.c.obj
 .bss.fin_dt    0x00000000200008c4       0x18 CMakeFiles/test1.dir/main.c.obj
                0x00000000200008c4                fin_dt
 .bss.frame_buffer
                0x00000000200008dc        0x8 CMakeFiles/test1.dir/disp_max.c.obj
 .bss.int_datetime
                0x00000000200008e4        0x8 CMakeFiles/test1.dir/rtc_intern.c.obj
 .bss.int_dt    0x00000000200008ec       0x18 CMakeFiles/test1.dir/main.c.obj
                0x00000000200008ec                int_dt
 .bss.lazy_vsnprintf
                0x0000000020000904        0x4 CMakeFiles/test1.dir/home/igor/pico/pico-sdk/src/rp2_common/pico_printf/printf.c.obj
 .bss.load_value
                0x0000000020000908        0x4 CMakeFiles/test1.dir/home/igor/pico/pico-sdk/src/rp2_common/hardware_watchdog/watchdog.c.obj
 .bss.ms1_ustime
                0x000000002000090c        0x4 CMakeFiles/test1.dir/i2c_manager.c.obj
 .bss.page_sw_ustime
                0x0000000020000910        0x4 CMakeFiles/test1.dir/disp_max.c.obj
 .bss.pools     0x0000000020000914       0x10 CMakeFiles/test1.dir/home/igor/pico/pico-sdk/src/common/pico_time/time.c.obj
 .bss.pulse     0x0000000020000924       0x10 CMakeFiles/test1.dir/dcf77.c.obj
 .bss.q_bad_cnt
                0x0000000020000934        0x4 CMakeFiles/test1.dir/dcf77.c.obj
 .bss.q_filter  0x0000000020000938       0x10 CMakeFiles/test1.dir/dcf77.c.obj
 .bss.q_filter_buff
                0x0000000020000948       0x28 CMakeFiles/test1.dir/dcf77.c.obj
 .bss.q_good_cnt
                0x0000000020000970        0x4 CMakeFiles/test1.dir/dcf77.c.obj
 .bss.q_quality
                0x0000000020000974        0x4 CMakeFiles/test1.dir/dcf77.c.obj
 .bss.q_time    0x0000000020000978        0x4 CMakeFiles/test1.dir/dcf77.c.obj
 .bss.rd_buff   0x000000002000097c      0x100 CMakeFiles/test1.dir/i2c_drv.c.obj
 .bss.rd_buff   0x0000000020000a7c      0x100 CMakeFiles/test1.dir/test_mem.c.obj
 .bss.rd_cnt    0x0000000020000b7c        0x4 CMakeFiles/test1.dir/i2c_drv.c.obj
 .bss.rd_dst_ptr
                0x0000000020000b80        0x4 CMakeFiles/test1.dir/i2c_mem.c.obj
 .bss.rd_idx    0x0000000020000b84        0x4 CMakeFiles/test1.dir/i2c_drv.c.obj
 .bss.rd_len    0x0000000020000b88        0x4 CMakeFiles/test1.dir/i2c_mem.c.obj
 .bss.rd_req_len
                0x0000000020000b8c        0x4 CMakeFiles/test1.dir/i2c_mem.c.obj
 .bss.refresh_ustime
                0x0000000020000b90        0x4 CMakeFiles/test1.dir/rtc_intern.c.obj
 .bss.req       0x0000000020000b94       0x10 CMakeFiles/test1.dir/test_mem.c.obj
 .bss.req_exe   0x0000000020000ba4        0xc CMakeFiles/test1.dir/i2c_manager.c.obj
 .bss.req_new   0x0000000020000bb0        0xc CMakeFiles/test1.dir/i2c_manager.c.obj
 .bss.rtc_dt    0x0000000020000bbc        0x8 CMakeFiles/test1.dir/i2c_manager.c.obj
 .bss.rtc_dt    0x0000000020000bc4       0x18 CMakeFiles/test1.dir/main.c.obj
                0x0000000020000bc4                rtc_dt
 .bss.rtc_poll_tout
                0x0000000020000bdc        0x4 CMakeFiles/test1.dir/i2c_manager.c.obj
 .bss.rtc_rx_raw
                0x0000000020000be0       0x11 CMakeFiles/test1.dir/i2c_rtc.c.obj
 *fill*         0x0000000020000bf1        0x3 
 .bss.rtc_tx_raw
                0x0000000020000bf4       0x12 CMakeFiles/test1.dir/i2c_rtc.c.obj
 *fill*         0x0000000020000c06        0x2 
 .bss.rw        0x0000000020000c08       0x18 CMakeFiles/test1.dir/test_mem.c.obj
 .bss.rx_args   0x0000000020000c20       0x18 CMakeFiles/test1.dir/cli.c.obj
 .bss.rx_bits_len
                0x0000000020000c38       0xf0 CMakeFiles/test1.dir/dcf77.c.obj
 .bss.rx_bits_val
                0x0000000020000d28       0x3c CMakeFiles/test1.dir/dcf77.c.obj
 .bss.rx_buff   0x0000000020000d64       0x80 CMakeFiles/test1.dir/cli.c.obj
 .bss.rx_buff_0
                0x0000000020000de4       0x80 CMakeFiles/test1.dir/uart_drv.c.obj
 .bss.rx_buffer
                0x0000000020000e64       0x80 CMakeFiles/test1.dir/uart_drv.c.obj
 .bss.rx_idx    0x0000000020000ee4        0x4 CMakeFiles/test1.dir/uart_drv.c.obj
 .bss.rx_len    0x0000000020000ee8        0x4 CMakeFiles/test1.dir/uart_drv.c.obj
 .bss.rx_words  0x0000000020000eec       0xc0 CMakeFiles/test1.dir/cli.c.obj
 .bss.sf_clz_func
                0x0000000020000fac        0x4 CMakeFiles/test1.dir/home/igor/pico/pico-sdk/src/rp2_common/pico_double/double_init_rom.c.obj
                0x0000000020000fac                sf_clz_func
 .bss.sleep_notifier
                0x0000000020000fb0        0x4 CMakeFiles/test1.dir/home/igor/pico/pico-sdk/src/common/pico_time/time.c.obj
 .bss.spi_drv_rx_len
                0x0000000020000fb4        0x4 CMakeFiles/test1.dir/spi_drv.c.obj
                0x0000000020000fb4                spi_drv_rx_len
 .bss.spi_drv_tx_buf
                0x0000000020000fb8       0x10 CMakeFiles/test1.dir/spi_drv.c.obj
                0x0000000020000fb8                spi_drv_tx_buf
 .bss.spi_drv_tx_idx
                0x0000000020000fc8        0x4 CMakeFiles/test1.dir/spi_drv.c.obj
                0x0000000020000fc8                spi_drv_tx_idx
 .bss.spi_drv_tx_len
                0x0000000020000fcc        0x4 CMakeFiles/test1.dir/spi_drv.c.obj
                0x0000000020000fcc                spi_drv_tx_len
 .bss.sync_time
                0x0000000020000fd0        0x4 CMakeFiles/test1.dir/dcf77.c.obj
 .bss.sys_s_time
                0x0000000020000fd4        0x4 CMakeFiles/test1.dir/main.c.obj
                0x0000000020000fd4                sys_s_time
 .bss.sys_ustime
                0x0000000020000fd8        0x4 CMakeFiles/test1.dir/main.c.obj
                0x0000000020000fd8                sys_ustime
 .bss.sys_ustime_old
                0x0000000020000fdc        0x4 CMakeFiles/test1.dir/disp_max.c.obj
 .bss.target_hi
                0x0000000020000fe0       0x10 CMakeFiles/test1.dir/home/igor/pico/pico-sdk/src/rp2_common/hardware_timer/timer.c.obj
 .bss.tx_abort_src
                0x0000000020000ff0        0x4 CMakeFiles/test1.dir/i2c_drv.c.obj
 .bss.tx_all    0x0000000020000ff4        0x4 CMakeFiles/test1.dir/i2c_drv.c.obj
 .bss.tx_buffer
                0x0000000020000ff8    0x10000 CMakeFiles/test1.dir/uart_drv.c.obj
 .bss.tx_cnt    0x0000000020010ff8        0x4 CMakeFiles/test1.dir/disp_max.c.obj
 .bss.tx_data   0x0000000020010ffc       0x10 CMakeFiles/test1.dir/disp_max.c.obj
 .bss.tx_idx    0x000000002001100c        0x4 CMakeFiles/test1.dir/i2c_drv.c.obj
 .bss.tx_idx    0x0000000020011010        0x4 CMakeFiles/test1.dir/disp_max.c.obj
 .bss.tx_rd_idx
                0x0000000020011014        0x4 CMakeFiles/test1.dir/uart_drv.c.obj
 .bss.tx_wr_idx
                0x0000000020011018        0x4 CMakeFiles/test1.dir/uart_drv.c.obj
 .bss.uart_char_to_line_feed
                0x000000002001101c        0x4 CMakeFiles/test1.dir/home/igor/pico/pico-sdk/src/rp2_common/hardware_uart/uart.c.obj
                0x000000002001101c                uart_char_to_line_feed
 .bss.us_s_time_diff
                0x0000000020011020        0x4 CMakeFiles/test1.dir/main.c.obj
                0x0000000020011020                us_s_time_diff
 .bss.utime_func
                0x0000000020011024        0x4 CMakeFiles/test1.dir/i2c_drv.c.obj
 .bss.utime_start
                0x0000000020011028        0x4 CMakeFiles/test1.dir/i2c_drv.c.obj
 .bss.utime_txall
                0x000000002001102c        0x4 CMakeFiles/test1.dir/i2c_drv.c.obj
 .bss.wr_buff   0x0000000020011030      0x100 CMakeFiles/test1.dir/i2c_drv.c.obj
 .bss.wr_buff   0x0000000020011130      0x100 CMakeFiles/test1.dir/test_mem.c.obj
 .bss.wr_cnt    0x0000000020011230        0x4 CMakeFiles/test1.dir/i2c_drv.c.obj
 .bss.wr_len    0x0000000020011234        0x4 CMakeFiles/test1.dir/i2c_mem.c.obj
 .bss.wr_page   0x0000000020011238       0x22 CMakeFiles/test1.dir/i2c_mem.c.obj
 *fill*         0x000000002001125a        0x2 
 .bss.wr_req_len
                0x000000002001125c        0x4 CMakeFiles/test1.dir/i2c_mem.c.obj
 .bss.wr_src_ptr
                0x0000000020011260        0x4 CMakeFiles/test1.dir/i2c_mem.c.obj
 .bss.bh1750_rx_val
                0x0000000020011264        0x2 CMakeFiles/test1.dir/i2c_bh1750.c.obj
 .bss.rd_src_addr
                0x0000000020011266        0x2 CMakeFiles/test1.dir/i2c_mem.c.obj
 .bss.wr_dst_addr
                0x0000000020011268        0x2 CMakeFiles/test1.dir/i2c_mem.c.obj
 .bss.bh1750_init_flag
                0x000000002001126a        0x1 CMakeFiles/test1.dir/i2c_manager.c.obj
 .bss.claimed   0x000000002001126b        0x1 CMakeFiles/test1.dir/home/igor/pico/pico-sdk/src/rp2_common/hardware_timer/timer.c.obj
 .bss.dt_last_valid
                0x000000002001126c        0x1 CMakeFiles/test1.dir/dcf77.c.obj
 .bss.i2c_err   0x000000002001126d        0x1 CMakeFiles/test1.dir/test_mem.c.obj
 .bss.irq_hander_chain_free_slot_head
                0x000000002001126e        0x1 CMakeFiles/test1.dir/home/igor/pico/pico-sdk/src/rp2_common/hardware_irq/irq.c.obj
 .bss.page_disp_2nd
                0x000000002001126f        0x1 CMakeFiles/test1.dir/disp_max.c.obj
 .bss.pin_old   0x0000000020011270        0x1 CMakeFiles/test1.dir/dcf77.c.obj
 .bss.send_semaphore
                0x0000000020011271        0x1 CMakeFiles/test1.dir/uart_drv.c.obj
 .bss.spi_drv_busy_flag
                0x0000000020011272        0x1 CMakeFiles/test1.dir/spi_drv.c.obj
                0x0000000020011272                spi_drv_busy_flag
 .bss.state     0x0000000020011273        0x1 CMakeFiles/test1.dir/i2c_drv.c.obj
 .bss.state     0x0000000020011274        0x1 CMakeFiles/test1.dir/test_mem.c.obj
 .bss.state_int
                0x0000000020011275        0x1 CMakeFiles/test1.dir/i2c_drv.c.obj
 .bss.sync_detected
                0x0000000020011276        0x1 CMakeFiles/test1.dir/dcf77.c.obj
 .bss.sync_valid
                0x0000000020011277        0x1 CMakeFiles/test1.dir/dcf77.c.obj
 .bss.timer_callbacks_pending
                0x0000000020011278        0x1 CMakeFiles/test1.dir/home/igor/pico/pico-sdk/src/rp2_common/hardware_timer/timer.c.obj
 .bss.updated_val
                0x0000000020011279        0x1 CMakeFiles/test1.dir/i2c_manager.c.obj
 *(COMMON)
                0x000000002001127c                . = ALIGN (0x4)
 *fill*         0x000000002001127a        0x2 
                0x000000002001127c                __bss_end__ = .

.heap           0x000000002001127c      0x800
                0x000000002001127c                __end__ = .
                0x000000002001127c                end = __end__
 *(.heap*)
 .heap          0x000000002001127c      0x800 CMakeFiles/test1.dir/home/igor/pico/pico-sdk/src/rp2_common/pico_standard_link/crt0.S.obj
                0x0000000020011a7c                __HeapLimit = .

.stack1_dummy   0x0000000020040000        0x0
 *(.stack1*)

.stack_dummy    0x0000000020041000      0x800
 *(.stack*)
 .stack         0x0000000020041000      0x800 CMakeFiles/test1.dir/home/igor/pico/pico-sdk/src/rp2_common/pico_standard_link/crt0.S.obj

.flash_end      0x00000000100099dc        0x0
                0x00000000100099dc                PROVIDE (__flash_binary_end = .)
                0x0000000020040000                __StackLimit = (ORIGIN (RAM) + LENGTH (RAM))
                0x0000000020041000                __StackOneTop = (ORIGIN (SCRATCH_X) + LENGTH (SCRATCH_X))
                0x0000000020042000                __StackTop = (ORIGIN (SCRATCH_Y) + LENGTH (SCRATCH_Y))
                0x0000000020041000                __StackOneBottom = (__StackOneTop - SIZEOF (.stack1_dummy))
                0x0000000020041800                __StackBottom = (__StackTop - SIZEOF (.stack_dummy))
                0x0000000020042000                PROVIDE (__stack = __StackTop)
                0x0000000000000001                ASSERT ((__StackLimit >= __HeapLimit), region RAM overflowed)
                0x0000000000000001                ASSERT (((__binary_info_header_end - __logical_binary_start) <= 0x100), Binary info must be in first 256 bytes of the binary)
LOAD CMakeFiles/test1.dir/ustime.c.obj
LOAD CMakeFiles/test1.dir/utils.c.obj
LOAD CMakeFiles/test1.dir/gpio_drv.c.obj
LOAD CMakeFiles/test1.dir/uart_drv.c.obj
LOAD CMakeFiles/test1.dir/in_out.c.obj
LOAD CMakeFiles/test1.dir/cli.c.obj
LOAD CMakeFiles/test1.dir/cli_func.c.obj
LOAD CMakeFiles/test1.dir/spi_drv.c.obj
LOAD CMakeFiles/test1.dir/i2c_drv.c.obj
LOAD CMakeFiles/test1.dir/i2c_mem.c.obj
LOAD CMakeFiles/test1.dir/test_mem.c.obj
LOAD CMakeFiles/test1.dir/datetime_utils.c.obj
LOAD CMakeFiles/test1.dir/i2c_rtc.c.obj
LOAD CMakeFiles/test1.dir/i2c_bh1750.c.obj
LOAD CMakeFiles/test1.dir/i2c_manager.c.obj
LOAD CMakeFiles/test1.dir/dcf77.c.obj
LOAD CMakeFiles/test1.dir/rtc_intern.c.obj
LOAD CMakeFiles/test1.dir/main.c.obj
LOAD CMakeFiles/test1.dir/disp_max.c.obj
LOAD CMakeFiles/test1.dir/home/igor/pico/pico-sdk/src/rp2_common/pico_stdlib/stdlib.c.obj
LOAD CMakeFiles/test1.dir/home/igor/pico/pico-sdk/src/rp2_common/hardware_gpio/gpio.c.obj
LOAD CMakeFiles/test1.dir/home/igor/pico/pico-sdk/src/rp2_common/pico_platform/platform.c.obj
LOAD CMakeFiles/test1.dir/home/igor/pico/pico-sdk/src/rp2_common/hardware_claim/claim.c.obj
LOAD CMakeFiles/test1.dir/home/igor/pico/pico-sdk/src/rp2_common/hardware_sync/sync.c.obj
LOAD CMakeFiles/test1.dir/home/igor/pico/pico-sdk/src/rp2_common/hardware_irq/irq.c.obj
LOAD CMakeFiles/test1.dir/home/igor/pico/pico-sdk/src/rp2_common/hardware_irq/irq_handler_chain.S.obj
LOAD CMakeFiles/test1.dir/home/igor/pico/pico-sdk/src/common/pico_sync/sem.c.obj
LOAD CMakeFiles/test1.dir/home/igor/pico/pico-sdk/src/common/pico_sync/lock_core.c.obj
LOAD CMakeFiles/test1.dir/home/igor/pico/pico-sdk/src/common/pico_sync/mutex.c.obj
LOAD CMakeFiles/test1.dir/home/igor/pico/pico-sdk/src/common/pico_sync/critical_section.c.obj
LOAD CMakeFiles/test1.dir/home/igor/pico/pico-sdk/src/common/pico_time/time.c.obj
LOAD CMakeFiles/test1.dir/home/igor/pico/pico-sdk/src/common/pico_time/timeout_helper.c.obj
LOAD CMakeFiles/test1.dir/home/igor/pico/pico-sdk/src/rp2_common/hardware_timer/timer.c.obj
LOAD CMakeFiles/test1.dir/home/igor/pico/pico-sdk/src/common/pico_util/datetime.c.obj
LOAD CMakeFiles/test1.dir/home/igor/pico/pico-sdk/src/common/pico_util/pheap.c.obj
LOAD CMakeFiles/test1.dir/home/igor/pico/pico-sdk/src/common/pico_util/queue.c.obj
LOAD CMakeFiles/test1.dir/home/igor/pico/pico-sdk/src/rp2_common/hardware_uart/uart.c.obj
LOAD CMakeFiles/test1.dir/home/igor/pico/pico-sdk/src/rp2_common/hardware_clocks/clocks.c.obj
LOAD CMakeFiles/test1.dir/home/igor/pico/pico-sdk/src/rp2_common/hardware_pll/pll.c.obj
LOAD CMakeFiles/test1.dir/home/igor/pico/pico-sdk/src/rp2_common/hardware_vreg/vreg.c.obj
LOAD CMakeFiles/test1.dir/home/igor/pico/pico-sdk/src/rp2_common/hardware_watchdog/watchdog.c.obj
LOAD CMakeFiles/test1.dir/home/igor/pico/pico-sdk/src/rp2_common/hardware_xosc/xosc.c.obj
LOAD CMakeFiles/test1.dir/home/igor/pico/pico-sdk/src/rp2_common/hardware_divider/divider.S.obj
LOAD CMakeFiles/test1.dir/home/igor/pico/pico-sdk/src/rp2_common/pico_runtime/runtime.c.obj
LOAD CMakeFiles/test1.dir/home/igor/pico/pico-sdk/src/rp2_common/pico_printf/printf.c.obj
LOAD CMakeFiles/test1.dir/home/igor/pico/pico-sdk/src/rp2_common/pico_bit_ops/bit_ops_aeabi.S.obj
LOAD CMakeFiles/test1.dir/home/igor/pico/pico-sdk/src/rp2_common/pico_bootrom/bootrom.c.obj
LOAD CMakeFiles/test1.dir/home/igor/pico/pico-sdk/src/rp2_common/pico_divider/divider.S.obj
LOAD CMakeFiles/test1.dir/home/igor/pico/pico-sdk/src/rp2_common/pico_double/double_aeabi.S.obj
LOAD CMakeFiles/test1.dir/home/igor/pico/pico-sdk/src/rp2_common/pico_double/double_init_rom.c.obj
LOAD CMakeFiles/test1.dir/home/igor/pico/pico-sdk/src/rp2_common/pico_double/double_math.c.obj
LOAD CMakeFiles/test1.dir/home/igor/pico/pico-sdk/src/rp2_common/pico_double/double_v1_rom_shim.S.obj
LOAD CMakeFiles/test1.dir/home/igor/pico/pico-sdk/src/rp2_common/pico_int64_ops/pico_int64_ops_aeabi.S.obj
LOAD CMakeFiles/test1.dir/home/igor/pico/pico-sdk/src/rp2_common/pico_float/float_aeabi.S.obj
LOAD CMakeFiles/test1.dir/home/igor/pico/pico-sdk/src/rp2_common/pico_float/float_init_rom.c.obj
LOAD CMakeFiles/test1.dir/home/igor/pico/pico-sdk/src/rp2_common/pico_float/float_math.c.obj
LOAD CMakeFiles/test1.dir/home/igor/pico/pico-sdk/src/rp2_common/pico_float/float_v1_rom_shim.S.obj
LOAD CMakeFiles/test1.dir/home/igor/pico/pico-sdk/src/rp2_common/pico_malloc/pico_malloc.c.obj
LOAD CMakeFiles/test1.dir/home/igor/pico/pico-sdk/src/rp2_common/pico_mem_ops/mem_ops_aeabi.S.obj
LOAD CMakeFiles/test1.dir/home/igor/pico/pico-sdk/src/rp2_common/pico_standard_link/crt0.S.obj
LOAD CMakeFiles/test1.dir/home/igor/pico/pico-sdk/src/rp2_common/pico_standard_link/new_delete.cpp.obj
LOAD CMakeFiles/test1.dir/home/igor/pico/pico-sdk/src/rp2_common/pico_standard_link/binary_info.c.obj
LOAD CMakeFiles/test1.dir/home/igor/pico/pico-sdk/src/rp2_common/pico_stdio/stdio.c.obj
LOAD CMakeFiles/test1.dir/home/igor/pico/pico-sdk/src/rp2_common/pico_stdio_uart/stdio_uart.c.obj
LOAD CMakeFiles/test1.dir/home/igor/pico/pico-sdk/src/rp2_common/hardware_spi/spi.c.obj
LOAD CMakeFiles/test1.dir/home/igor/pico/pico-sdk/src/rp2_common/hardware_i2c/i2c.c.obj
LOAD CMakeFiles/test1.dir/home/igor/pico/pico-sdk/src/rp2_common/hardware_rtc/rtc.c.obj
LOAD /tmp/ccApPCVP.o
LOAD /usr/lib/gcc/arm-none-eabi/10.3.1/../../../arm-none-eabi/lib/thumb/v6-m/nofp/libstdc++.a
LOAD /usr/lib/gcc/arm-none-eabi/10.3.1/../../../arm-none-eabi/lib/thumb/v6-m/nofp/libm.a
START GROUP
LOAD /usr/lib/gcc/arm-none-eabi/10.3.1/thumb/v6-m/nofp/libgcc.a
LOAD /usr/lib/gcc/arm-none-eabi/10.3.1/../../../arm-none-eabi/lib/thumb/v6-m/nofp/libc.a
END GROUP
START GROUP
LOAD /usr/lib/gcc/arm-none-eabi/10.3.1/thumb/v6-m/nofp/libgcc.a
LOAD /usr/lib/gcc/arm-none-eabi/10.3.1/../../../arm-none-eabi/lib/thumb/v6-m/nofp/libc.a
LOAD /usr/lib/gcc/arm-none-eabi/10.3.1/../../../arm-none-eabi/lib/thumb/v6-m/nofp/libnosys.a
END GROUP
LOAD /usr/lib/gcc/arm-none-eabi/10.3.1/thumb/v6-m/nofp/crtend.o
LOAD /usr/lib/gcc/arm-none-eabi/10.3.1/thumb/v6-m/nofp/crtn.o
OUTPUT(test1.elf elf32-littlearm)
LOAD linker stubs

.ARM.attributes
                0x0000000000000000       0x28
 .ARM.attributes
                0x0000000000000000       0x1e /usr/lib/gcc/arm-none-eabi/10.3.1/thumb/v6-m/nofp/crti.o
 .ARM.attributes
                0x000000000000001e       0x2c /usr/lib/gcc/arm-none-eabi/10.3.1/thumb/v6-m/nofp/crtbegin.o
 .ARM.attributes
                0x000000000000004a       0x2c CMakeFiles/test1.dir/ustime.c.obj
 .ARM.attributes
                0x0000000000000076       0x2c CMakeFiles/test1.dir/utils.c.obj
 .ARM.attributes
                0x00000000000000a2       0x2c CMakeFiles/test1.dir/gpio_drv.c.obj
 .ARM.attributes
                0x00000000000000ce       0x2c CMakeFiles/test1.dir/uart_drv.c.obj
 .ARM.attributes
                0x00000000000000fa       0x2c CMakeFiles/test1.dir/in_out.c.obj
 .ARM.attributes
                0x0000000000000126       0x2c CMakeFiles/test1.dir/cli.c.obj
 .ARM.attributes
                0x0000000000000152       0x2c CMakeFiles/test1.dir/cli_func.c.obj
 .ARM.attributes
                0x000000000000017e       0x2c CMakeFiles/test1.dir/spi_drv.c.obj
 .ARM.attributes
                0x00000000000001aa       0x2c CMakeFiles/test1.dir/i2c_drv.c.obj
 .ARM.attributes
                0x00000000000001d6       0x2c CMakeFiles/test1.dir/i2c_mem.c.obj
 .ARM.attributes
                0x0000000000000202       0x2c CMakeFiles/test1.dir/test_mem.c.obj
 .ARM.attributes
                0x000000000000022e       0x2c CMakeFiles/test1.dir/datetime_utils.c.obj
 .ARM.attributes
                0x000000000000025a       0x2c CMakeFiles/test1.dir/i2c_rtc.c.obj
 .ARM.attributes
                0x0000000000000286       0x2c CMakeFiles/test1.dir/i2c_bh1750.c.obj
 .ARM.attributes
                0x00000000000002b2       0x2c CMakeFiles/test1.dir/i2c_manager.c.obj
 .ARM.attributes
                0x00000000000002de       0x2c CMakeFiles/test1.dir/dcf77.c.obj
 .ARM.attributes
                0x000000000000030a       0x2c CMakeFiles/test1.dir/rtc_intern.c.obj
 .ARM.attributes
                0x0000000000000336       0x2c CMakeFiles/test1.dir/main.c.obj
 .ARM.attributes
                0x0000000000000362       0x2c CMakeFiles/test1.dir/disp_max.c.obj
 .ARM.attributes
                0x000000000000038e       0x2c CMakeFiles/test1.dir/home/igor/pico/pico-sdk/src/rp2_common/hardware_gpio/gpio.c.obj
 .ARM.attributes
                0x00000000000003ba       0x2c CMakeFiles/test1.dir/home/igor/pico/pico-sdk/src/rp2_common/pico_platform/platform.c.obj
 .ARM.attributes
                0x00000000000003e6       0x2c CMakeFiles/test1.dir/home/igor/pico/pico-sdk/src/rp2_common/hardware_claim/claim.c.obj
 .ARM.attributes
                0x0000000000000412       0x2c CMakeFiles/test1.dir/home/igor/pico/pico-sdk/src/rp2_common/hardware_sync/sync.c.obj